2026-09-17 11:08:43:843 [32minfo[39m: [32m[align-initiative-aggregate] mode=APPLY orgs=468b234c-66c4-54e1-b626-5e0fb3a92f6a,ateliertoys-demo-session-0c285cc5a2-mu3xeuxw,ateliertoys-demo-session-0c285cc5a2-mu3xexaf,ateliertoys-demo-session-0c285cc5a2-mu3xh3va,ateliertoys-demo-session-0c285cc5a2-mu3xh8z8,ateliertoys-demo-session-0c285cc5a2-mu3xpbhm,ateliertoys-demo-session-0c285cc5a2-mu3xr9ec,ateliertoys-demo-session-0c285cc5a2-mu3xv5si,ateliertoys-demo-session-0c285cc5a2-mu3y5d73,ateliertoys-demo-session-0c285cc5a2-mu4370cm,ateliertoys-demo-session-0c285cc5a2-mu43asr4,ateliertoys-demo-session-0c285cc5a2-mu43nrvv,ateliertoys-demo-session-0c285cc5a2-mu449s43,ateliertoys-demo-session-0c285cc5a2-mu449vrx,ateliertoys-demo-session-0c285cc5a2-mu449yrv,ateliertoys-demo-session-0c285cc5a2-mu44c32w,ateliertoys-demo-session-0c285cc5a2-mu44d8j9,ateliertoys-demo-session-0c285cc5a2-mu44dfhs,ateliertoys-demo-session-0c285cc5a2-mu44fwep,ateliertoys-demo-session-0c285cc5a2-mu464xnj,ateliertoys-demo-session-0c285cc5a2-mu465s69,ateliertoys-demo-session-0c285cc5a2-mu465yql,ateliertoys-demo-session-0c285cc5a2-mu4669xc,ateliertoys-demo-session-0c285cc5a2-mu466cmp,ateliertoys-demo-session-1bd9863714-mtwlpkgo,ateliertoys-demo-session-1bd9863714-mtwlpmeh,ateliertoys-demo-session-1bd9863714-mtwnck5k,ateliertoys-demo-session-1bd9863714-mtwnkkl7,ateliertoys-demo-session-1bd9863714-mtwppqyn,ateliertoys-demo-session-1bd9863714-mtwpzmaz,ateliertoys-demo-session-1bd9863714-mtwq4i12,ateliertoys-demo-session-1bd9863714-mtwq9ec7,ateliertoys-demo-session-1bd9863714-mtx5ce5c,ateliertoys-demo-session-1bd9863714-mu0e9ylv,ateliertoys-demo-session-1bd9863714-mu0p0fiu,ateliertoys-demo-session-1bd9863714-mu0poktc,ateliertoys-demo-session-1bd9863714-mu0ug50l,ateliertoys-demo-session-1bd9863714-mu18ni92,ateliertoys-demo-session-1bd9863714-mu1dva8s,ateliertoys-demo-session-1bd9863714-mu1hd5o2,ateliertoys-demo-session-1bd9863714-mu1hd83f,ateliertoys-demo-session-1bd9863714-mu1knjd0,ateliertoys-demo-session-1bd9863714-mu1knnw8,ateliertoys-demo-session-1bd9863714-mu1knpin,ateliertoys-demo-session-1bd9863714-mu1kqf1e,ateliertoys-demo-session-1bd9863714-mu1kqh6n,ateliertoys-demo-session-1bd9863714-mu1kqnsv,ateliertoys-demo-session-1bd9863714-mu1kqo21,ateliertoys-demo-session-1bd9863714-mu1psadi,ateliertoys-demo-session-1bd9863714-mu1pspbi,ateliertoys-demo-session-1bd9863714-mu1t78ee,ateliertoys-demo-session-1bd9863714-mu1t7l1b,ateliertoys-demo-session-1bd9863714-mu2dyosp,ateliertoys-demo-session-1bd9863714-mu2wly9q,ateliertoys-demo-session-1bd9863714-mu2wq0mr,ateliertoys-demo-session-1bd9863714-mu38t8q6,ateliertoys-demo-session-1bd9863714-mu3ahc26,ateliertoys-demo-session-1bd9863714-mu3ahgd8,ateliertoys-demo-session-1bd9863714-mu3b98cw,ateliertoys-demo-session-1bd9863714-mu3byi2i,ateliertoys-demo-session-1bd9863714-mu3bzy9d,ateliertoys-demo-session-1bd9863714-mu3cklov,ateliertoys-demo-session-1bd9863714-mu3crllf,ateliertoys-demo-session-1bd9863714-mu3d5xj7,ateliertoys-demo-session-1bd9863714-mu3dc9ww,ateliertoys-demo-session-1bd9863714-mu3deho4,ateliertoys-demo-session-1bd9863714-mu3dgnet,ateliertoys-demo-session-1bd9863714-mu3dx76z,ateliertoys-demo-session-1bd9863714-mu3dzgo1,ateliertoys-demo-session-1bd9863714-mu3e0u8f,ateliertoys-demo-session-1bd9863714-mu3ecn7t,ateliertoys-demo-session-1bd9863714-mu3ee80o,ateliertoys-demo-session-1bd9863714-mu3ehadp,ateliertoys-demo-session-1bd9863714-mu3ejuy5,ateliertoys-demo-session-1bd9863714-mu3em32f,ateliertoys-demo-session-1bd9863714-mu3enpin,ateliertoys-demo-session-1bd9863714-mu3eppsq,ateliertoys-demo-session-1bd9863714-mu3eug9k,ateliertoys-demo-session-1bd9863714-mu492z0i,ateliertoys-demo-session-1bd9863714-mu492zlx,ateliertoys-demo-session-1bd9863714-mu492zuf,ateliertoys-demo-session-1bd9863714-mu499qcd,ateliertoys-demo-session-1bd9863714-mu4cwpgn,ateliertoys-demo-session-1bd9863714-mu4d7l5y,ateliertoys-demo-session-1bd9863714-mu4flq5u,ateliertoys-demo-session-6088705637-mu230gg0,ateliertoys-demo-session-6088705637-mu24icbi,ateliertoys-demo-session-6088705637-mu28d0iq,ateliertoys-demo-session-6088705637-mu28d6ze,ateliertoys-demo-session-aa614b34bf-mu3rq5wb,ateliertoys-demo-session-aa614b34bf-mu3rq8qn,ateliertoys-demo-session-aa614b34bf-mu3s1sfi,ateliertoys-demo-session-aa614b34bf-mu3s3ujy,ateliertoys-demo-session-aa614b34bf-mu3s8bru,ateliertoys-demo-session-aa614b34bf-mu3s9uap,ateliertoys-demo-session-aa614b34bf-mu3s9x3q,ateliertoys-demo-session-aa614b34bf-mu3s9z6x,ateliertoys-demo-session-aa614b34bf-mu3sa2mk,ateliertoys-demo-session-aa614b34bf-mu3txrvj,ateliertoys-demo-session-aa614b34bf-mu3v4gn8,ateliertoys-demo-session-aa614b34bf-mu3v7wxy,ateliertoys-demo-session-aa614b34bf-mu3vqbvb,ateliertoys-demo-session-aa614b34bf-mu3wub9f,ateliertoys-demo-session-aa614b34bf-mu3wvght,ateliertoys-demo-session-aa614b34bf-mu3wzhbc,ateliertoys-demo-session-aa614b34bf-mu3x153r,ateliertoys-demo-session-aa614b34bf-mu3xghb9,ateliertoys-demo-session-aa614b34bf-mu3xhxi8,ateliertoys-demo-session-aa614b34bf-mu3xvfxp,ateliertoys-demo-session-aa614b34bf-mu3xwzto,ateliertoys-demo-session-aa614b34bf-mu3xzrav,ateliertoys-demo-session-aa614b34bf-mu3y30jo,ateliertoys-demo-session-aa614b34bf-mu3zjkow,ateliertoys-demo-session-aa614b34bf-mu458mip,ateliertoys-demo-session-aa614b34bf-mu459uvn,ateliertoys-demo-session-aa614b34bf-mu45exln,ateliertoys-demo-session-aa614b34bf-mu45gg44,ateliertoys-demo-session-f786e8f37a-mtvjhmqm,ateliertoys-demo-session-f786e8f37a-mtvjloo0,ateliertoys-demo-session-f786e8f37a-mtvjmh1i,ateliertoys-demo-session-f786e8f37a-mtvjqmgn,ateliertoys-demo-session-f786e8f37a-mtvkabkg,ateliertoys-demo-session-f786e8f37a-mtvkafi5,ateliertoys-demo-session-f786e8f37a-mtvkjt3m,ateliertoys-demo-session-f786e8f37a-mtvktjm7,ateliertoys-demo-session-f786e8f37a-mtvkwf2c,ateliertoys-demo-session-f786e8f37a-mtvl9b7d,ateliertoys-demo-session-f786e8f37a-mtwkzmuk[39m
2026-09-17 11:08:44:844 [32minfo[39m: [32m[align-initiative-aggregate] DBR77 (org=a3e05d4a-5397-419d-b486-8e44366c0063) — NOT TOUCHED (not a showcase org). Divergent rows for CTO decision: 4[39m
2026-09-17 11:08:44:844 [32minfo[39m: [32m[align-initiative-aggregate]   DBR77 id=a3e05d4a-5397-419d-b486-8e44366c0063--acceptance--initiative status=IN_EXECUTION aggregate=EXECUTING[39m
2026-09-17 11:08:44:844 [32minfo[39m: [32m[align-initiative-aggregate]   DBR77 id=84baaa08-5249-42e4-a292-3921e67d29d1 status=PENDING_APPROVAL aggregate=APPROVED_BACKLOG[39m
2026-09-17 11:08:44:844 [32minfo[39m: [32m[align-initiative-aggregate]   DBR77 id=7eb944f9-c5b9-4162-8bff-23b0d620f9f3 status=PENDING_APPROVAL aggregate=APPROVED_BACKLOG[39m
2026-09-17 11:08:44:844 [32minfo[39m: [32m[align-initiative-aggregate]   DBR77 id=e3b0a66a-dc86-4730-84e0-cdffb66cbed6 status=PENDING_APPROVAL aggregate=APPROVED_BACKLOG[39m
2026-09-17 11:08:44:844 [32minfo[39m: [32m[align-initiative-aggregate] org=468b234c-66c4-54e1-b626-5e0fb3a92f6a name=Northwind Manufacturing Ltd. allowed=YES mode=APPLY :: would-align=0 already-aligned=8 short-circuit(REJECTED/PROPOSED)=0 no-stage=0 WROTE=0[39m
2026-09-17 11:08:44:844 [32minfo[39m: [32m[align-initiative-aggregate] org=ateliertoys-demo-session-0c285cc5a2-mu3xeuxw name=Atelier Toys allowed=YES mode=APPLY :: would-align=0 already-aligned=21 short-circuit(REJECTED/PROPOSED)=1 no-stage=0 WROTE=0[39m
2026-09-17 11:08:44:844 [32minfo[39m: [32m[align-initiative-aggregate] org=ateliertoys-demo-session-0c285cc5a2-mu3xexaf name=Atelier Toys allowed=YES mode=APPLY :: would-align=0 already-aligned=21 short-circuit(REJECTED/PROPOSED)=1 no-stage=0 WROTE=0[39m
2026-09-17 11:08:44:844 [32minfo[39m: [32m[align-initiative-aggregate] org=ateliertoys-demo-session-0c285cc5a2-mu3xh3va name=Atelier Toys allowed=YES mode=APPLY :: would-align=0 already-aligned=21 short-circuit(REJECTED/PROPOSED)=1 no-stage=0 WROTE=0[39m
2026-09-17 11:08:44:844 [32minfo[39m: [32m[align-initiative-aggregate] org=ateliertoys-demo-session-0c285cc5a2-mu3xh8z8 name=Atelier Toys allowed=YES mode=APPLY :: would-align=0 already-aligned=21 short-circuit(REJECTED/PROPOSED)=1 no-stage=0 WROTE=0[39m
2026-09-17 11:08:44:844 [32minfo[39m: [32m[align-initiative-aggregate] org=ateliertoys-demo-session-0c285cc5a2-mu3xpbhm name=Atelier Toys allowed=YES mode=APPLY :: would-align=0 already-aligned=21 short-circuit(REJECTED/PROPOSED)=1 no-stage=0 WROTE=0[39m
2026-09-17 11:08:44:844 [32minfo[39m: [32m[align-initiative-aggregate] org=ateliertoys-demo-session-0c285cc5a2-mu3xr9ec name=Atelier Toys allowed=YES mode=APPLY :: would-align=0 already-aligned=21 short-circuit(REJECTED/PROPOSED)=1 no-stage=0 WROTE=0[39m
2026-09-17 11:08:44:844 [32minfo[39m: [32m[align-initiative-aggregate] org=ateliertoys-demo-session-0c285cc5a2-mu3xv5si name=Atelier Toys allowed=YES mode=APPLY :: would-align=0 already-aligned=21 short-circuit(REJECTED/PROPOSED)=1 no-stage=0 WROTE=0[39m
2026-09-17 11:08:44:844 [32minfo[39m: [32m[align-initiative-aggregate] org=ateliertoys-demo-session-0c285cc5a2-mu3y5d73 name=Atelier Toys allowed=YES mode=APPLY :: would-align=0 already-aligned=21 short-circuit(REJECTED/PROPOSED)=1 no-stage=0 WROTE=0[39m
2026-09-17 11:08:44:844 [32minfo[39m: [32m[align-initiative-aggregate] org=ateliertoys-demo-session-0c285cc5a2-mu4370cm name=Atelier Toys allowed=YES mode=APPLY :: would-align=0 already-aligned=21 short-circuit(REJECTED/PROPOSED)=1 no-stage=0 WROTE=0[39m
2026-09-17 11:08:44:844 [32minfo[39m: [32m[align-initiative-aggregate] org=ateliertoys-demo-session-0c285cc5a2-mu43asr4 name=Atelier Toys allowed=YES mode=APPLY :: would-align=0 already-aligned=21 short-circuit(REJECTED/PROPOSED)=1 no-stage=0 WROTE=0[39m
2026-09-17 11:08:44:844 [32minfo[39m: [32m[align-initiative-aggregate] org=ateliertoys-demo-session-0c285cc5a2-mu43nrvv name=Atelier Toys allowed=YES mode=APPLY :: would-align=0 already-aligned=21 short-circuit(REJECTED/PROPOSED)=1 no-stage=0 WROTE=0[39m
2026-09-17 11:08:44:844 [32minfo[39m: [32m[align-initiative-aggregate] org=ateliertoys-demo-session-0c285cc5a2-mu449s43 name=Atelier Toys allowed=YES mode=APPLY :: would-align=0 already-aligned=21 short-circuit(REJECTED/PROPOSED)=1 no-stage=0 WROTE=0[39m
2026-09-17 11:08:44:844 [32minfo[39m: [32m[align-initiative-aggregate] org=ateliertoys-demo-session-0c285cc5a2-mu449vrx name=Atelier Toys allowed=YES mode=APPLY :: would-align=0 already-aligned=21 short-circuit(REJECTED/PROPOSED)=1 no-stage=0 WROTE=0[39m
2026-09-17 11:08:44:844 [32minfo[39m: [32m[align-initiative-aggregate] org=ateliertoys-demo-session-0c285cc5a2-mu449yrv name=Atelier Toys allowed=YES mode=APPLY :: would-align=0 already-aligned=21 short-circuit(REJECTED/PROPOSED)=1 no-stage=0 WROTE=0[39m
2026-09-17 11:08:44:844 [32minfo[39m: [32m[align-initiative-aggregate] org=ateliertoys-demo-session-0c285cc5a2-mu44c32w name=Atelier Toys allowed=YES mode=APPLY :: would-align=0 already-aligned=21 short-circuit(REJECTED/PROPOSED)=1 no-stage=0 WROTE=0[39m
2026-09-17 11:08:44:844 [32minfo[39m: [32m[align-initiative-aggregate] org=ateliertoys-demo-session-0c285cc5a2-mu44d8j9 name=Atelier Toys allowed=YES mode=APPLY :: would-align=0 already-aligned=21 short-circuit(REJECTED/PROPOSED)=1 no-stage=0 WROTE=0[39m
2026-09-17 11:08:44:844 [32minfo[39m: [32m[align-initiative-aggregate] org=ateliertoys-demo-session-0c285cc5a2-mu44dfhs name=Atelier Toys allowed=YES mode=APPLY :: would-align=0 already-aligned=21 short-circuit(REJECTED/PROPOSED)=1 no-stage=0 WROTE=0[39m
2026-09-17 11:08:44:844 [32minfo[39m: [32m[align-initiative-aggregate] org=ateliertoys-demo-session-0c285cc5a2-mu44fwep name=Atelier Toys allowed=YES mode=APPLY :: would-align=0 already-aligned=21 short-circuit(REJECTED/PROPOSED)=1 no-stage=0 WROTE=0[39m
2026-09-17 11:08:44:844 [32minfo[39m: [32m[align-initiative-aggregate] org=ateliertoys-demo-session-0c285cc5a2-mu464xnj name=Atelier Toys allowed=YES mode=APPLY :: would-align=0 already-aligned=21 short-circuit(REJECTED/PROPOSED)=1 no-stage=0 WROTE=0[39m
2026-09-17 11:08:44:844 [32minfo[39m: [32m[align-initiative-aggregate] org=ateliertoys-demo-session-0c285cc5a2-mu465s69 name=Atelier Toys allowed=YES mode=APPLY :: would-align=0 already-aligned=21 short-circuit(REJECTED/PROPOSED)=1 no-stage=0 WROTE=0[39m
2026-09-17 11:08:44:844 [32minfo[39m: [32m[align-initiative-aggregate] org=ateliertoys-demo-session-0c285cc5a2-mu465yql name=Atelier Toys allowed=YES mode=APPLY :: would-align=0 already-aligned=21 short-circuit(REJECTED/PROPOSED)=1 no-stage=0 WROTE=0[39m
2026-09-17 11:08:44:844 [32minfo[39m: [32m[align-initiative-aggregate] org=ateliertoys-demo-session-0c285cc5a2-mu4669xc name=Atelier Toys allowed=YES mode=APPLY :: would-align=0 already-aligned=21 short-circuit(REJECTED/PROPOSED)=1 no-stage=0 WROTE=0[39m
2026-09-17 11:08:44:844 [32minfo[39m: [32m[align-initiative-aggregate] org=ateliertoys-demo-session-0c285cc5a2-mu466cmp name=Atelier Toys allowed=YES mode=APPLY :: would-align=0 already-aligned=21 short-circuit(REJECTED/PROPOSED)=1 no-stage=0 WROTE=0[39m
2026-09-17 11:08:44:844 [32minfo[39m: [32m[align-initiative-aggregate] org=ateliertoys-demo-session-1bd9863714-mtwlpkgo name=Atelier Toys allowed=YES mode=APPLY :: would-align=0 already-aligned=0 short-circuit(REJECTED/PROPOSED)=0 no-stage=0 WROTE=0[39m
2026-09-17 11:08:44:844 [32minfo[39m: [32m[align-initiative-aggregate] org=ateliertoys-demo-session-1bd9863714-mtwlpmeh name=Atelier Toys allowed=YES mode=APPLY :: would-align=0 already-aligned=0 short-circuit(REJECTED/PROPOSED)=0 no-stage=0 WROTE=0[39m
2026-09-17 11:08:44:844 [32minfo[39m: [32m[align-initiative-aggregate] org=ateliertoys-demo-session-1bd9863714-mtwnck5k name=Atelier Toys allowed=YES mode=APPLY :: would-align=0 already-aligned=0 short-circuit(REJECTED/PROPOSED)=0 no-stage=0 WROTE=0[39m
2026-09-17 11:08:44:844 [32minfo[39m: [32m[align-initiative-aggregate] org=ateliertoys-demo-session-1bd9863714-mtwnkkl7 name=Atelier Toys allowed=YES mode=APPLY :: would-align=0 already-aligned=0 short-circuit(REJECTED/PROPOSED)=0 no-stage=0 WROTE=0[39m
2026-09-17 11:08:44:844 [32minfo[39m: [32m[align-initiative-aggregate] org=ateliertoys-demo-session-1bd9863714-mtwppqyn name=Atelier Toys allowed=YES mode=APPLY :: would-align=0 already-aligned=0 short-circuit(REJECTED/PROPOSED)=0 no-stage=0 WROTE=0[39m
2026-09-17 11:08:44:844 [32minfo[39m: [32m[align-initiative-aggregate] org=ateliertoys-demo-session-1bd9863714-mtwpzmaz name=Atelier Toys allowed=YES mode=APPLY :: would-align=0 already-aligned=0 short-circuit(REJECTED/PROPOSED)=0 no-stage=0 WROTE=0[39m
2026-09-17 11:08:44:844 [32minfo[39m: [32m[align-initiative-aggregate] org=ateliertoys-demo-session-1bd9863714-mtwq4i12 name=Atelier Toys allowed=YES mode=APPLY :: would-align=0 already-aligned=0 short-circuit(REJECTED/PROPOSED)=0 no-stage=0 WROTE=0[39m
2026-09-17 11:08:44:844 [32minfo[39m: [32m[align-initiative-aggregate] org=ateliertoys-demo-session-1bd9863714-mtwq9ec7 name=Atelier Toys allowed=YES mode=APPLY :: would-align=0 already-aligned=0 short-circuit(REJECTED/PROPOSED)=0 no-stage=0 WROTE=0[39m
2026-09-17 11:08:44:844 [32minfo[39m: [32m[align-initiative-aggregate] org=ateliertoys-demo-session-1bd9863714-mtx5ce5c name=Atelier Toys allowed=YES mode=APPLY :: would-align=0 already-aligned=0 short-circuit(REJECTED/PROPOSED)=0 no-stage=0 WROTE=0[39m
2026-09-17 11:08:44:844 [32minfo[39m: [32m[align-initiative-aggregate] org=ateliertoys-demo-session-1bd9863714-mu0e9ylv name=Atelier Toys allowed=YES mode=APPLY :: would-align=0 already-aligned=21 short-circuit(REJECTED/PROPOSED)=1 no-stage=0 WROTE=0[39m
2026-09-17 11:08:44:844 [32minfo[39m: [32m[align-initiative-aggregate] org=ateliertoys-demo-session-1bd9863714-mu0p0fiu name=Atelier Toys allowed=YES mode=APPLY :: would-align=0 already-aligned=21 short-circuit(REJECTED/PROPOSED)=1 no-stage=0 WROTE=0[39m
2026-09-17 11:08:44:844 [32minfo[39m: [32m[align-initiative-aggregate] org=ateliertoys-demo-session-1bd9863714-mu0poktc name=Atelier Toys allowed=YES mode=APPLY :: would-align=0 already-aligned=21 short-circuit(REJECTED/PROPOSED)=1 no-stage=0 WROTE=0[39m
2026-09-17 11:08:44:844 [32minfo[39m: [32m[align-initiative-aggregate] org=ateliertoys-demo-session-1bd9863714-mu0ug50l name=Atelier Toys allowed=YES mode=APPLY :: would-align=0 already-aligned=21 short-circuit(REJECTED/PROPOSED)=1 no-stage=0 WROTE=0[39m
2026-09-17 11:08:44:844 [32minfo[39m: [32m[align-initiative-aggregate] org=ateliertoys-demo-session-1bd9863714-mu18ni92 name=Atelier Toys allowed=YES mode=APPLY :: would-align=0 already-aligned=21 short-circuit(REJECTED/PROPOSED)=1 no-stage=0 WROTE=0[39m
2026-09-17 11:08:44:844 [32minfo[39m: [32m[align-initiative-aggregate] org=ateliertoys-demo-session-1bd9863714-mu1dva8s name=Atelier Toys allowed=YES mode=APPLY :: would-align=0 already-aligned=21 short-circuit(REJECTED/PROPOSED)=1 no-stage=0 WROTE=0[39m
2026-09-17 11:08:44:844 [32minfo[39m: [32m[align-initiative-aggregate] org=ateliertoys-demo-session-1bd9863714-mu1hd5o2 name=Atelier Toys allowed=YES mode=APPLY :: would-align=0 already-aligned=21 short-circuit(REJECTED/PROPOSED)=1 no-stage=0 WROTE=0[39m
2026-09-17 11:08:44:844 [32minfo[39m: [32m[align-initiative-aggregate] org=ateliertoys-demo-session-1bd9863714-mu1hd83f name=Atelier Toys allowed=YES mode=APPLY :: would-align=0 already-aligned=21 short-circuit(REJECTED/PROPOSED)=1 no-stage=0 WROTE=0[39m
2026-09-17 11:08:44:844 [32minfo[39m: [32m[align-initiative-aggregate] org=ateliertoys-demo-session-1bd9863714-mu1knjd0 name=Atelier Toys allowed=YES mode=APPLY :: would-align=0 already-aligned=21 short-circuit(REJECTED/PROPOSED)=1 no-stage=0 WROTE=0[39m
2026-09-17 11:08:44:844 [32minfo[39m: [32m[align-initiative-aggregate] org=ateliertoys-demo-session-1bd9863714-mu1knnw8 name=Atelier Toys allowed=YES mode=APPLY :: would-align=0 already-aligned=21 short-circuit(REJECTED/PROPOSED)=1 no-stage=0 WROTE=0[39m
2026-09-17 11:08:44:844 [32minfo[39m: [32m[align-initiative-aggregate] org=ateliertoys-demo-session-1bd9863714-mu1knpin name=Atelier Toys allowed=YES mode=APPLY :: would-align=0 already-aligned=21 short-circuit(REJECTED/PROPOSED)=1 no-stage=0 WROTE=0[39m
2026-09-17 11:08:44:844 [32minfo[39m: [32m[align-initiative-aggregate] org=ateliertoys-demo-session-1bd9863714-mu1kqf1e name=Atelier Toys allowed=YES mode=APPLY :: would-align=0 already-aligned=21 short-circuit(REJECTED/PROPOSED)=1 no-stage=0 WROTE=0[39m
2026-09-17 11:08:44:844 [32minfo[39m: [32m[align-initiative-aggregate] org=ateliertoys-demo-session-1bd9863714-mu1kqh6n name=Atelier Toys allowed=YES mode=APPLY :: would-align=0 already-aligned=21 short-circuit(REJECTED/PROPOSED)=1 no-stage=0 WROTE=0[39m
2026-09-17 11:08:44:844 [32minfo[39m: [32m[align-initiative-aggregate] org=ateliertoys-demo-session-1bd9863714-mu1kqnsv name=Atelier Toys allowed=YES mode=APPLY :: would-align=0 already-aligned=21 short-circuit(REJECTED/PROPOSED)=1 no-stage=0 WROTE=0[39m
2026-09-17 11:08:44:844 [32minfo[39m: [32m[align-initiative-aggregate] org=ateliertoys-demo-session-1bd9863714-mu1kqo21 name=Atelier Toys allowed=YES mode=APPLY :: would-align=0 already-aligned=21 short-circuit(REJECTED/PROPOSED)=1 no-stage=0 WROTE=0[39m
2026-09-17 11:08:44:844 [32minfo[39m: [32m[align-initiative-aggregate] org=ateliertoys-demo-session-1bd9863714-mu1psadi name=Atelier Toys allowed=YES mode=APPLY :: would-align=0 already-aligned=21 short-circuit(REJECTED/PROPOSED)=1 no-stage=0 WROTE=0[39m
2026-09-17 11:08:44:844 [32minfo[39m: [32m[align-initiative-aggregate] org=ateliertoys-demo-session-1bd9863714-mu1pspbi name=Atelier Toys allowed=YES mode=APPLY :: would-align=0 already-aligned=21 short-circuit(REJECTED/PROPOSED)=1 no-stage=0 WROTE=0[39m
2026-09-17 11:08:44:844 [32minfo[39m: [32m[align-initiative-aggregate] org=ateliertoys-demo-session-1bd9863714-mu1t78ee name=Atelier Toys allowed=YES mode=APPLY :: would-align=0 already-aligned=21 short-circuit(REJECTED/PROPOSED)=1 no-stage=0 WROTE=0[39m
2026-09-17 11:08:44:844 [32minfo[39m: [32m[align-initiative-aggregate] org=ateliertoys-demo-session-1bd9863714-mu1t7l1b name=Atelier Toys allowed=YES mode=APPLY :: would-align=0 already-aligned=21 short-circuit(REJECTED/PROPOSED)=1 no-stage=0 WROTE=0[39m
2026-09-17 11:08:44:844 [32minfo[39m: [32m[align-initiative-aggregate] org=ateliertoys-demo-session-1bd9863714-mu2dyosp name=Atelier Toys allowed=YES mode=APPLY :: would-align=0 already-aligned=21 short-circuit(REJECTED/PROPOSED)=1 no-stage=0 WROTE=0[39m
2026-09-17 11:08:44:844 [32minfo[39m: [32m[align-initiative-aggregate] org=ateliertoys-demo-session-1bd9863714-mu2wly9q name=Atelier Toys allowed=YES mode=APPLY :: would-align=0 already-aligned=21 short-circuit(REJECTED/PROPOSED)=1 no-stage=0 WROTE=0[39m
2026-09-17 11:08:44:844 [32minfo[39m: [32m[align-initiative-aggregate] org=ateliertoys-demo-session-1bd9863714-mu2wq0mr name=Atelier Toys allowed=YES mode=APPLY :: would-align=0 already-aligned=21 short-circuit(REJECTED/PROPOSED)=1 no-stage=0 WROTE=0[39m
2026-09-17 11:08:44:844 [32minfo[39m: [32m[align-initiative-aggregate] org=ateliertoys-demo-session-1bd9863714-mu38t8q6 name=Atelier Toys allowed=YES mode=APPLY :: would-align=0 already-aligned=21 short-circuit(REJECTED/PROPOSED)=1 no-stage=0 WROTE=0[39m
2026-09-17 11:08:44:844 [32minfo[39m: [32m[align-initiative-aggregate] org=ateliertoys-demo-session-1bd9863714-mu3ahc26 name=Atelier Toys allowed=YES mode=APPLY :: would-align=0 already-aligned=21 short-circuit(REJECTED/PROPOSED)=1 no-stage=0 WROTE=0[39m
2026-09-17 11:08:44:844 [32minfo[39m: [32m[align-initiative-aggregate] org=ateliertoys-demo-session-1bd9863714-mu3ahgd8 name=Atelier Toys allowed=YES mode=APPLY :: would-align=0 already-aligned=21 short-circuit(REJECTED/PROPOSED)=1 no-stage=0 WROTE=0[39m
2026-09-17 11:08:44:844 [32minfo[39m: [32m[align-initiative-aggregate] org=ateliertoys-demo-session-1bd9863714-mu3b98cw name=Atelier Toys allowed=YES mode=APPLY :: would-align=0 already-aligned=21 short-circuit(REJECTED/PROPOSED)=1 no-stage=0 WROTE=0[39m
2026-09-17 11:08:44:844 [32minfo[39m: [32m[align-initiative-aggregate] org=ateliertoys-demo-session-1bd9863714-mu3byi2i name=Atelier Toys allowed=YES mode=APPLY :: would-align=0 already-aligned=21 short-circuit(REJECTED/PROPOSED)=1 no-stage=0 WROTE=0[39m
2026-09-17 11:08:44:844 [32minfo[39m: [32m[align-initiative-aggregate] org=ateliertoys-demo-session-1bd9863714-mu3bzy9d name=Atelier Toys allowed=YES mode=APPLY :: would-align=0 already-aligned=21 short-circuit(REJECTED/PROPOSED)=1 no-stage=0 WROTE=0[39m
2026-09-17 11:08:44:844 [32minfo[39m: [32m[align-initiative-aggregate] org=ateliertoys-demo-session-1bd9863714-mu3cklov name=Atelier Toys allowed=YES mode=APPLY :: would-align=0 already-aligned=21 short-circuit(REJECTED/PROPOSED)=1 no-stage=0 WROTE=0[39m
2026-09-17 11:08:44:844 [32minfo[39m: [32m[align-initiative-aggregate] org=ateliertoys-demo-session-1bd9863714-mu3crllf name=Atelier Toys allowed=YES mode=APPLY :: would-align=0 already-aligned=21 short-circuit(REJECTED/PROPOSED)=1 no-stage=0 WROTE=0[39m
2026-09-17 11:08:44:844 [32minfo[39m: [32m[align-initiative-aggregate] org=ateliertoys-demo-session-1bd9863714-mu3d5xj7 name=Atelier Toys allowed=YES mode=APPLY :: would-align=0 already-aligned=21 short-circuit(REJECTED/PROPOSED)=1 no-stage=0 WROTE=0[39m
2026-09-17 11:08:44:844 [32minfo[39m: [32m[align-initiative-aggregate] org=ateliertoys-demo-session-1bd9863714-mu3dc9ww name=Atelier Toys allowed=YES mode=APPLY :: would-align=0 already-aligned=21 short-circuit(REJECTED/PROPOSED)=1 no-stage=0 WROTE=0[39m
2026-09-17 11:08:44:844 [32minfo[39m: [32m[align-initiative-aggregate] org=ateliertoys-demo-session-1bd9863714-mu3deho4 name=Atelier Toys allowed=YES mode=APPLY :: would-align=0 already-aligned=21 short-circuit(REJECTED/PROPOSED)=1 no-stage=0 WROTE=0[39m
2026-09-17 11:08:44:844 [32minfo[39m: [32m[align-initiative-aggregate] org=ateliertoys-demo-session-1bd9863714-mu3dgnet name=Atelier Toys allowed=YES mode=APPLY :: would-align=0 already-aligned=21 short-circuit(REJECTED/PROPOSED)=1 no-stage=0 WROTE=0[39m
2026-09-17 11:08:44:844 [32minfo[39m: [32m[align-initiative-aggregate] org=ateliertoys-demo-session-1bd9863714-mu3dx76z name=Atelier Toys allowed=YES mode=APPLY :: would-align=0 already-aligned=21 short-circuit(REJECTED/PROPOSED)=1 no-stage=0 WROTE=0[39m
2026-09-17 11:08:44:844 [32minfo[39m: [32m[align-initiative-aggregate] org=ateliertoys-demo-session-1bd9863714-mu3dzgo1 name=Atelier Toys allowed=YES mode=APPLY :: would-align=0 already-aligned=21 short-circuit(REJECTED/PROPOSED)=1 no-stage=0 WROTE=0[39m
2026-09-17 11:08:44:844 [32minfo[39m: [32m[align-initiative-aggregate] org=ateliertoys-demo-session-1bd9863714-mu3e0u8f name=Atelier Toys allowed=YES mode=APPLY :: would-align=0 already-aligned=21 short-circuit(REJECTED/PROPOSED)=1 no-stage=0 WROTE=0[39m
2026-09-17 11:08:44:844 [32minfo[39m: [32m[align-initiative-aggregate] org=ateliertoys-demo-session-1bd9863714-mu3ecn7t name=Atelier Toys allowed=YES mode=APPLY :: would-align=0 already-aligned=21 short-circuit(REJECTED/PROPOSED)=1 no-stage=0 WROTE=0[39m
2026-09-17 11:08:44:844 [32minfo[39m: [32m[align-initiative-aggregate] org=ateliertoys-demo-session-1bd9863714-mu3ee80o name=Atelier Toys allowed=YES mode=APPLY :: would-align=0 already-aligned=21 short-circuit(REJECTED/PROPOSED)=1 no-stage=0 WROTE=0[39m
2026-09-17 11:08:44:844 [32minfo[39m: [32m[align-initiative-aggregate] org=ateliertoys-demo-session-1bd9863714-mu3ehadp name=Atelier Toys allowed=YES mode=APPLY :: would-align=0 already-aligned=21 short-circuit(REJECTED/PROPOSED)=1 no-stage=0 WROTE=0[39m
2026-09-17 11:08:44:844 [32minfo[39m: [32m[align-initiative-aggregate] org=ateliertoys-demo-session-1bd9863714-mu3ejuy5 name=Atelier Toys allowed=YES mode=APPLY :: would-align=0 already-aligned=21 short-circuit(REJECTED/PROPOSED)=1 no-stage=0 WROTE=0[39m
2026-09-17 11:08:44:844 [32minfo[39m: [32m[align-initiative-aggregate] org=ateliertoys-demo-session-1bd9863714-mu3em32f name=Atelier Toys allowed=YES mode=APPLY :: would-align=0 already-aligned=21 short-circuit(REJECTED/PROPOSED)=1 no-stage=0 WROTE=0[39m
2026-09-17 11:08:44:844 [32minfo[39m: [32m[align-initiative-aggregate] org=ateliertoys-demo-session-1bd9863714-mu3enpin name=Atelier Toys allowed=YES mode=APPLY :: would-align=0 already-aligned=21 short-circuit(REJECTED/PROPOSED)=1 no-stage=0 WROTE=0[39m
2026-09-17 11:08:44:844 [32minfo[39m: [32m[align-initiative-aggregate] org=ateliertoys-demo-session-1bd9863714-mu3eppsq name=Atelier Toys allowed=YES mode=APPLY :: would-align=0 already-aligned=21 short-circuit(REJECTED/PROPOSED)=1 no-stage=0 WROTE=0[39m
2026-09-17 11:08:44:844 [32minfo[39m: [32m[align-initiative-aggregate] org=ateliertoys-demo-session-1bd9863714-mu3eug9k name=Atelier Toys allowed=YES mode=APPLY :: would-align=0 already-aligned=21 short-circuit(REJECTED/PROPOSED)=1 no-stage=0 WROTE=0[39m
2026-09-17 11:08:44:844 [32minfo[39m: [32m[align-initiative-aggregate] org=ateliertoys-demo-session-1bd9863714-mu492z0i name=Atelier Toys allowed=YES mode=APPLY :: would-align=0 already-aligned=21 short-circuit(REJECTED/PROPOSED)=1 no-stage=0 WROTE=0[39m
2026-09-17 11:08:44:844 [32minfo[39m: [32m[align-initiative-aggregate] org=ateliertoys-demo-session-1bd9863714-mu492zlx name=Atelier Toys allowed=YES mode=APPLY :: would-align=0 already-aligned=21 short-circuit(REJECTED/PROPOSED)=1 no-stage=0 WROTE=0[39m
2026-09-17 11:08:44:844 [32minfo[39m: [32m[align-initiative-aggregate] org=ateliertoys-demo-session-1bd9863714-mu492zuf name=Atelier Toys allowed=YES mode=APPLY :: would-align=0 already-aligned=21 short-circuit(REJECTED/PROPOSED)=1 no-stage=0 WROTE=0[39m
2026-09-17 11:08:44:844 [32minfo[39m: [32m[align-initiative-aggregate] org=ateliertoys-demo-session-1bd9863714-mu499qcd name=Atelier Toys allowed=YES mode=APPLY :: would-align=0 already-aligned=21 short-circuit(REJECTED/PROPOSED)=1 no-stage=0 WROTE=0[39m
2026-09-17 11:08:44:844 [32minfo[39m: [32m[align-initiative-aggregate] org=ateliertoys-demo-session-1bd9863714-mu4cwpgn name=Atelier Toys allowed=YES mode=APPLY :: would-align=0 already-aligned=21 short-circuit(REJECTED/PROPOSED)=1 no-stage=0 WROTE=0[39m
2026-09-17 11:08:44:844 [32minfo[39m: [32m[align-initiative-aggregate] org=ateliertoys-demo-session-1bd9863714-mu4d7l5y name=Atelier Toys allowed=YES mode=APPLY :: would-align=0 already-aligned=21 short-circuit(REJECTED/PROPOSED)=1 no-stage=0 WROTE=0[39m
2026-09-17 11:08:44:844 [32minfo[39m: [32m[align-initiative-aggregate] org=ateliertoys-demo-session-1bd9863714-mu4flq5u name=Atelier Toys allowed=YES mode=APPLY :: would-align=0 already-aligned=21 short-circuit(REJECTED/PROPOSED)=1 no-stage=0 WROTE=0[39m
2026-09-17 11:08:44:844 [32minfo[39m: [32m[align-initiative-aggregate] org=ateliertoys-demo-session-6088705637-mu230gg0 name=Atelier Toys allowed=YES mode=APPLY :: would-align=0 already-aligned=21 short-circuit(REJECTED/PROPOSED)=1 no-stage=0 WROTE=0[39m
2026-09-17 11:08:44:844 [32minfo[39m: [32m[align-initiative-aggregate] org=ateliertoys-demo-session-6088705637-mu24icbi name=Atelier Toys allowed=YES mode=APPLY :: would-align=0 already-aligned=21 short-circuit(REJECTED/PROPOSED)=1 no-stage=0 WROTE=0[39m
2026-09-17 11:08:44:844 [32minfo[39m: [32m[align-initiative-aggregate] org=ateliertoys-demo-session-6088705637-mu28d0iq name=Atelier Toys allowed=YES mode=APPLY :: would-align=0 already-aligned=21 short-circuit(REJECTED/PROPOSED)=1 no-stage=0 WROTE=0[39m
2026-09-17 11:08:44:844 [32minfo[39m: [32m[align-initiative-aggregate] org=ateliertoys-demo-session-6088705637-mu28d6ze name=Atelier Toys allowed=YES mode=APPLY :: would-align=0 already-aligned=21 short-circuit(REJECTED/PROPOSED)=1 no-stage=0 WROTE=0[39m
2026-09-17 11:08:44:844 [32minfo[39m: [32m[align-initiative-aggregate] org=ateliertoys-demo-session-aa614b34bf-mu3rq5wb name=Atelier Toys allowed=YES mode=APPLY :: would-align=0 already-aligned=21 short-circuit(REJECTED/PROPOSED)=1 no-stage=0 WROTE=0[39m
2026-09-17 11:08:44:844 [32minfo[39m: [32m[align-initiative-aggregate] org=ateliertoys-demo-session-aa614b34bf-mu3rq8qn name=Atelier Toys allowed=YES mode=APPLY :: would-align=0 already-aligned=21 short-circuit(REJECTED/PROPOSED)=1 no-stage=0 WROTE=0[39m
2026-09-17 11:08:44:844 [32minfo[39m: [32m[align-initiative-aggregate] org=ateliertoys-demo-session-aa614b34bf-mu3s1sfi name=Atelier Toys allowed=YES mode=APPLY :: would-align=0 already-aligned=21 short-circuit(REJECTED/PROPOSED)=1 no-stage=0 WROTE=0[39m
2026-09-17 11:08:44:844 [32minfo[39m: [32m[align-initiative-aggregate] org=ateliertoys-demo-session-aa614b34bf-mu3s3ujy name=Atelier Toys allowed=YES mode=APPLY :: would-align=0 already-aligned=21 short-circuit(REJECTED/PROPOSED)=1 no-stage=0 WROTE=0[39m
2026-09-17 11:08:44:844 [32minfo[39m: [32m[align-initiative-aggregate] org=ateliertoys-demo-session-aa614b34bf-mu3s8bru name=Atelier Toys allowed=YES mode=APPLY :: would-align=0 already-aligned=21 short-circuit(REJECTED/PROPOSED)=1 no-stage=0 WROTE=0[39m
2026-09-17 11:08:44:844 [32minfo[39m: [32m[align-initiative-aggregate] org=ateliertoys-demo-session-aa614b34bf-mu3s9uap name=Atelier Toys allowed=YES mode=APPLY :: would-align=0 already-aligned=21 short-circuit(REJECTED/PROPOSED)=1 no-stage=0 WROTE=0[39m
2026-09-17 11:08:45:845 [32minfo[39m: [32m[align-initiative-aggregate] org=ateliertoys-demo-session-aa614b34bf-mu3s9x3q name=Atelier Toys allowed=YES mode=APPLY :: would-align=0 already-aligned=21 short-circuit(REJECTED/PROPOSED)=1 no-stage=0 WROTE=0[39m
2026-09-17 11:08:45:845 [32minfo[39m: [32m[align-initiative-aggregate] org=ateliertoys-demo-session-aa614b34bf-mu3s9z6x name=Atelier Toys allowed=YES mode=APPLY :: would-align=0 already-aligned=21 short-circuit(REJECTED/PROPOSED)=1 no-stage=0 WROTE=0[39m
2026-09-17 11:08:45:845 [32minfo[39m: [32m[align-initiative-aggregate] org=ateliertoys-demo-session-aa614b34bf-mu3sa2mk name=Atelier Toys allowed=YES mode=APPLY :: would-align=0 already-aligned=21 short-circuit(REJECTED/PROPOSED)=1 no-stage=0 WROTE=0[39m
2026-09-17 11:08:45:845 [32minfo[39m: [32m[align-initiative-aggregate] org=ateliertoys-demo-session-aa614b34bf-mu3txrvj name=Atelier Toys allowed=YES mode=APPLY :: would-align=0 already-aligned=21 short-circuit(REJECTED/PROPOSED)=1 no-stage=0 WROTE=0[39m
2026-09-17 11:08:45:845 [32minfo[39m: [32m[align-initiative-aggregate] org=ateliertoys-demo-session-aa614b34bf-mu3v4gn8 name=Atelier Toys allowed=YES mode=APPLY :: would-align=0 already-aligned=21 short-circuit(REJECTED/PROPOSED)=1 no-stage=0 WROTE=0[39m
2026-09-17 11:08:45:845 [32minfo[39m: [32m[align-initiative-aggregate] org=ateliertoys-demo-session-aa614b34bf-mu3v7wxy name=Atelier Toys allowed=YES mode=APPLY :: would-align=0 already-aligned=21 short-circuit(REJECTED/PROPOSED)=1 no-stage=0 WROTE=0[39m
2026-09-17 11:08:45:845 [32minfo[39m: [32m[align-initiative-aggregate] org=ateliertoys-demo-session-aa614b34bf-mu3vqbvb name=Atelier Toys allowed=YES mode=APPLY :: would-align=0 already-aligned=21 short-circuit(REJECTED/PROPOSED)=1 no-stage=0 WROTE=0[39m
2026-09-17 11:08:45:845 [32minfo[39m: [32m[align-initiative-aggregate] org=ateliertoys-demo-session-aa614b34bf-mu3wub9f name=Atelier Toys allowed=YES mode=APPLY :: would-align=0 already-aligned=21 short-circuit(REJECTED/PROPOSED)=1 no-stage=0 WROTE=0[39m
2026-09-17 11:08:45:845 [32minfo[39m: [32m[align-initiative-aggregate] org=ateliertoys-demo-session-aa614b34bf-mu3wvght name=Atelier Toys allowed=YES mode=APPLY :: would-align=0 already-aligned=21 short-circuit(REJECTED/PROPOSED)=1 no-stage=0 WROTE=0[39m
2026-09-17 11:08:45:845 [32minfo[39m: [32m[align-initiative-aggregate] org=ateliertoys-demo-session-aa614b34bf-mu3wzhbc name=Atelier Toys allowed=YES mode=APPLY :: would-align=0 already-aligned=21 short-circuit(REJECTED/PROPOSED)=1 no-stage=0 WROTE=0[39m
2026-09-17 11:08:45:845 [32minfo[39m: [32m[align-initiative-aggregate] org=ateliertoys-demo-session-aa614b34bf-mu3x153r name=Atelier Toys allowed=YES mode=APPLY :: would-align=0 already-aligned=21 short-circuit(REJECTED/PROPOSED)=1 no-stage=0 WROTE=0[39m
2026-09-17 11:08:45:845 [32minfo[39m: [32m[align-initiative-aggregate] org=ateliertoys-demo-session-aa614b34bf-mu3xghb9 name=Atelier Toys allowed=YES mode=APPLY :: would-align=0 already-aligned=21 short-circuit(REJECTED/PROPOSED)=1 no-stage=0 WROTE=0[39m
2026-09-17 11:08:45:845 [32minfo[39m: [32m[align-initiative-aggregate] org=ateliertoys-demo-session-aa614b34bf-mu3xhxi8 name=Atelier Toys allowed=YES mode=APPLY :: would-align=0 already-aligned=21 short-circuit(REJECTED/PROPOSED)=1 no-stage=0 WROTE=0[39m
2026-09-17 11:08:45:845 [32minfo[39m: [32m[align-initiative-aggregate] org=ateliertoys-demo-session-aa614b34bf-mu3xvfxp name=Atelier Toys allowed=YES mode=APPLY :: would-align=0 already-aligned=21 short-circuit(REJECTED/PROPOSED)=1 no-stage=0 WROTE=0[39m
2026-09-17 11:08:45:845 [32minfo[39m: [32m[align-initiative-aggregate] org=ateliertoys-demo-session-aa614b34bf-mu3xwzto name=Atelier Toys allowed=YES mode=APPLY :: would-align=0 already-aligned=21 short-circuit(REJECTED/PROPOSED)=1 no-stage=0 WROTE=0[39m
2026-09-17 11:08:45:845 [32minfo[39m: [32m[align-initiative-aggregate] org=ateliertoys-demo-session-aa614b34bf-mu3xzrav name=Atelier Toys allowed=YES mode=APPLY :: would-align=0 already-aligned=21 short-circuit(REJECTED/PROPOSED)=1 no-stage=0 WROTE=0[39m
2026-09-17 11:08:45:845 [32minfo[39m: [32m[align-initiative-aggregate] org=ateliertoys-demo-session-aa614b34bf-mu3y30jo name=Atelier Toys allowed=YES mode=APPLY :: would-align=0 already-aligned=21 short-circuit(REJECTED/PROPOSED)=1 no-stage=0 WROTE=0[39m
2026-09-17 11:08:45:845 [32minfo[39m: [32m[align-initiative-aggregate] org=ateliertoys-demo-session-aa614b34bf-mu3zjkow name=Atelier Toys allowed=YES mode=APPLY :: would-align=0 already-aligned=21 short-circuit(REJECTED/PROPOSED)=1 no-stage=0 WROTE=0[39m
2026-09-17 11:08:45:845 [32minfo[39m: [32m[align-initiative-aggregate] org=ateliertoys-demo-session-aa614b34bf-mu458mip name=Atelier Toys allowed=YES mode=APPLY :: would-align=0 already-aligned=21 short-circuit(REJECTED/PROPOSED)=1 no-stage=0 WROTE=0[39m
2026-09-17 11:08:45:845 [32minfo[39m: [32m[align-initiative-aggregate] org=ateliertoys-demo-session-aa614b34bf-mu459uvn name=Atelier Toys allowed=YES mode=APPLY :: would-align=0 already-aligned=21 short-circuit(REJECTED/PROPOSED)=1 no-stage=0 WROTE=0[39m
2026-09-17 11:08:45:845 [32minfo[39m: [32m[align-initiative-aggregate] org=ateliertoys-demo-session-aa614b34bf-mu45exln name=Atelier Toys allowed=YES mode=APPLY :: would-align=0 already-aligned=21 short-circuit(REJECTED/PROPOSED)=1 no-stage=0 WROTE=0[39m
2026-09-17 11:08:45:845 [32minfo[39m: [32m[align-initiative-aggregate] org=ateliertoys-demo-session-aa614b34bf-mu45gg44 name=Atelier Toys allowed=YES mode=APPLY :: would-align=0 already-aligned=21 short-circuit(REJECTED/PROPOSED)=1 no-stage=0 WROTE=0[39m
2026-09-17 11:08:45:845 [32minfo[39m: [32m[align-initiative-aggregate] org=ateliertoys-demo-session-f786e8f37a-mtvjhmqm name=Atelier Toys allowed=YES mode=APPLY :: would-align=0 already-aligned=0 short-circuit(REJECTED/PROPOSED)=0 no-stage=0 WROTE=0[39m
2026-09-17 11:08:45:845 [32minfo[39m: [32m[align-initiative-aggregate] org=ateliertoys-demo-session-f786e8f37a-mtvjloo0 name=Atelier Toys allowed=YES mode=APPLY :: would-align=0 already-aligned=0 short-circuit(REJECTED/PROPOSED)=0 no-stage=0 WROTE=0[39m
2026-09-17 11:08:45:845 [32minfo[39m: [32m[align-initiative-aggregate] org=ateliertoys-demo-session-f786e8f37a-mtvjmh1i name=Atelier Toys allowed=YES mode=APPLY :: would-align=0 already-aligned=0 short-circuit(REJECTED/PROPOSED)=0 no-stage=0 WROTE=0[39m
2026-09-17 11:08:45:845 [32minfo[39m: [32m[align-initiative-aggregate] org=ateliertoys-demo-session-f786e8f37a-mtvjqmgn name=Atelier Toys allowed=YES mode=APPLY :: would-align=0 already-aligned=0 short-circuit(REJECTED/PROPOSED)=0 no-stage=0 WROTE=0[39m
2026-09-17 11:08:45:845 [32minfo[39m: [32m[align-initiative-aggregate] org=ateliertoys-demo-session-f786e8f37a-mtvkabkg name=Atelier Toys allowed=YES mode=APPLY :: would-align=0 already-aligned=0 short-circuit(REJECTED/PROPOSED)=0 no-stage=0 WROTE=0[39m
2026-09-17 11:08:45:845 [32minfo[39m: [32m[align-initiative-aggregate] org=ateliertoys-demo-session-f786e8f37a-mtvkafi5 name=Atelier Toys allowed=YES mode=APPLY :: would-align=0 already-aligned=0 short-circuit(REJECTED/PROPOSED)=0 no-stage=0 WROTE=0[39m
2026-09-17 11:08:45:845 [32minfo[39m: [32m[align-initiative-aggregate] org=ateliertoys-demo-session-f786e8f37a-mtvkjt3m name=Atelier Toys allowed=YES mode=APPLY :: would-align=0 already-aligned=0 short-circuit(REJECTED/PROPOSED)=0 no-stage=0 WROTE=0[39m
2026-09-17 11:08:45:845 [32minfo[39m: [32m[align-initiative-aggregate] org=ateliertoys-demo-session-f786e8f37a-mtvktjm7 name=Atelier Toys allowed=YES mode=APPLY :: would-align=0 already-aligned=0 short-circuit(REJECTED/PROPOSED)=0 no-stage=0 WROTE=0[39m
2026-09-17 11:08:45:845 [32minfo[39m: [32m[align-initiative-aggregate] org=ateliertoys-demo-session-f786e8f37a-mtvkwf2c name=Atelier Toys allowed=YES mode=APPLY :: would-align=0 already-aligned=0 short-circuit(REJECTED/PROPOSED)=0 no-stage=0 WROTE=0[39m
2026-09-17 11:08:45:845 [32minfo[39m: [32m[align-initiative-aggregate] org=ateliertoys-demo-session-f786e8f37a-mtvl9b7d name=Atelier Toys allowed=YES mode=APPLY :: would-align=0 already-aligned=0 short-circuit(REJECTED/PROPOSED)=0 no-stage=0 WROTE=0[39m
2026-09-17 11:08:45:845 [32minfo[39m: [32m[align-initiative-aggregate] org=ateliertoys-demo-session-f786e8f37a-mtwkzmuk name=Atelier Toys allowed=YES mode=APPLY :: would-align=0 already-aligned=0 short-circuit(REJECTED/PROPOSED)=0 no-stage=0 WROTE=0[39m
2026-09-17 11:08:45:845 [32minfo[39m: [32m[align-initiative-aggregate] TOTAL would-align=0 already-aligned=2255 short-circuit=107 no-stage=0 :: WROTE=0 across 0 org(s)[39m
