modul | stan | data | SHA | orzeczenie
--- | --- | --- | --- | ---
01_ORGANIZATION | NOT_PROVEN / OWNER_RETEST_PENDING | - | - | NIE_DOTYCZY
02_INTERVIEW | NOT_PROVEN / OWNER_RETEST_PENDING | - | - | NIE_DOTYCZY
03_TOOLS | NOT_PROVEN / OWNER_RETEST_PENDING | - | - | NIE_DOTYCZY
04_ASSESSMENT | NOT_PROVEN / OWNER_RETEST_PENDING | - | - | NIE_DOTYCZY
05_INITIATIVES | NOT_PROVEN / OWNER_RETEST_PENDING | - | - | NIE_DOTYCZY
06_EXECUTION | NOT_PROVEN / OWNER_RETEST_PENDING | - | - | NIE_DOTYCZY
07_MY_WORK_AGENT | NOT_PROVEN / OWNER_RETEST_PENDING | - | - | NIE_DOTYCZY
08_MEETINGS | NOT_PROVEN / OWNER_RETEST_PENDING | - | - | NIE_DOTYCZY
09_RESULTS | NOT_PROVEN / OWNER_RETEST_PENDING | - | - | NIE_DOTYCZY
10_FINANCE | NOT_PROVEN / OWNER_RETEST_PENDING | - | - | NIE_DOTYCZY
11_MATERIALS | NOT_PROVEN / OWNER_RETEST_PENDING | - | - | NIE_DOTYCZY
12_AUDITS | NOT_PROVEN / OWNER_RETEST_PENDING | - | - | NIE_DOTYCZY
13_CHAT | NOT_PROVEN / OWNER_RETEST_PENDING | - | - | NIE_DOTYCZY
14_ADMIN | NOT_PROVEN / OWNER_RETEST_PENDING | - | - | NIE_DOTYCZY
15_SETTINGS | NOT_PROVEN / OWNER_RETEST_PENDING | - | - | NIE_DOTYCZY
16_PARTNER | NOT_PROVEN / OWNER_RETEST_PENDING | - | - | NIE_DOTYCZY
Zbadanych wierszy G19: 16
Podloga 16: OK
Kod wyjscia: 0
