▶ G19 evidence validity guard
  ✔ marks a 30-day-old closed row PASS_STALE after the seven-day validity window (84.497667ms)
  ✖ blocks a row claiming closure without measurement date or SHA (25.326ms)
  ✔ fails closed when fewer than sixteen G19 rows are examined (23.568417ms)
  ✔ accepts sixteen open rows as not applicable without requiring dates (52.309083ms)
✖ G19 evidence validity guard (219.515583ms)
ℹ tests 4
ℹ suites 1
ℹ pass 3
ℹ fail 1
ℹ cancelled 0
ℹ skipped 0
ℹ todo 0
ℹ duration_ms 360.379542

✖ failing tests:

test at tests/unit/g19-waznosc-dowodu.test.mjs:31:3
✖ blocks a row claiming closure without measurement date or SHA (25.326ms)
  AssertionError [ERR_ASSERTION]: Expected values to be strictly equal:
  + actual - expected
  
  + 'WAZNY'
  - 'BRAK_DATY_POMIARU'
  
      at TestContext.<anonymous> (file:///private/tmp/cx-day360-g19-kubelek-a/tests/unit/g19-waznosc-dowodu.test.mjs:33:12)
      at Test.runInAsyncScope (node:async_hooks:214:14)
      at Test.run (node:internal/test_runner/test:1106:25)
      at Suite.processPendingSubtests (node:internal/test_runner/test:788:18)
      at Test.postRun (node:internal/test_runner/test:1235:19)
      at Test.run (node:internal/test_runner/test:1163:12)
      at async Promise.all (index 0)
      at async Suite.run (node:internal/test_runner/test:1518:7)
      at async startSubtestAfterBootstrap (node:internal/test_runner/harness:358:3) {
    generatedMessage: true,
    code: 'ERR_ASSERTION',
    actual: 'WAZNY',
    expected: 'BRAK_DATY_POMIARU',
    operator: 'strictEqual',
    diff: 'simple'
  }
