modul | stan | data | SHA | orzeczenie
--- | --- | --- | --- | ---
01_ORGANIZATION | IZOLACJA_UDOWODNIONA / MIANOWNIK_OTWARTY | 2026-09-04 | 2a7273e087 | WAZNY
02_INTERVIEW | NOT_PROVEN / OWNER_RETEST_PENDING | - | - | NIE_DOTYCZY
03_TOOLS | NOT_PROVEN / OWNER_RETEST_PENDING | - | - | NIE_DOTYCZY
04_ASSESSMENT | IZOLACJA_UDOWODNIONA / MIANOWNIK_OTWARTY | 2026-09-04 | 2a7273e087 | WAZNY
05_INITIATIVES | IZOLACJA_UDOWODNIONA / MIANOWNIK_OTWARTY | 2026-09-04 | 2a7273e087 | WAZNY
06_EXECUTION | NOT_PROVEN / OWNER_RETEST_PENDING | - | - | NIE_DOTYCZY
07_MY_WORK_AGENT | NOT_PROVEN / OWNER_RETEST_PENDING | - | - | NIE_DOTYCZY
08_MEETINGS | IZOLACJA_UDOWODNIONA / MIANOWNIK_OTWARTY | 2026-09-04 | 2a7273e087 | WAZNY
09_RESULTS | NOT_PROVEN / OWNER_RETEST_PENDING | - | - | NIE_DOTYCZY
10_FINANCE | NOT_PROVEN / OWNER_RETEST_PENDING | - | - | NIE_DOTYCZY
11_MATERIALS | NOT_PROVEN / OWNER_RETEST_PENDING | - | - | NIE_DOTYCZY
12_AUDITS | NOT_PROVEN / OWNER_RETEST_PENDING | - | - | NIE_DOTYCZY
13_CHAT | IZOLACJA_UDOWODNIONA / MIANOWNIK_OTWARTY | 2026-09-04 | 2a7273e087 | WAZNY
14_ADMIN | NOT_PROVEN / OWNER_RETEST_PENDING | - | - | NIE_DOTYCZY
15_SETTINGS | NOT_PROVEN / OWNER_RETEST_PENDING | - | - | NIE_DOTYCZY
16_PARTNER | NOT_PROVEN / OWNER_RETEST_PENDING | - | - | NIE_DOTYCZY
Zbadanych wierszy G19: 16
Podloga 16: OK
Kod wyjscia: 0
