
[1m[30m[46m RUN [49m[39m[22m [36mv4.1.11 [39m[90m/Users/piotrwisniewski/Developer/qoder-wt/consultify[39m


[1m[30m[46m RUN [49m[39m[22m [36mv4.1.11 [39m[90m/Users/piotrwisniewski/Developer/qoder-wt/consultify[39m

[90mstdout[2m | src/components/Interview/__tests__/InterviewHub.is2bSessionsColumns.test.tsx
[22m[39m🌐 i18next is made possible by our own product, Locize — consider powering your project with managed localization (AI, CDN, integrations): https://locize.com 💙

[90mstdout[2m | src/components/Interview/__tests__/InterviewHub.is2bSessionsColumns.test.tsx
[22m[39m🌐 i18next is made possible by our own product, Locize — consider powering your project with managed localization (AI, CDN, integrations): https://locize.com 💙

 [31m×[39m src/components/Interview/__tests__/InterviewHub.is2bSessionsColumns.test.tsx[2m > [22mInterviewHub — IS-2b active sessions list renders the server-enriched columns[2m > [22mTEMPLATE / ASSIGNEE / DUE / SUBMITTED cells render the values the active endpoint now sends[33m 1106[2mms[22m[39m
[31m   → Unable to find an element with the text: is2b-template-discovery. This could be because the text is broken up by multiple elements. In this case, you can provide a function for your text matcher to make your matcher more flexible.

Ignored nodes: comments, script, style
[36m<body>[31m
  [36m<div>[31m
    [36m<div[31m
      [33mclass[31m=[32m"h-full"[31m
      [33mdata-testid[31m=[32m"interview-hub"[31m
    [36m>[31m
      [36m<div[31m
        [33mclass[31m=[32m"flex flex-col h-full bg-c-bg text-c-text"[31m
      [36m>[31m
        [36m<div[31m
          [33mclass[31m=[32m"bg-white dark:bg-navy-900 border-b border-slate-200/60 dark:border-white/5"[31m
        [36m>[31m
          [36m<div[31m
            [33mclass[31m=[32m"flex flex-wrap min-[1360px]:flex-nowrap items-center px-4 py-3 gap-2 min-[1360px]:gap-3 justify-between"[31m
            [33mdata-testid[31m=[32m"module-nav-main-row"[31m
          [36m>[31m
            [36m<div[31m
              [33mclass[31m=[32m"flex min-w-0 basis-full items-center gap-2 min-[1360px]:basis-auto min-[1360px]:gap-3"[31m
              [33mdata-testid[31m=[32m"module-nav-left-cluster"[31m
            [36m>[31m
              [36m<button[31m
                [33maria-disabled[31m=[32m"false"[31m
                [33maria-expanded[31m=[32m"false"[31m
                [33maria-label[31m=[32m"Search"[31m
                [33mclass[31m=[32m"h-9 w-9 inline-flex items-center justify-center rounded-full transition-colors duration-150 border text-slate-500 dark:text-slate-400 border-slate-200/70 dark:border-white/[0.06] hover:bg-slate-100/70 dark:hover:bg-white/[0.05]"[31m
                [33mtitle[31m=[32m"Search"[31m
                [33mtype[31m=[32m"button"[31m
              [36m>[31m
                [36m<svg[31m
                  [33maria-hidden[31m=[32m"true"[31m
                  [33mclass[31m=[32m"lucide lucide-search"[31m
                  [33mfill[31m=[32m"none"[31m
                  [33mheight[31m=[32m"18"[31m
                  [33mstroke[31m=[32m"currentColor"[31m
                  [33mstroke-linecap[31m=[32m"round"[31m
                  [33mstroke-linejoin[31m=[32m"round"[31m
                  [33mstroke-width[31m=[32m"2"[31m
                  [33mviewBox[31m=[32m"0 0 24 24"[31m
                  [33mwidth[31m=[32m"18"[31m
                  [33mxmlns[31m=[32m"http://www.w3.org/2000/svg"[31m
                [36m>[31m
                  [36m<path[31m
                    [33md[31m=[32m"m21 21-4.34-4.34"[31m
                  [36m/>[31m
                  [36m<circle[31m
                    [33mcx[31m=[32m"11"[31m
                    [33mcy[31m=[32m"11"[31m
                    [33mr[31m=[32m"8"[31m
                  [36m/>[31m
                [36m</svg>[31m
              [36m</button>[31m
              [36m<div[31m
                [33maria-label[31m=[32m"Module sections"[31m
                [33mclass[31m=[32m"app-table-scrollbar flex min-w-0 items-center gap-1.5 overflow-x-auto whitespace-nowrap"[31m
                [33mrole[31m=[32m"tablist"[31m
              [36m>[31m
                [36m<button[31m
                  [33maria-selected[31m=[32m"false"[31m
                  [33mclass[31m=[32m"inline-flex h-9 items-center gap-2 rounded-full border px-3 text-sm font-medium transition-colors duration-150 whitespace-nowrap active:scale-[0.98] focus-visible:outline-none focus-visible:ring-2 focus-visible:ring-c-focus focus-visible:ring-offset-1 ring-offset-white dark:ring-offset-navy-900 border-slate-200/70 bg-white/70 text-slate-700 hover:bg-state-hover dark:border-white/[0.06] dark:bg-white/[0.04] dark:text-slate-300"[31m
                  [33mrole[31m=[32m"tab"[31m
                  [33mtype[31m=[32m"button"[31m
                [36m>[31m
                  [36m<svg[31m
                    [33maria-hidden[31m=[32m"true"[31m
                    [33mclass[31m=[32m"lucide lucide-inbox"[31m
                    [33mfill[31m=[32m"none"[31m
                    [33mheight[31m=[32m"16"[31m
                    [33mstroke[31m=[32m"currentColor"[31m
                    [33mstroke-linecap[31m=[32m"round"[31m
                    [33mstroke-linejoin[31m=[32m"round"[31m
                    [33mstroke-width[31m=[32m"2"[31m
                    [33mviewBox[31m=[32m"0 0 24 24"[31m
                    [33mwidth[31m=[32m"16"[31m
                    [33mxmlns[31m=[32m"http://www.w3.org/2000/svg"[31m
                  [36m>[31m
                    [36m<polyline[31m
                      [33mpoints[31m=[32m"22 12 16 12 14 15 10 15 8 12 2 12"[31m
                    [36m/>[31m
                    [36m<path[31m
                      [33md[31m=[32m"M5.45 5.11 2 12v6a2 2 0 0 0 2 2h16a2 2 0 0 0 2-2v-6l-3.45-6.89A2 2 0 0 0 16.76 4H7.24a2 2 0 0 0-1.79 1.11z"[31m
                    [36m/>[31m
                  [36m</svg>[31m
                  [36m<span>[31m
                    [0mInbox[0m
                  [36m</span>[31m
                [36m</button>[31m
                [36m<button[31m
                  [33maria-selected[31m=[32m"true"[31m
                  [33mclass[31m=[32m"inline-flex h-9 items-center gap-2 rounded-full border px-3 text-sm font-medium transition-colors duration-150 whitespace-nowrap active:scale-[0.98] focus-visible:outline-none focus-visible:ring-2 focus-visible:ring-c-focus focus-visible:ring-offset-1 ring-offset-white dark:ring-offset-navy-900 border-slate-300 bg-state-selected text-slate-900 dark:border-white/25 dark:text-slate-100"[31m
                  [33mrole[31m=[32m"tab"[31m
                  [33mtype[31m=[32m"button"[31m
                [36m>[31m
                  [36m<svg[31m
                    [33maria-hidden[31m=[32m"true"[31m
                    [33mclass[31m=[32m"lucide lucide-message-square"[31m
                    [33mfill[31m=[32m"none"[31m
                    [33mheight[31m=[32m"16"[31m
                    [33mstroke[31m=[32m"currentColor"[31m
                    [33mstroke-linecap[31m=[32m"round"[31m
                    [33mstroke-linejoin[31m=[32m"round"[31m
                    [33mstroke-width[31m=[32m"2"[31m
                    [33mviewBox[31m=[32m"0 0 24 24"[31m
                    [33mwidth[31m=[32m"16"[31m
                    [33mxmlns[31m=[32m"http://www.w3.org/2000/svg"[31m
                  [36m>[31m
                    [36m<path[31m
                      [33md[31m=[32m"M22 17a2 2 0 0 1-2 2H6.828a2 2 0 0 0-1.414.586l-2.202 2.202A.71.71 0 0 1 2 21.286V5a2 2 0 0 1 2-2h16a2 2 0 0 1 2 2z"[31m
                    [36m/>[31m
                  [36m</svg>[31m
                  [36m<span>[31m
                    [0mSessions[0m
                  [36m</span>[31m
                [36m</button>[31m
                [36m<button[31m
                  [33maria-selected[31m=[32m"false"[31m
                  [33mclass[31m=[32m"inline-flex h-9 items-center gap-2 rounded-full border px-3 text-sm font-medium transition-colors duration-150 whitespace-nowrap ac...

Ignored nodes: comments, script, style
[36m<body>[31m
  [36m<div>[31m
    [36m<div[31m
      [33mclass[31m=[32m"h-full"[31m
      [33mdata-testid[31m=[32m"interview-hub"[31m
    [36m>[31m
      [36m<div[31m
        [33mclass[31m=[32m"flex flex-col h-full bg-c-bg text-c-text"[31m
      [36m>[31m
        [36m<div[31m
          [33mclass[31m=[32m"bg-white dark:bg-navy-900 border-b border-slate-200/60 dark:border-white/5"[31m
        [36m>[31m
          [36m<div[31m
            [33mclass[31m=[32m"flex flex-wrap min-[1360px]:flex-nowrap items-center px-4 py-3 gap-2 min-[1360px]:gap-3 justify-between"[31m
            [33mdata-testid[31m=[32m"module-nav-main-row"[31m
          [36m>[31m
            [36m<div[31m
              [33mclass[31m=[32m"flex min-w-0 basis-full items-center gap-2 min-[1360px]:basis-auto min-[1360px]:gap-3"[31m
              [33mdata-testid[31m=[32m"module-nav-left-cluster"[31m
            [36m>[31m
              [36m<button[31m
                [33maria-disabled[31m=[32m"false"[31m
                [33maria-expanded[31m=[32m"false"[31m
                [33maria-label[31m=[32m"Search"[31m
                [33mclass[31m=[32m"h-9 w-9 inline-flex items-center justify-center rounded-full transition-colors duration-150 border text-slate-500 dark:text-slate-400 border-slate-200/70 dark:border-white/[0.06] hover:bg-slate-100/70 dark:hover:bg-white/[0.05]"[31m
                [33mtitle[31m=[32m"Search"[31m
                [33mtype[31m=[32m"button"[31m
              [36m>[31m
                [36m<svg[31m
                  [33maria-hidden[31m=[32m"true"[31m
                  [33mclass[31m=[32m"lucide lucide-search"[31m
                  [33mfill[31m=[32m"none"[31m
                  [33mheight[31m=[32m"18"[31m
                  [33mstroke[31m=[32m"currentColor"[31m
                  [33mstroke-linecap[31m=[32m"round"[31m
                  [33mstroke-linejoin[31m=[32m"round"[31m
                  [33mstroke-width[31m=[32m"2"[31m
                  [33mviewBox[31m=[32m"0 0 24 24"[31m
                  [33mwidth[31m=[32m"18"[31m
                  [33mxmlns[31m=[32m"http://www.w3.org/2000/svg"[31m
                [36m>[31m
                  [36m<path[31m
                    [33md[31m=[32m"m21 21-4.34-4.34"[31m
                  [36m/>[31m
                  [36m<circle[31m
                    [33mcx[31m=[32m"11"[31m
                    [33mcy[31m=[32m"11"[31m
                    [33mr[31m=[32m"8"[31m
                  [36m/>[31m
                [36m</svg>[31m
              [36m</button>[31m
              [36m<div[31m
                [33maria-label[31m=[32m"Module sections"[31m
                [33mclass[31m=[32m"app-table-scrollbar flex min-w-0 items-center gap-1.5 overflow-x-auto whitespace-nowrap"[31m
                [33mrole[31m=[32m"tablist"[31m
              [36m>[31m
                [36m<button[31m
                  [33maria-selected[31m=[32m"false"[31m
                  [33mclass[31m=[32m"inline-flex h-9 items-center gap-2 rounded-full border px-3 text-sm font-medium transition-colors duration-150 whitespace-nowrap active:scale-[0.98] focus-visible:outline-none focus-visible:ring-2 focus-visible:ring-c-focus focus-visible:ring-offset-1 ring-offset-white dark:ring-offset-navy-900 border-slate-200/70 bg-white/70 text-slate-700 hover:bg-state-hover dark:border-white/[0.06] dark:bg-white/[0.04] dark:text-slate-300"[31m
                  [33mrole[31m=[32m"tab"[31m
                  [33mtype[31m=[32m"button"[31m
                [36m>[31m
                  [36m<svg[31m
                    [33maria-hidden[31m=[32m"true"[31m
                    [33mclass[31m=[32m"lucide lucide-inbox"[31m
                    [33mfill[31m=[32m"none"[31m
                    [33mheight[31m=[32m"16"[31m
                    [33mstroke[31m=[32m"currentColor"[31m
                    [33mstroke-linecap[31m=[32m"round"[31m
                    [33mstroke-linejoin[31m=[32m"round"[31m
                    [33mstroke-width[31m=[32m"2"[31m
                    [33mviewBox[31m=[32m"0 0 24 24"[31m
                    [33mwidth[31m=[32m"16"[31m
                    [33mxmlns[31m=[32m"http://www.w3.org/2000/svg"[31m
                  [36m>[31m
                    [36m<polyline[31m
                      [33mpoints[31m=[32m"22 12 16 12 14 15 10 15 8 12 2 12"[31m
                    [36m/>[31m
                    [36m<path[31m
                      [33md[31m=[32m"M5.45 5.11 2 12v6a2 2 0 0 0 2 2h16a2 2 0 0 0 2-2v-6l-3.45-6.89A2 2 0 0 0 16.76 4H7.24a2 2 0 0 0-1.79 1.11z"[31m
                    [36m/>[31m
                  [36m</svg>[31m
                  [36m<span>[31m
                    [0mInbox[0m
                  [36m</span>[31m
                [36m</button>[31m
                [36m<button[31m
                  [33maria-selected[31m=[32m"true"[31m
                  [33mclass[31m=[32m"inline-flex h-9 items-center gap-2 rounded-full border px-3 text-sm font-medium transition-colors duration-150 whitespace-nowrap active:scale-[0.98] focus-visible:outline-none focus-visible:ring-2 focus-visible:ring-c-focus focus-visible:ring-offset-1 ring-offset-white dark:ring-offset-navy-900 border-slate-300 bg-state-selected text-slate-900 dark:border-white/25 dark:text-slate-100"[31m
                  [33mrole[31m=[32m"tab"[31m
                  [33mtype[31m=[32m"button"[31m
                [36m>[31m
                  [36m<svg[31m
                    [33maria-hidden[31m=[32m"true"[31m
                    [33mclass[31m=[32m"lucide lucide-message-square"[31m
                    [33mfill[31m=[32m"none"[31m
                    [33mheight[31m=[32m"16"[31m
                    [33mstroke[31m=[32m"currentColor"[31m
                    [33mstroke-linecap[31m=[32m"round"[31m
                    [33mstroke-linejoin[31m=[32m"round"[31m
                    [33mstroke-width[31m=[32m"2"[31m
                    [33mviewBox[31m=[32m"0 0 24 24"[31m
                    [33mwidth[31m=[32m"16"[31m
                    [33mxmlns[31m=[32m"http://www.w3.org/2000/svg"[31m
                  [36m>[31m
                    [36m<path[31m
                      [33md[31m=[32m"M22 17a2 2 0 0 1-2 2H6.828a2 2 0 0 0-1.414.586l-2.202 2.202A.71.71 0 0 1 2 21.286V5a2 2 0 0 1 2-2h16a2 2 0 0 1 2 2z"[31m
                    [36m/>[31m
                  [36m</svg>[31m
                  [36m<span>[31m
                    [0mSessions[0m
                  [36m</span>[31m
                [36m</button>[31m
                [36m<button[31m
                  [33maria-selected[31m=[32m"false"[31m
                  [33mclass[31m=[32m"inline-flex h-9 items-center gap-2 rounded-full border px-3 text-sm font-medium transition-colors duration-150 whitespace-nowrap ac...[39m
 [32m✓[39m src/components/Interview/__tests__/InterviewHub.is2bSessionsColumns.test.tsx[2m > [22mInterviewHub — IS-2b active sessions list renders the server-enriched columns[2m > [22ma row without the enriched fields falls back to Unassigned, not a fabricated value[32m 36[2mms[22m[39m
 [31m❯[39m src/components/Interview/__tests__/InterviewHub.is2bSessionsColumns.test.tsx [2m([22m[2m2 tests[22m[2m | [22m[31m1 failed[39m[2m)[22m[33m 1144[2mms[22m[39m
[31m     [31m×[31m TEMPLATE / ASSIGNEE / DUE / SUBMITTED cells render the values the active endpoint now sends[39m[33m 1106[2mms[22m[39m
     [32m✓[39m a row without the enriched fields falls back to Unassigned, not a fabricated value[32m 36[2mms[22m[39m

[31m⎯⎯⎯⎯⎯⎯⎯[39m[1m[41m Failed Tests 1 [49m[22m[31m⎯⎯⎯⎯⎯⎯⎯[39m

[41m[1m FAIL [22m[49m src/components/Interview/__tests__/InterviewHub.is2bSessionsColumns.test.tsx[2m > [22mInterviewHub — IS-2b active sessions list renders the server-enriched columns[2m > [22mTEMPLATE / ASSIGNEE / DUE / SUBMITTED cells render the values the active endpoint now sends
[31m[1mTestingLibraryElementError[22m[39m: Unable to find an element with the text: is2b-template-discovery. This could be because the text is broken up by multiple elements. In this case, you can provide a function for your text matcher to make your matcher more flexible.

Ignored nodes: comments, script, style
[36m<body>[39m
  [36m<div>[39m
    [36m<div[39m
      [33mclass[39m=[32m"h-full"[39m
      [33mdata-testid[39m=[32m"interview-hub"[39m
    [36m>[39m
      [36m<div[39m
        [33mclass[39m=[32m"flex flex-col h-full bg-c-bg text-c-text"[39m
      [36m>[39m
        [36m<div[39m
          [33mclass[39m=[32m"bg-white dark:bg-navy-900 border-b border-slate-200/60 dark:border-white/5"[39m
        [36m>[39m
          [36m<div[39m
            [33mclass[39m=[32m"flex flex-wrap min-[1360px]:flex-nowrap items-center px-4 py-3 gap-2 min-[1360px]:gap-3 justify-between"[39m
            [33mdata-testid[39m=[32m"module-nav-main-row"[39m
          [36m>[39m
            [36m<div[39m
              [33mclass[39m=[32m"flex min-w-0 basis-full items-center gap-2 min-[1360px]:basis-auto min-[1360px]:gap-3"[39m
              [33mdata-testid[39m=[32m"module-nav-left-cluster"[39m
            [36m>[39m
              [36m<button[39m
                [33maria-disabled[39m=[32m"false"[39m
                [33maria-expanded[39m=[32m"false"[39m
                [33maria-label[39m=[32m"Search"[39m
                [33mclass[39m=[32m"h-9 w-9 inline-flex items-center justify-center rounded-full transition-colors duration-150 border text-slate-500 dark:text-slate-400 border-slate-200/70 dark:border-white/[0.06] hover:bg-slate-100/70 dark:hover:bg-white/[0.05]"[39m
                [33mtitle[39m=[32m"Search"[39m
                [33mtype[39m=[32m"button"[39m
              [36m>[39m
                [36m<svg[39m
                  [33maria-hidden[39m=[32m"true"[39m
                  [33mclass[39m=[32m"lucide lucide-search"[39m
                  [33mfill[39m=[32m"none"[39m
                  [33mheight[39m=[32m"18"[39m
                  [33mstroke[39m=[32m"currentColor"[39m
                  [33mstroke-linecap[39m=[32m"round"[39m
                  [33mstroke-linejoin[39m=[32m"round"[39m
                  [33mstroke-width[39m=[32m"2"[39m
                  [33mviewBox[39m=[32m"0 0 24 24"[39m
                  [33mwidth[39m=[32m"18"[39m
                  [33mxmlns[39m=[32m"http://www.w3.org/2000/svg"[39m
                [36m>[39m
                  [36m<path[39m
                    [33md[39m=[32m"m21 21-4.34-4.34"[39m
                  [36m/>[39m
                  [36m<circle[39m
                    [33mcx[39m=[32m"11"[39m
                    [33mcy[39m=[32m"11"[39m
                    [33mr[39m=[32m"8"[39m
                  [36m/>[39m
                [36m</svg>[39m
              [36m</button>[39m
              [36m<div[39m
                [33maria-label[39m=[32m"Module sections"[39m
                [33mclass[39m=[32m"app-table-scrollbar flex min-w-0 items-center gap-1.5 overflow-x-auto whitespace-nowrap"[39m
                [33mrole[39m=[32m"tablist"[39m
              [36m>[39m
                [36m<button[39m
                  [33maria-selected[39m=[32m"false"[39m
                  [33mclass[39m=[32m"inline-flex h-9 items-center gap-2 rounded-full border px-3 text-sm font-medium transition-colors duration-150 whitespace-nowrap active:scale-[0.98] focus-visible:outline-none focus-visible:ring-2 focus-visible:ring-c-focus focus-visible:ring-offset-1 ring-offset-white dark:ring-offset-navy-900 border-slate-200/70 bg-white/70 text-slate-700 hover:bg-state-hover dark:border-white/[0.06] dark:bg-white/[0.04] dark:text-slate-300"[39m
                  [33mrole[39m=[32m"tab"[39m
                  [33mtype[39m=[32m"button"[39m
                [36m>[39m
                  [36m<svg[39m
                    [33maria-hidden[39m=[32m"true"[39m
                    [33mclass[39m=[32m"lucide lucide-inbox"[39m
                    [33mfill[39m=[32m"none"[39m
                    [33mheight[39m=[32m"16"[39m
                    [33mstroke[39m=[32m"currentColor"[39m
                    [33mstroke-linecap[39m=[32m"round"[39m
                    [33mstroke-linejoin[39m=[32m"round"[39m
                    [33mstroke-width[39m=[32m"2"[39m
                    [33mviewBox[39m=[32m"0 0 24 24"[39m
                    [33mwidth[39m=[32m"16"[39m
                    [33mxmlns[39m=[32m"http://www.w3.org/2000/svg"[39m
                  [36m>[39m
                    [36m<polyline[39m
                      [33mpoints[39m=[32m"22 12 16 12 14 15 10 15 8 12 2 12"[39m
                    [36m/>[39m
                    [36m<path[39m
                      [33md[39m=[32m"M5.45 5.11 2 12v6a2 2 0 0 0 2 2h16a2 2 0 0 0 2-2v-6l-3.45-6.89A2 2 0 0 0 16.76 4H7.24a2 2 0 0 0-1.79 1.11z"[39m
                    [36m/>[39m
                  [36m</svg>[39m
                  [36m<span>[39m
                    [0mInbox[0m
                  [36m</span>[39m
                [36m</button>[39m
                [36m<button[39m
                  [33maria-selected[39m=[32m"true"[39m
                  [33mclass[39m=[32m"inline-flex h-9 items-center gap-2 rounded-full border px-3 text-sm font-medium transition-colors duration-150 whitespace-nowrap active:scale-[0.98] focus-visible:outline-none focus-visible:ring-2 focus-visible:ring-c-focus focus-visible:ring-offset-1 ring-offset-white dark:ring-offset-navy-900 border-slate-300 bg-state-selected text-slate-900 dark:border-white/25 dark:text-slate-100"[39m
                  [33mrole[39m=[32m"tab"[39m
                  [33mtype[39m=[32m"button"[39m
                [36m>[39m
                  [36m<svg[39m
                    [33maria-hidden[39m=[32m"true"[39m
                    [33mclass[39m=[32m"lucide lucide-message-square"[39m
                    [33mfill[39m=[32m"none"[39m
                    [33mheight[39m=[32m"16"[39m
                    [33mstroke[39m=[32m"currentColor"[39m
                    [33mstroke-linecap[39m=[32m"round"[39m
                    [33mstroke-linejoin[39m=[32m"round"[39m
                    [33mstroke-width[39m=[32m"2"[39m
                    [33mviewBox[39m=[32m"0 0 24 24"[39m
                    [33mwidth[39m=[32m"16"[39m
                    [33mxmlns[39m=[32m"http://www.w3.org/2000/svg"[39m
                  [36m>[39m
                    [36m<path[39m
                      [33md[39m=[32m"M22 17a2 2 0 0 1-2 2H6.828a2 2 0 0 0-1.414.586l-2.202 2.202A.71.71 0 0 1 2 21.286V5a2 2 0 0 1 2-2h16a2 2 0 0 1 2 2z"[39m
                    [36m/>[39m
                  [36m</svg>[39m
                  [36m<span>[39m
                    [0mSessions[0m
                  [36m</span>[39m
                [36m</button>[39m
                [36m<button[39m
                  [33maria-selected[39m=[32m"false"[39m
                  [33mclass[39m=[32m"inline-flex h-9 items-center gap-2 rounded-full border px-3 text-sm font-medium transition-colors duration-150 whitespace-nowrap ac...

Ignored nodes: comments, script, style
[36m<body>[39m
  [36m<div>[39m
    [36m<div[39m
      [33mclass[39m=[32m"h-full"[39m
      [33mdata-testid[39m=[32m"interview-hub"[39m
    [36m>[39m
      [36m<div[39m
        [33mclass[39m=[32m"flex flex-col h-full bg-c-bg text-c-text"[39m
      [36m>[39m
        [36m<div[39m
          [33mclass[39m=[32m"bg-white dark:bg-navy-900 border-b border-slate-200/60 dark:border-white/5"[39m
        [36m>[39m
          [36m<div[39m
            [33mclass[39m=[32m"flex flex-wrap min-[1360px]:flex-nowrap items-center px-4 py-3 gap-2 min-[1360px]:gap-3 justify-between"[39m
            [33mdata-testid[39m=[32m"module-nav-main-row"[39m
          [36m>[39m
            [36m<div[39m
              [33mclass[39m=[32m"flex min-w-0 basis-full items-center gap-2 min-[1360px]:basis-auto min-[1360px]:gap-3"[39m
              [33mdata-testid[39m=[32m"module-nav-left-cluster"[39m
            [36m>[39m
              [36m<button[39m
                [33maria-disabled[39m=[32m"false"[39m
                [33maria-expanded[39m=[32m"false"[39m
                [33maria-label[39m=[32m"Search"[39m
                [33mclass[39m=[32m"h-9 w-9 inline-flex items-center justify-center rounded-full transition-colors duration-150 border text-slate-500 dark:text-slate-400 border-slate-200/70 dark:border-white/[0.06] hover:bg-slate-100/70 dark:hover:bg-white/[0.05]"[39m
                [33mtitle[39m=[32m"Search"[39m
                [33mtype[39m=[32m"button"[39m
              [36m>[39m
                [36m<svg[39m
                  [33maria-hidden[39m=[32m"true"[39m
                  [33mclass[39m=[32m"lucide lucide-search"[39m
                  [33mfill[39m=[32m"none"[39m
                  [33mheight[39m=[32m"18"[39m
                  [33mstroke[39m=[32m"currentColor"[39m
                  [33mstroke-linecap[39m=[32m"round"[39m
                  [33mstroke-linejoin[39m=[32m"round"[39m
                  [33mstroke-width[39m=[32m"2"[39m
                  [33mviewBox[39m=[32m"0 0 24 24"[39m
                  [33mwidth[39m=[32m"18"[39m
                  [33mxmlns[39m=[32m"http://www.w3.org/2000/svg"[39m
                [36m>[39m
                  [36m<path[39m
                    [33md[39m=[32m"m21 21-4.34-4.34"[39m
                  [36m/>[39m
                  [36m<circle[39m
                    [33mcx[39m=[32m"11"[39m
                    [33mcy[39m=[32m"11"[39m
                    [33mr[39m=[32m"8"[39m
                  [36m/>[39m
                [36m</svg>[39m
              [36m</button>[39m
              [36m<div[39m
                [33maria-label[39m=[32m"Module sections"[39m
                [33mclass[39m=[32m"app-table-scrollbar flex min-w-0 items-center gap-1.5 overflow-x-auto whitespace-nowrap"[39m
                [33mrole[39m=[32m"tablist"[39m
              [36m>[39m
                [36m<button[39m
                  [33maria-selected[39m=[32m"false"[39m
                  [33mclass[39m=[32m"inline-flex h-9 items-center gap-2 rounded-full border px-3 text-sm font-medium transition-colors duration-150 whitespace-nowrap active:scale-[0.98] focus-visible:outline-none focus-visible:ring-2 focus-visible:ring-c-focus focus-visible:ring-offset-1 ring-offset-white dark:ring-offset-navy-900 border-slate-200/70 bg-white/70 text-slate-700 hover:bg-state-hover dark:border-white/[0.06] dark:bg-white/[0.04] dark:text-slate-300"[39m
                  [33mrole[39m=[32m"tab"[39m
                  [33mtype[39m=[32m"button"[39m
                [36m>[39m
                  [36m<svg[39m
                    [33maria-hidden[39m=[32m"true"[39m
                    [33mclass[39m=[32m"lucide lucide-inbox"[39m
                    [33mfill[39m=[32m"none"[39m
                    [33mheight[39m=[32m"16"[39m
                    [33mstroke[39m=[32m"currentColor"[39m
                    [33mstroke-linecap[39m=[32m"round"[39m
                    [33mstroke-linejoin[39m=[32m"round"[39m
                    [33mstroke-width[39m=[32m"2"[39m
                    [33mviewBox[39m=[32m"0 0 24 24"[39m
                    [33mwidth[39m=[32m"16"[39m
                    [33mxmlns[39m=[32m"http://www.w3.org/2000/svg"[39m
                  [36m>[39m
                    [36m<polyline[39m
                      [33mpoints[39m=[32m"22 12 16 12 14 15 10 15 8 12 2 12"[39m
                    [36m/>[39m
                    [36m<path[39m
                      [33md[39m=[32m"M5.45 5.11 2 12v6a2 2 0 0 0 2 2h16a2 2 0 0 0 2-2v-6l-3.45-6.89A2 2 0 0 0 16.76 4H7.24a2 2 0 0 0-1.79 1.11z"[39m
                    [36m/>[39m
                  [36m</svg>[39m
                  [36m<span>[39m
                    [0mInbox[0m
                  [36m</span>[39m
                [36m</button>[39m
                [36m<button[39m
                  [33maria-selected[39m=[32m"true"[39m
                  [33mclass[39m=[32m"inline-flex h-9 items-center gap-2 rounded-full border px-3 text-sm font-medium transition-colors duration-150 whitespace-nowrap active:scale-[0.98] focus-visible:outline-none focus-visible:ring-2 focus-visible:ring-c-focus focus-visible:ring-offset-1 ring-offset-white dark:ring-offset-navy-900 border-slate-300 bg-state-selected text-slate-900 dark:border-white/25 dark:text-slate-100"[39m
                  [33mrole[39m=[32m"tab"[39m
                  [33mtype[39m=[32m"button"[39m
                [36m>[39m
                  [36m<svg[39m
                    [33maria-hidden[39m=[32m"true"[39m
                    [33mclass[39m=[32m"lucide lucide-message-square"[39m
                    [33mfill[39m=[32m"none"[39m
                    [33mheight[39m=[32m"16"[39m
                    [33mstroke[39m=[32m"currentColor"[39m
                    [33mstroke-linecap[39m=[32m"round"[39m
                    [33mstroke-linejoin[39m=[32m"round"[39m
                    [33mstroke-width[39m=[32m"2"[39m
                    [33mviewBox[39m=[32m"0 0 24 24"[39m
                    [33mwidth[39m=[32m"16"[39m
                    [33mxmlns[39m=[32m"http://www.w3.org/2000/svg"[39m
                  [36m>[39m
                    [36m<path[39m
                      [33md[39m=[32m"M22 17a2 2 0 0 1-2 2H6.828a2 2 0 0 0-1.414.586l-2.202 2.202A.71.71 0 0 1 2 21.286V5a2 2 0 0 1 2-2h16a2 2 0 0 1 2 2z"[39m
                    [36m/>[39m
                  [36m</svg>[39m
                  [36m<span>[39m
                    [0mSessions[0m
                  [36m</span>[39m
                [36m</button>[39m
                [36m<button[39m
                  [33maria-selected[39m=[32m"false"[39m
                  [33mclass[39m=[32m"inline-flex h-9 items-center gap-2 rounded-full border px-3 text-sm font-medium transition-colors duration-150 whitespace-nowrap ac...
[90m [2m❯[22m waitForWrapper ../../Consultify/node_modules/.pnpm/@testing-library+dom@10.4.2/node_modules/@testing-library/dom/dist/wait-for.js:[2m163:27[22m[39m
[90m [2m❯[22m ../../Consultify/node_modules/.pnpm/@testing-library+dom@10.4.2/node_modules/@testing-library/dom/dist/query-helpers.js:[2m86:33[22m[39m
[36m [2m❯[22m src/components/Interview/__tests__/InterviewHub.is2bSessionsColumns.test.tsx:[2m241:25[22m[39m
    [90m239|[39m
    [90m240|[39m     [90m// TEMPLATE column reads row.templateName.[39m
    [90m241|[39m     expect(await screen.findByText('is2b-template-discovery')).toBeInT…
    [90m   |[39m                         [31m^[39m
    [90m242|[39m     // ASSIGNEE column reads row.assigneeName (AssigneeCell renders th…
    [90m243|[39m     expect(await screen.findByText('is2b-assignee-sam')).toBeInTheDocu…

[31m[2m⎯⎯⎯⎯⎯⎯⎯⎯⎯⎯⎯⎯⎯⎯⎯⎯⎯⎯⎯⎯⎯⎯⎯⎯[1/1]⎯[22m[39m


[2m Test Files [22m [1m[31m1 failed[39m[22m[90m (1)[39m
[2m      Tests [22m [1m[31m1 failed[39m[22m[2m | [22m[1m[32m1 passed[39m[22m[90m (2)[39m
[2m   Start at [22m 07:45:04
[2m   Duration [22m 4.47s[2m (transform 2.12s, setup 141ms, import 2.83s, tests 1.14s, environment 270ms)[22m


[31m⎯⎯⎯⎯⎯⎯⎯[39m[1m[41m Failed Tests 1 [49m[22m[31m⎯⎯⎯⎯⎯⎯⎯[39m

[41m[1m FAIL [22m[49m src/components/Interview/__tests__/InterviewHub.is2bSessionsColumns.test.tsx[2m > [22mInterviewHub — IS-2b active sessions list renders the server-enriched columns[2m > [22mTEMPLATE / ASSIGNEE / DUE / SUBMITTED cells render the values the active endpoint now sends
[31m[1mTestingLibraryElementError[22m[39m: Unable to find an element with the text: is2b-template-discovery. This could be because the text is broken up by multiple elements. In this case, you can provide a function for your text matcher to make your matcher more flexible.

Ignored nodes: comments, script, style
[36m<body>[39m
  [36m<div>[39m
    [36m<div[39m
      [33mclass[39m=[32m"h-full"[39m
      [33mdata-testid[39m=[32m"interview-hub"[39m
    [36m>[39m
      [36m<div[39m
        [33mclass[39m=[32m"flex flex-col h-full bg-c-bg text-c-text"[39m
      [36m>[39m
        [36m<div[39m
          [33mclass[39m=[32m"bg-white dark:bg-navy-900 border-b border-slate-200/60 dark:border-white/5"[39m
        [36m>[39m
          [36m<div[39m
            [33mclass[39m=[32m"flex flex-wrap min-[1360px]:flex-nowrap items-center px-4 py-3 gap-2 min-[1360px]:gap-3 justify-between"[39m
            [33mdata-testid[39m=[32m"module-nav-main-row"[39m
          [36m>[39m
            [36m<div[39m
              [33mclass[39m=[32m"flex min-w-0 basis-full items-center gap-2 min-[1360px]:basis-auto min-[1360px]:gap-3"[39m
              [33mdata-testid[39m=[32m"module-nav-left-cluster"[39m
            [36m>[39m
              [36m<button[39m
                [33maria-disabled[39m=[32m"false"[39m
                [33maria-expanded[39m=[32m"false"[39m
                [33maria-label[39m=[32m"Search"[39m
                [33mclass[39m=[32m"h-9 w-9 inline-flex items-center justify-center rounded-full transition-colors duration-150 border text-slate-500 dark:text-slate-400 border-slate-200/70 dark:border-white/[0.06] hover:bg-slate-100/70 dark:hover:bg-white/[0.05]"[39m
                [33mtitle[39m=[32m"Search"[39m
                [33mtype[39m=[32m"button"[39m
              [36m>[39m
                [36m<svg[39m
                  [33maria-hidden[39m=[32m"true"[39m
                  [33mclass[39m=[32m"lucide lucide-search"[39m
                  [33mfill[39m=[32m"none"[39m
                  [33mheight[39m=[32m"18"[39m
                  [33mstroke[39m=[32m"currentColor"[39m
                  [33mstroke-linecap[39m=[32m"round"[39m
                  [33mstroke-linejoin[39m=[32m"round"[39m
                  [33mstroke-width[39m=[32m"2"[39m
                  [33mviewBox[39m=[32m"0 0 24 24"[39m
                  [33mwidth[39m=[32m"18"[39m
                  [33mxmlns[39m=[32m"http://www.w3.org/2000/svg"[39m
                [36m>[39m
                  [36m<path[39m
                    [33md[39m=[32m"m21 21-4.34-4.34"[39m
                  [36m/>[39m
                  [36m<circle[39m
                    [33mcx[39m=[32m"11"[39m
                    [33mcy[39m=[32m"11"[39m
                    [33mr[39m=[32m"8"[39m
                  [36m/>[39m
                [36m</svg>[39m
              [36m</button>[39m
              [36m<div[39m
                [33maria-label[39m=[32m"Module sections"[39m
                [33mclass[39m=[32m"app-table-scrollbar flex min-w-0 items-center gap-1.5 overflow-x-auto whitespace-nowrap"[39m
                [33mrole[39m=[32m"tablist"[39m
              [36m>[39m
                [36m<button[39m
                  [33maria-selected[39m=[32m"false"[39m
                  [33mclass[39m=[32m"inline-flex h-9 items-center gap-2 rounded-full border px-3 text-sm font-medium transition-colors duration-150 whitespace-nowrap active:scale-[0.98] focus-visible:outline-none focus-visible:ring-2 focus-visible:ring-c-focus focus-visible:ring-offset-1 ring-offset-white dark:ring-offset-navy-900 border-slate-200/70 bg-white/70 text-slate-700 hover:bg-state-hover dark:border-white/[0.06] dark:bg-white/[0.04] dark:text-slate-300"[39m
                  [33mrole[39m=[32m"tab"[39m
                  [33mtype[39m=[32m"button"[39m
                [36m>[39m
                  [36m<svg[39m
                    [33maria-hidden[39m=[32m"true"[39m
                    [33mclass[39m=[32m"lucide lucide-inbox"[39m
                    [33mfill[39m=[32m"none"[39m
                    [33mheight[39m=[32m"16"[39m
                    [33mstroke[39m=[32m"currentColor"[39m
                    [33mstroke-linecap[39m=[32m"round"[39m
                    [33mstroke-linejoin[39m=[32m"round"[39m
                    [33mstroke-width[39m=[32m"2"[39m
                    [33mviewBox[39m=[32m"0 0 24 24"[39m
                    [33mwidth[39m=[32m"16"[39m
                    [33mxmlns[39m=[32m"http://www.w3.org/2000/svg"[39m
                  [36m>[39m
                    [36m<polyline[39m
                      [33mpoints[39m=[32m"22 12 16 12 14 15 10 15 8 12 2 12"[39m
                    [36m/>[39m
                    [36m<path[39m
                      [33md[39m=[32m"M5.45 5.11 2 12v6a2 2 0 0 0 2 2h16a2 2 0 0 0 2-2v-6l-3.45-6.89A2 2 0 0 0 16.76 4H7.24a2 2 0 0 0-1.79 1.11z"[39m
                    [36m/>[39m
                  [36m</svg>[39m
                  [36m<span>[39m
                    [0mInbox[0m
                  [36m</span>[39m
                [36m</button>[39m
                [36m<button[39m
                  [33maria-selected[39m=[32m"true"[39m
                  [33mclass[39m=[32m"inline-flex h-9 items-center gap-2 rounded-full border px-3 text-sm font-medium transition-colors duration-150 whitespace-nowrap active:scale-[0.98] focus-visible:outline-none focus-visible:ring-2 focus-visible:ring-c-focus focus-visible:ring-offset-1 ring-offset-white dark:ring-offset-navy-900 border-slate-300 bg-state-selected text-slate-900 dark:border-white/25 dark:text-slate-100"[39m
                  [33mrole[39m=[32m"tab"[39m
                  [33mtype[39m=[32m"button"[39m
                [36m>[39m
                  [36m<svg[39m
                    [33maria-hidden[39m=[32m"true"[39m
                    [33mclass[39m=[32m"lucide lucide-message-square"[39m
                    [33mfill[39m=[32m"none"[39m
                    [33mheight[39m=[32m"16"[39m
                    [33mstroke[39m=[32m"currentColor"[39m
                    [33mstroke-linecap[39m=[32m"round"[39m
                    [33mstroke-linejoin[39m=[32m"round"[39m
                    [33mstroke-width[39m=[32m"2"[39m
                    [33mviewBox[39m=[32m"0 0 24 24"[39m
                    [33mwidth[39m=[32m"16"[39m
                    [33mxmlns[39m=[32m"http://www.w3.org/2000/svg"[39m
                  [36m>[39m
                    [36m<path[39m
                      [33md[39m=[32m"M22 17a2 2 0 0 1-2 2H6.828a2 2 0 0 0-1.414.586l-2.202 2.202A.71.71 0 0 1 2 21.286V5a2 2 0 0 1 2-2h16a2 2 0 0 1 2 2z"[39m
                    [36m/>[39m
                  [36m</svg>[39m
                  [36m<span>[39m
                    [0mSessions[0m
                  [36m</span>[39m
                [36m</button>[39m
                [36m<button[39m
                  [33maria-selected[39m=[32m"false"[39m
                  [33mclass[39m=[32m"inline-flex h-9 items-center gap-2 rounded-full border px-3 text-sm font-medium transition-colors duration-150 whitespace-nowrap ac...

Ignored nodes: comments, script, style
[36m<body>[39m
  [36m<div>[39m
    [36m<div[39m
      [33mclass[39m=[32m"h-full"[39m
      [33mdata-testid[39m=[32m"interview-hub"[39m
    [36m>[39m
      [36m<div[39m
        [33mclass[39m=[32m"flex flex-col h-full bg-c-bg text-c-text"[39m
      [36m>[39m
        [36m<div[39m
          [33mclass[39m=[32m"bg-white dark:bg-navy-900 border-b border-slate-200/60 dark:border-white/5"[39m
        [36m>[39m
          [36m<div[39m
            [33mclass[39m=[32m"flex flex-wrap min-[1360px]:flex-nowrap items-center px-4 py-3 gap-2 min-[1360px]:gap-3 justify-between"[39m
            [33mdata-testid[39m=[32m"module-nav-main-row"[39m
          [36m>[39m
            [36m<div[39m
              [33mclass[39m=[32m"flex min-w-0 basis-full items-center gap-2 min-[1360px]:basis-auto min-[1360px]:gap-3"[39m
              [33mdata-testid[39m=[32m"module-nav-left-cluster"[39m
            [36m>[39m
              [36m<button[39m
                [33maria-disabled[39m=[32m"false"[39m
                [33maria-expanded[39m=[32m"false"[39m
                [33maria-label[39m=[32m"Search"[39m
                [33mclass[39m=[32m"h-9 w-9 inline-flex items-center justify-center rounded-full transition-colors duration-150 border text-slate-500 dark:text-slate-400 border-slate-200/70 dark:border-white/[0.06] hover:bg-slate-100/70 dark:hover:bg-white/[0.05]"[39m
                [33mtitle[39m=[32m"Search"[39m
                [33mtype[39m=[32m"button"[39m
              [36m>[39m
                [36m<svg[39m
                  [33maria-hidden[39m=[32m"true"[39m
                  [33mclass[39m=[32m"lucide lucide-search"[39m
                  [33mfill[39m=[32m"none"[39m
                  [33mheight[39m=[32m"18"[39m
                  [33mstroke[39m=[32m"currentColor"[39m
                  [33mstroke-linecap[39m=[32m"round"[39m
                  [33mstroke-linejoin[39m=[32m"round"[39m
                  [33mstroke-width[39m=[32m"2"[39m
                  [33mviewBox[39m=[32m"0 0 24 24"[39m
                  [33mwidth[39m=[32m"18"[39m
                  [33mxmlns[39m=[32m"http://www.w3.org/2000/svg"[39m
                [36m>[39m
                  [36m<path[39m
                    [33md[39m=[32m"m21 21-4.34-4.34"[39m
                  [36m/>[39m
                  [36m<circle[39m
                    [33mcx[39m=[32m"11"[39m
                    [33mcy[39m=[32m"11"[39m
                    [33mr[39m=[32m"8"[39m
                  [36m/>[39m
                [36m</svg>[39m
              [36m</button>[39m
              [36m<div[39m
                [33maria-label[39m=[32m"Module sections"[39m
                [33mclass[39m=[32m"app-table-scrollbar flex min-w-0 items-center gap-1.5 overflow-x-auto whitespace-nowrap"[39m
                [33mrole[39m=[32m"tablist"[39m
              [36m>[39m
                [36m<button[39m
                  [33maria-selected[39m=[32m"false"[39m
                  [33mclass[39m=[32m"inline-flex h-9 items-center gap-2 rounded-full border px-3 text-sm font-medium transition-colors duration-150 whitespace-nowrap active:scale-[0.98] focus-visible:outline-none focus-visible:ring-2 focus-visible:ring-c-focus focus-visible:ring-offset-1 ring-offset-white dark:ring-offset-navy-900 border-slate-200/70 bg-white/70 text-slate-700 hover:bg-state-hover dark:border-white/[0.06] dark:bg-white/[0.04] dark:text-slate-300"[39m
                  [33mrole[39m=[32m"tab"[39m
                  [33mtype[39m=[32m"button"[39m
                [36m>[39m
                  [36m<svg[39m
                    [33maria-hidden[39m=[32m"true"[39m
                    [33mclass[39m=[32m"lucide lucide-inbox"[39m
                    [33mfill[39m=[32m"none"[39m
                    [33mheight[39m=[32m"16"[39m
                    [33mstroke[39m=[32m"currentColor"[39m
                    [33mstroke-linecap[39m=[32m"round"[39m
                    [33mstroke-linejoin[39m=[32m"round"[39m
                    [33mstroke-width[39m=[32m"2"[39m
                    [33mviewBox[39m=[32m"0 0 24 24"[39m
                    [33mwidth[39m=[32m"16"[39m
                    [33mxmlns[39m=[32m"http://www.w3.org/2000/svg"[39m
                  [36m>[39m
                    [36m<polyline[39m
                      [33mpoints[39m=[32m"22 12 16 12 14 15 10 15 8 12 2 12"[39m
                    [36m/>[39m
                    [36m<path[39m
                      [33md[39m=[32m"M5.45 5.11 2 12v6a2 2 0 0 0 2 2h16a2 2 0 0 0 2-2v-6l-3.45-6.89A2 2 0 0 0 16.76 4H7.24a2 2 0 0 0-1.79 1.11z"[39m
                    [36m/>[39m
                  [36m</svg>[39m
                  [36m<span>[39m
                    [0mInbox[0m
                  [36m</span>[39m
                [36m</button>[39m
                [36m<button[39m
                  [33maria-selected[39m=[32m"true"[39m
                  [33mclass[39m=[32m"inline-flex h-9 items-center gap-2 rounded-full border px-3 text-sm font-medium transition-colors duration-150 whitespace-nowrap active:scale-[0.98] focus-visible:outline-none focus-visible:ring-2 focus-visible:ring-c-focus focus-visible:ring-offset-1 ring-offset-white dark:ring-offset-navy-900 border-slate-300 bg-state-selected text-slate-900 dark:border-white/25 dark:text-slate-100"[39m
                  [33mrole[39m=[32m"tab"[39m
                  [33mtype[39m=[32m"button"[39m
                [36m>[39m
                  [36m<svg[39m
                    [33maria-hidden[39m=[32m"true"[39m
                    [33mclass[39m=[32m"lucide lucide-message-square"[39m
                    [33mfill[39m=[32m"none"[39m
                    [33mheight[39m=[32m"16"[39m
                    [33mstroke[39m=[32m"currentColor"[39m
                    [33mstroke-linecap[39m=[32m"round"[39m
                    [33mstroke-linejoin[39m=[32m"round"[39m
                    [33mstroke-width[39m=[32m"2"[39m
                    [33mviewBox[39m=[32m"0 0 24 24"[39m
                    [33mwidth[39m=[32m"16"[39m
                    [33mxmlns[39m=[32m"http://www.w3.org/2000/svg"[39m
                  [36m>[39m
                    [36m<path[39m
                      [33md[39m=[32m"M22 17a2 2 0 0 1-2 2H6.828a2 2 0 0 0-1.414.586l-2.202 2.202A.71.71 0 0 1 2 21.286V5a2 2 0 0 1 2-2h16a2 2 0 0 1 2 2z"[39m
                    [36m/>[39m
                  [36m</svg>[39m
                  [36m<span>[39m
                    [0mSessions[0m
                  [36m</span>[39m
                [36m</button>[39m
                [36m<button[39m
                  [33maria-selected[39m=[32m"false"[39m
                  [33mclass[39m=[32m"inline-flex h-9 items-center gap-2 rounded-full border px-3 text-sm font-medium transition-colors duration-150 whitespace-nowrap ac...
[90m [2m❯[22m waitForWrapper ../../Consultify/node_modules/.pnpm/@testing-library+dom@10.4.2/node_modules/@testing-library/dom/dist/wait-for.js:[2m163:27[22m[39m
[90m [2m❯[22m ../../Consultify/node_modules/.pnpm/@testing-library+dom@10.4.2/node_modules/@testing-library/dom/dist/query-helpers.js:[2m86:33[22m[39m
[36m [2m❯[22m src/components/Interview/__tests__/InterviewHub.is2bSessionsColumns.test.tsx:[2m241:25[22m[39m
    [90m239|[39m
    [90m240|[39m     [90m// TEMPLATE column reads row.templateName.[39m
    [90m241|[39m     expect(await screen.findByText('is2b-template-discovery')).toBeInT…
    [90m   |[39m                         [31m^[39m
    [90m242|[39m     // ASSIGNEE column reads row.assigneeName (AssigneeCell renders th…
    [90m243|[39m     expect(await screen.findByText('is2b-assignee-sam')).toBeInTheDocu…

[31m[2m⎯⎯⎯⎯⎯⎯⎯⎯⎯⎯⎯⎯⎯⎯⎯⎯⎯⎯⎯⎯⎯⎯⎯⎯[1/1]⎯[22m[39m


[2m Test Files [22m [1m[31m1 failed[39m[22m[90m (1)[39m
[2m      Tests [22m [1m[31m1 failed[39m[22m[2m | [22m[1m[32m1 passed[39m[22m[90m (2)[39m
[2m   Start at [22m 07:45:04
[2m   Duration [22m 4.48s[2m (transform 2.12s, setup 141ms, import 2.83s, tests 1.14s, environment 270ms)[22m

JSON report written to /Users/piotrwisniewski/Developer/qoder-wt/consultify/junit.xml
JUNIT report written to /Users/piotrwisniewski/Developer/qoder-wt/consultify/junit.xml
