11-http-server-light-1600x1000.png errors=0
11-http-saving-light-1600x1000.png errors=0
11-http-saved-light-1600x1000.png errors=0
11-http-offline-light-1600x1000.png errors=0
11-http-recovery-draft-light-1600x1000.png errors=0
11-http-conflict-light-1600x1000.png errors=0
11-http-reconnecting-light-1600x1000.png errors=0
11-http-recovered-light-1600x1000.png errors=0
11-http-server-dark-1600x1000.png errors=0
11-http-saving-dark-1600x1000.png errors=0
11-http-saved-dark-1600x1000.png errors=0
11-http-offline-dark-1600x1000.png errors=0
11-http-recovery-draft-dark-1600x1000.png errors=0
11-http-conflict-dark-1600x1000.png errors=0
11-http-reconnecting-dark-1600x1000.png errors=0
11-http-recovered-dark-1600x1000.png errors=0
11-http-server-light-1280x800.png errors=0
11-http-saving-light-1280x800.png errors=0
11-http-saved-light-1280x800.png errors=0
11-http-offline-light-1280x800.png errors=0
11-http-recovery-draft-light-1280x800.png errors=0
11-http-conflict-light-1280x800.png errors=0
11-http-reconnecting-light-1280x800.png errors=0
11-http-recovered-light-1280x800.png errors=0
