[d0] Bezpiecznik listy zachowanej: OK (3 chronionych, zero kolizji).
[d0] Tryb: apply · cel: thomas.proxy.rlwy.net:52567/railway
[d0] Manifest „przed" zapisany: /Users/piotrwisniewski/Developer/wt/fable-inicjatywy/evidence/dane-pokazowe-en/usun-organizacje-2026-09-09T19-40-02-773Z-manifest.json (6512 wierszy).
[d0] GRANICA ROLLBACKU: manifest obejmuje wyłącznie tabele ze wskaźnikiem na organizację. Wiersze kasowane kaskadą z tabel BEZ takiego wskaźnika przywróci tylko pg_dump zrobiony przed operacją.
[d0] Do wyczyszczenia jawnie: 42 tabel (z 100 blokującymi w tej liczbie).
[d0] domknięcie pominęło: budget_initiative_links → initiatives (FK wielokolumnowy)
[d0] domknięcie pominęło: finance_budget_initiative_link_receipts → initiatives (FK wielokolumnowy)
[d0] domknięcie pominęło: finance_budget_initiative_unlink_receipts → initiatives (FK wielokolumnowy)
[d0] domknięcie pominęło: finance_post_investment_reviews → initiatives (FK wielokolumnowy)
[d0] domknięcie pominęło: finance_statement_source_receipts → financial_statement_ingest_runs (FK wielokolumnowy)
[d0] domknięcie pominęło: finance_statement_confirmation_receipts → financial_statements (FK wielokolumnowy)
[d0] domknięcie pominęło: finance_statement_manual_mapping_decisions → financial_statements (FK wielokolumnowy)
[d0] domknięcie pominęło: finance_statement_source_receipts → financial_statements (FK wielokolumnowy)
[d0] domknięcie pominęło: finance_statement_confirmation_receipts → financial_statement_packs (FK wielokolumnowy)
[d0] domknięcie pominęło: finance_statement_pack_archive_command_receipts → financial_statement_packs (FK wielokolumnowy)
[d0] domknięcie pominęło: initiative_lifecycle_gate_decisions → initiative_lifecycle_gate_decisions (FK na samą siebie)
[d0] domknięcie pominęło: rvn_kpi_initiative_impacts → rvn_kpi_initiative_impacts (FK na samą siebie)
[d0] domknięcie pominęło: finance_baseline_context_command_receipts → finance_baseline_workspace_contexts (FK wielokolumnowy)
[d0] domknięcie pominęło: finance_statement_confirmation_receipts → finance_statement_source_receipts (FK wielokolumnowy)
[d0] domknięcie pominęło: finance_statement_manual_mapping_decisions → finance_statement_source_receipts (FK wielokolumnowy)
[d0] domknięcie pominęło: initiative_lifecycle_gate_decisions → initiative_lifecycle_gate_decisions (FK na samą siebie)
[d0] domknięcie pominęło: partner_owner_binding_receipts → partner_owner_binding_receipts (FK na samą siebie)
[d0] domknięcie pominęło: report_builder_reports → report_builder_reports (FK na samą siebie)
[d0] domknięcie pominęło: report_builder_reports → report_builder_reports (FK na samą siebie)
[d0] domknięcie pominęło: report_builder_reports → report_builder_reports (FK na samą siebie)
[d0] domknięcie pominęło: report_builder_reports → report_builder_reports (FK na samą siebie)
[d0] domknięcie pominęło: budget_initiative_links → budgets (FK wielokolumnowy)
[d0] domknięcie pominęło: finance_budget_approval_command_receipts → budgets (FK wielokolumnowy)
[d0] domknięcie pominęło: finance_budget_discard_command_receipts → budgets (FK wielokolumnowy)
[d0] domknięcie pominęło: finance_budget_document_import_receipts → budgets (FK wielokolumnowy)
[d0] domknięcie pominęło: finance_budget_initiative_link_receipts → budgets (FK wielokolumnowy)
[d0] domknięcie pominęło: finance_budget_initiative_unlink_receipts → budgets (FK wielokolumnowy)
[d0] domknięcie pominęło: finance_budget_line_command_receipts → budgets (FK wielokolumnowy)
[d0] domknięcie pominęło: finance_budget_projection_command_receipts → budgets (FK wielokolumnowy)
[d0] domknięcie pominęło: finance_budget_registration_receipts → budgets (FK wielokolumnowy)
[d0] domknięcie pominęło: finance_budget_scenario_adjustment_command_receipts → budgets (FK wielokolumnowy)
[d0] domknięcie pominęło: rvn_roi_actual_entries → rvn_roi_actual_entries (FK na samą siebie)
[d0] domknięcie pominęło: rvn_finance_reconciliation_decisions → rvn_roi_finance_reconciliations (FK wielokolumnowy)
[d0] domknięcie pominęło: finance_valuation_compute_command_receipts → compute_jobs (FK wielokolumnowy)
[d0] domknięcie pominęło: compute_jobs → compute_jobs (FK na samą siebie)
[d0] domknięcie pominęło: finance_analysis_kpi_catalog → finance_analysis_kpi_catalog (FK na samą siebie)
[d0] domknięcie pominęło: artifact_lifecycle_events → finance_artifacts (FK wielokolumnowy)
[d0] domknięcie pominęło: compute_job_outputs → finance_artifacts (FK wielokolumnowy)
[d0] domknięcie pominęło: compute_jobs → finance_artifacts (FK wielokolumnowy)
[d0] domknięcie pominęło: finance_artifact_aliases → finance_artifacts (FK wielokolumnowy)
[d0] domknięcie pominęło: finance_business_versions → finance_artifacts (FK wielokolumnowy)
[d0] domknięcie pominęło: finance_comments → finance_artifacts (FK wielokolumnowy)
[d0] domknięcie pominęło: finance_compute_snapshots → finance_artifacts (FK wielokolumnowy)
[d0] domknięcie pominęło: finance_exceptions → finance_artifacts (FK wielokolumnowy)
[d0] domknięcie pominęło: finance_export_manifests → finance_artifacts (FK wielokolumnowy)
[d0] domknięcie pominęło: finance_reconciliation_runs → finance_artifacts (FK wielokolumnowy)
[d0] domknięcie pominęło: finance_saved_views → finance_artifacts (FK wielokolumnowy)
[d0] domknięcie pominęło: finance_statement_confirmation_receipts → finance_artifacts (FK wielokolumnowy)
[d0] domknięcie pominęło: finance_valuation_depth_command_receipts → finance_artifacts (FK wielokolumnowy)
[d0] domknięcie pominęło: finance_valuation_depth_states → finance_artifacts (FK wielokolumnowy)
[d0] domknięcie pominęło: finance_valuation_direct_assumptions → finance_artifacts (FK wielokolumnowy)
[d0] domknięcie pominęło: finance_valuation_discard_receipts → finance_artifacts (FK wielokolumnowy)
[d0] domknięcie pominęło: finance_valuation_input_command_events → finance_artifacts (FK wielokolumnowy)
[d0] domknięcie pominęło: finance_valuation_negotiation_pack_receipts → finance_artifacts (FK wielokolumnowy)
[d0] domknięcie pominęło: finance_valuation_negotiation_packs → finance_artifacts (FK wielokolumnowy)
[d0] domknięcie pominęło: finance_valuation_pptx_exports → finance_artifacts (FK wielokolumnowy)
[d0] domknięcie pominęło: finance_valuation_registration_command_receipts → finance_artifacts (FK wielokolumnowy)
[d0] domknięcie pominęło: finance_working_revisions → finance_artifacts (FK wielokolumnowy)
[d0] domknięcie pominęło: finance_baseline_context_command_receipts → finance_baseline_workspace_contexts (FK wielokolumnowy)
[d0] domknięcie pominęło: finance_comment_assignments → finance_comments (FK wielokolumnowy)
[d0] domknięcie pominęło: finance_statement_confirmation_receipts → finance_statement_source_receipts (FK wielokolumnowy)
[d0] domknięcie pominęło: finance_statement_manual_mapping_decisions → finance_statement_source_receipts (FK wielokolumnowy)
[d0] domknięcie pominęło: finance_stmt_periods → finance_stmt_periods (FK na samą siebie)
[d0] domknięcie pominęło: report_builder_reports → report_builder_reports (FK na samą siebie)
[d0] domknięcie pominęło: rvn_roi_finance_reconciliations → rvn_finance_reconciliation_decisions (FK wielokolumnowy)
[d0] domknięcie pominęło: rvn_roi_actual_entries → rvn_roi_actual_entries (FK na samą siebie)
[d0] domknięcie pominęło: rvn_roi_actual_entries → rvn_roi_actual_entries (FK na samą siebie)
[d0] domknięcie pominęło: rvn_finance_reconciliation_decisions → rvn_roi_finance_reconciliations (FK wielokolumnowy)
[d0] domknięcie pominęło: case_workspace_action_proposals → case_workspace_action_proposals (FK na samą siebie)
[d0] domknięcie pominęło: finance_prediction_impact_chain → finance_prediction_impact_chain (FK na samą siebie)
[d0] domknięcie pominęło: finance_stmt_reconciliation → finance_stmt_reconciliation (FK na samą siebie)
[d0] domknięcie pominęło: finance_stmt_periods → finance_stmt_periods (FK na samą siebie)
[d0] domknięcie pominęło: finance_baseline_backtest_line_results → finance_baseline_backtest_runs (FK wielokolumnowy)
[d0] domknięcie pominęło: finance_baseline_backtest_line_results → finance_baseline_backtest_runs (FK wielokolumnowy)
[d0] domknięcie pominęło: finance_baseline_context_command_receipts → finance_baseline_workspace_contexts (FK wielokolumnowy)
[d0] domknięcie pominęło: finance_prediction_impact_chain → finance_prediction_impact_chain (FK na samą siebie)
[d0] domknięcie pominęło: finance_stmt_lines → finance_stmt_lines (FK na samą siebie)
[d0] domknięcie pominęło: finance_stmt_reconciliation → finance_stmt_reconciliation (FK na samą siebie)
[d0] domknięcie pominęło: finance_baseline_context_command_receipts → finance_baseline_workspace_contexts (FK wielokolumnowy)
[d0] domknięcie pominęło: finance_statement_confirmation_receipts → finance_statement_source_receipts (FK wielokolumnowy)
[d0] domknięcie pominęło: finance_statement_manual_mapping_decisions → finance_statement_source_receipts (FK wielokolumnowy)
[d0] domknięcie pominęło: initiative_lifecycle_gate_decisions → initiative_lifecycle_gate_decisions (FK na samą siebie)
[d0] domknięcie pominęło: partner_owner_binding_receipts → partner_owner_binding_receipts (FK na samą siebie)
[d0] domknięcie pominęło: report_builder_reports → report_builder_reports (FK na samą siebie)
[d0] domknięcie pominęło: report_builder_reports → report_builder_reports (FK na samą siebie)
[d0] domknięcie pominęło: report_builder_reports → report_builder_reports (FK na samą siebie)
[d0] domknięcie pominęło: report_builder_reports → report_builder_reports (FK na samą siebie)
[d0] domknięcie pominęło: rvn_roi_actual_entries → rvn_roi_actual_entries (FK na samą siebie)
[d0] domknięcie pominęło: rvn_finance_reconciliation_decisions → rvn_roi_finance_reconciliations (FK wielokolumnowy)
[d0] domknięcie pominęło: rvn_roi_actual_entries → rvn_roi_actual_entries (FK na samą siebie)
[d0] domknięcie pominęło: rvn_finance_reconciliation_decisions → rvn_roi_finance_reconciliations (FK wielokolumnowy)
[d0] domknięcie pominęło: rvn_roi_actual_entries → rvn_roi_actual_entries (FK na samą siebie)
[d0] domknięcie pominęło: rvn_finance_reconciliation_decisions → rvn_roi_finance_reconciliations (FK wielokolumnowy)
[d0] domknięcie pominęło: rvn_roi_actual_entries → rvn_roi_actual_entries (FK na samą siebie)
[d0] domknięcie pominęło: rvn_finance_reconciliation_decisions → rvn_roi_finance_reconciliations (FK wielokolumnowy)
[d0] domknięcie pominęło: rvn_roi_actual_entries → rvn_roi_actual_entries (FK na samą siebie)
[d0] domknięcie pominęło: rvn_finance_reconciliation_decisions → rvn_roi_finance_reconciliations (FK wielokolumnowy)
[d0] domknięcie pominęło: finance_stmt_reconciliation → finance_stmt_reconciliation (FK na samą siebie)
[d0] domknięcie pominęło: finance_stmt_reconciliation → finance_stmt_reconciliation (FK na samą siebie)
[d0] domknięcie pominęło: finance_baseline_backtest_line_results → finance_baseline_backtest_runs (FK wielokolumnowy)
[d0] domknięcie pominęło: finance_baseline_backtest_line_results → finance_baseline_backtest_runs (FK wielokolumnowy)
[d0] domknięcie pominęło: finance_baseline_context_command_receipts → finance_baseline_workspace_contexts (FK wielokolumnowy)
[d0] domknięcie pominęło: finance_prediction_impact_chain → finance_prediction_impact_chain (FK na samą siebie)
[d0] domknięcie pominęło: finance_stmt_lines → finance_stmt_lines (FK na samą siebie)
[d0] domknięcie pominęło: finance_stmt_reconciliation → finance_stmt_reconciliation (FK na samą siebie)
[d0] domknięcie pominęło: finance_prediction_impact_chain → finance_prediction_impact_chain (FK na samą siebie)
[d0] domknięcie pominęło: finance_valuation_compute_command_receipts → compute_jobs (FK wielokolumnowy)
[d0] domknięcie pominęło: compute_jobs → compute_jobs (FK na samą siebie)
[d0] domknięcie pominęło: finance_analysis_kpi_catalog → finance_analysis_kpi_catalog (FK na samą siebie)
[d0] domknięcie pominęło: artifact_lifecycle_events → finance_artifacts (FK wielokolumnowy)
[d0] domknięcie pominęło: compute_job_outputs → finance_artifacts (FK wielokolumnowy)
[d0] domknięcie pominęło: compute_jobs → finance_artifacts (FK wielokolumnowy)
[d0] domknięcie pominęło: finance_artifact_aliases → finance_artifacts (FK wielokolumnowy)
[d0] domknięcie pominęło: finance_business_versions → finance_artifacts (FK wielokolumnowy)
[d0] domknięcie pominęło: finance_comments → finance_artifacts (FK wielokolumnowy)
[d0] domknięcie pominęło: finance_compute_snapshots → finance_artifacts (FK wielokolumnowy)
[d0] domknięcie pominęło: finance_exceptions → finance_artifacts (FK wielokolumnowy)
[d0] domknięcie pominęło: finance_export_manifests → finance_artifacts (FK wielokolumnowy)
[d0] domknięcie pominęło: finance_reconciliation_runs → finance_artifacts (FK wielokolumnowy)
[d0] domknięcie pominęło: finance_saved_views → finance_artifacts (FK wielokolumnowy)
[d0] domknięcie pominęło: finance_statement_confirmation_receipts → finance_artifacts (FK wielokolumnowy)
[d0] domknięcie pominęło: finance_valuation_depth_command_receipts → finance_artifacts (FK wielokolumnowy)
[d0] domknięcie pominęło: finance_valuation_depth_states → finance_artifacts (FK wielokolumnowy)
[d0] domknięcie pominęło: finance_valuation_direct_assumptions → finance_artifacts (FK wielokolumnowy)
[d0] domknięcie pominęło: finance_valuation_discard_receipts → finance_artifacts (FK wielokolumnowy)
[d0] domknięcie pominęło: finance_valuation_input_command_events → finance_artifacts (FK wielokolumnowy)
[d0] domknięcie pominęło: finance_valuation_negotiation_pack_receipts → finance_artifacts (FK wielokolumnowy)
[d0] domknięcie pominęło: finance_valuation_negotiation_packs → finance_artifacts (FK wielokolumnowy)
[d0] domknięcie pominęło: finance_valuation_pptx_exports → finance_artifacts (FK wielokolumnowy)
[d0] domknięcie pominęło: finance_valuation_registration_command_receipts → finance_artifacts (FK wielokolumnowy)
[d0] domknięcie pominęło: finance_working_revisions → finance_artifacts (FK wielokolumnowy)
[d0] domknięcie pominęło: finance_baseline_context_command_receipts → finance_baseline_workspace_contexts (FK wielokolumnowy)
[d0] domknięcie pominęło: finance_comment_assignments → finance_comments (FK wielokolumnowy)
[d0] domknięcie pominęło: finance_statement_confirmation_receipts → finance_statement_source_receipts (FK wielokolumnowy)
[d0] domknięcie pominęło: finance_statement_manual_mapping_decisions → finance_statement_source_receipts (FK wielokolumnowy)
[d0] domknięcie pominęło: finance_stmt_periods → finance_stmt_periods (FK na samą siebie)
[d0] domknięcie pominęło: report_builder_reports → report_builder_reports (FK na samą siebie)
[d0] domknięcie pominęło: rvn_roi_finance_reconciliations → rvn_finance_reconciliation_decisions (FK wielokolumnowy)
[d0] domknięcie pominęło: osiągnięto limit głębokości 5; 349 tabel niezbadanych
[d0] Dzieci bez wskaźnika na organizację: 1043 zadań, 0 wierszy dopisanych do manifestu.
[d0] Triggery użytkownika wyłączone na czas transakcji: 87 tabel (append-only itp.).
[d0] kasowanie przebieg 1: usunięto łącznie 6160, tabel z problemem 0
[d0] APPLY: usunięto 22 organizacji i 6160 wierszy jawnie (przed kasowaniem naliczono 6490). Kaskada zdjęła dodatkowo wiersze z tabel bez wskaźnika na organizację.
[d0] Rollback: --rollback=/Users/piotrwisniewski/Developer/wt/fable-inicjatywy/evidence/dane-pokazowe-en/usun-organizacje-2026-09-09T19-40-02-773Z-manifest.json
