[d0] Tryb bez listy identyfikatorów (sieroty nie należą do żadnej organizacji).
[d0] Tryb: sieroty-apply · cel: thomas.proxy.rlwy.net:52567/railway
[d0] Topologia odczytana z bazy: 1285 kolumn wskazujących na organizację.
[d0] Liczę sieroty (to trwa — pełny skan tabel z kolumną organizacji)…
node:events:486
      throw er; // Unhandled 'error' event
      ^

Error: read EADDRNOTAVAIL
    at TCP.onStreamRead (node:internal/stream_base_commons:216:20)
Emitted 'error' event on Client instance at:
    at Client._handleErrorEvent (/Users/piotrwisniewski/Developer/Consultify/node_modules/pg/lib/client.js:350:10)
    at Connection.emit (node:events:508:28)
    at Socket.reportStreamError (/Users/piotrwisniewski/Developer/Consultify/node_modules/pg/lib/connection.js:57:12)
    at Socket.emit (node:events:508:28)
    at emitErrorNT (node:internal/streams/destroy:170:8)
    at emitErrorCloseNT (node:internal/streams/destroy:129:3)
    at process.processTicksAndRejections (node:internal/process/task_queues:89:21) {
  errno: -49,
  code: 'EADDRNOTAVAIL',
  syscall: 'read'
}

Node.js v24.12.0
