TAP version 13
# Subtest: a view that attempts a write is a PRODUCT defect, not a harness problem
ok 1 - a view that attempts a write is a PRODUCT defect, not a harness problem
  ---
  duration_ms: 1.228917
  type: 'test'
  ...
# Subtest: app-reported errors stay PRODUCT even when the route never settled
not ok 2 - app-reported errors stay PRODUCT even when the route never settled
  ---
  duration_ms: 0.614666
  type: 'test'
  location: '/Users/piotrwisniewski/Developer/qoder-wt/consultify-d/scripts/e2e-1-matrix/classify.test.mjs:59:1'
  failureType: 'testCodeFailure'
  error: |-
    Expected values to be strictly equal:
    
    'ENV' !== 'PRODUCT'
    
  code: 'ERR_ASSERTION'
  name: 'AssertionError'
  expected: 'PRODUCT'
  actual: 'ENV'
  operator: 'strictEqual'
  stack: |-
    TestContext.<anonymous> (file:///Users/piotrwisniewski/Developer/qoder-wt/consultify-d/scripts/e2e-1-matrix/classify.test.mjs:61:10)
    Test.runInAsyncScope (node:async_hooks:214:14)
    Test.run (node:internal/test_runner/test:1106:25)
    Test.processPendingSubtests (node:internal/test_runner/test:788:18)
    Test.postRun (node:internal/test_runner/test:1235:19)
    Test.run (node:internal/test_runner/test:1163:12)
    async startSubtestAfterBootstrap (node:internal/test_runner/harness:358:3)
  ...
# Subtest: the harness own blocked-request console noise is not an app error
ok 3 - the harness own blocked-request console noise is not an app error
  ---
  duration_ms: 0.607084
  type: 'test'
  ...
# Subtest: a browser-level connectivity failure is ENV, not a product defect
not ok 4 - a browser-level connectivity failure is ENV, not a product defect
  ---
  duration_ms: 0.20375
  type: 'test'
  location: '/Users/piotrwisniewski/Developer/qoder-wt/consultify-d/scripts/e2e-1-matrix/classify.test.mjs:93:1'
  failureType: 'testCodeFailure'
  error: |-
    an app-reported 5xx outranks the connectivity failure
    
    'ENV' !== 'PRODUCT'
    
  code: 'ERR_ASSERTION'
  name: 'AssertionError'
  expected: 'PRODUCT'
  actual: 'ENV'
  operator: 'strictEqual'
  stack: |-
    TestContext.<anonymous> (file:///Users/piotrwisniewski/Developer/qoder-wt/consultify-d/scripts/e2e-1-matrix/classify.test.mjs:111:10)
    Test.runInAsyncScope (node:async_hooks:214:14)
    Test.run (node:internal/test_runner/test:1106:25)
    Test.processPendingSubtests (node:internal/test_runner/test:788:18)
    Test.postRun (node:internal/test_runner/test:1235:19)
    Test.run (node:internal/test_runner/test:1163:12)
    async Test.processPendingSubtests (node:internal/test_runner/test:788:7)
  ...
# Subtest: a non-interactable control with a stuck spinner is ENV, not PRODUCT
ok 5 - a non-interactable control with a stuck spinner is ENV, not PRODUCT
  ---
  duration_ms: 0.093333
  type: 'test'
  ...
# Subtest: a flag profile that moved inside one principal makes its cells ENV
ok 6 - a flag profile that moved inside one principal makes its cells ENV
  ---
  duration_ms: 0.068
  type: 'test'
  ...
# Subtest: MISSING in every comparable variant is CONTRACT; MISSING in one of two is PRODUCT
ok 7 - MISSING in every comparable variant is CONTRACT; MISSING in one of two is PRODUCT
  ---
  duration_ms: 0.080666
  type: 'test'
  ...
# Subtest: a click timeout with no app error is CONTRACT; an unexplained FAIL is PRODUCT
ok 8 - a click timeout with no app error is CONTRACT; an unexplained FAIL is PRODUCT
  ---
  duration_ms: 0.131125
  type: 'test'
  ...
# Subtest: menu1 landing on the wrong route is PRODUCT with the measured route in the reason
ok 9 - menu1 landing on the wrong route is PRODUCT with the measured route in the reason
  ---
  duration_ms: 0.222792
  type: 'test'
  ...
# Subtest: PASS cells are never classified and the default bias is PRODUCT
ok 10 - PASS cells are never classified and the default bias is PRODUCT
  ---
  duration_ms: 0.135375
  type: 'test'
  ...
# Subtest: the flag profile is order-insensitive and moves only with a value
ok 11 - the flag profile is order-insensitive and moves only with a value
  ---
  duration_ms: 0.504167
  type: 'test'
  ...
# Subtest: the flag profile covers the v8 snapshot, not only an empty runtime map
ok 12 - the flag profile covers the v8 snapshot, not only an empty runtime map
  ---
  duration_ms: 0.118833
  type: 'test'
  ...
# Subtest: groups only compare variants of the same principal and locale
ok 13 - groups only compare variants of the same principal and locale
  ---
  duration_ms: 0.238417
  type: 'test'
  ...
# Subtest: classifyResult annotates every non-PASS cell and counts the split
ok 14 - classifyResult annotates every non-PASS cell and counts the split
  ---
  duration_ms: 0.179167
  type: 'test'
  ...
# Subtest: the per-variant artifact carries the class of every red cell (evidence.mjs wiring)
not ok 15 - the per-variant artifact carries the class of every red cell (evidence.mjs wiring)
  ---
  duration_ms: 1.552417
  type: 'test'
  location: '/Users/piotrwisniewski/Developer/qoder-wt/consultify-d/scripts/e2e-1-matrix/classify.test.mjs:241:1'
  failureType: 'testCodeFailure'
  error: |-
    The input did not match the regular expression /\| FAIL \| PRODUCT \| server error on view: POST \/api\/tasks -> 500 \|/. Input:
    
    '# E2E-1 krok 2 — admin-nw-northwind-admin-en-light\n' +
      '\n' +
      '- Base: undefined\n' +
      '- SHA: UNKNOWN\n' +
      '- Flags snapshot: 1\n' +
      '- Modules: 1/16\n' +
      '- Cells: 2\n' +
      '- PASS: 1\n' +
      '- FAIL/MISSING/BLOCKED: 1\n' +
      '- Classes: PRODUCT 1 · CONTRACT 0 · ENV 0\n' +
      '- Flag profile: d36e6e48d9e7\n' +
      '- Writes observed: 0\n' +
      '- Cleanup verified: YES\n' +
      '\n' +
      '## Diff vs previous run\n' +
      '\n' +
      'No previous artifact for this exact variant.\n' +
      '\n' +
      '| Module | Surface | Control | Result | Class | Why | Screenshot | Console / HTTP |\n' +
      '| --- | --- | --- | --- | --- | --- | --- | --- |\n' +
      '| 02-my-work | menu2 | Tasks | PASS | — | — | — | — |\n' +
      '| 02-my-work | create | New task | FAIL | PRODUCT | non-PASS with no harness-contract evidence — counted as a product defect by default | — | POST /api/tasks -> 500 |\n' +
      '\n' +
      '## Settle (spinner-aware wait)\n' +
      '\n' +
      '| Module | Settle runs | Spinner gone | Stuck routes | Max elapsed (ms) |\n' +
      '| --- | --- | --- | --- | --- |\n' +
      '| 02-my-work | 1 | 1/1 | — | 0 |\n'
    
  code: 'ERR_ASSERTION'
  name: 'AssertionError'
  expected:
  actual: |-
    # E2E-1 krok 2 — admin-nw-northwind-admin-en-light
    
    - Base: undefined
    - SHA: UNKNOWN
    - Flags snapshot: 1
    - Modules: 1/16
    - Cells: 2
    - PASS: 1
    - FAIL/MISSING/BLOCKED: 1
    - Classes: PRODUCT 1 · CONTRACT 0 · ENV 0
    - Flag profile: d36e6e48d9e7
    - Writes observed: 0
    - Cleanup verified: YES
    
    ## Diff vs previous run
    
    No previous artifact for this exact variant.
    
    | Module | Surface | Control | Result | Class | Why | Screenshot | Console / HTTP |
    | --- | --- | --- | --- | --- | --- | --- | --- |
    | 02-my-work | menu2 | Tasks | PASS | — | — | — | — |
    | 02-my-work | create | New task | FAIL | PRODUCT | non-PASS with no harness-contract evidence — counted as a product defect by default | — | POST /api/tasks -> 500 |
    
    ## Settle (spinner-aware wait)
    
    | Module | Settle runs | Spinner gone | Stuck routes | Max elapsed (ms) |
    | --- | --- | --- | --- | --- |
    | 02-my-work | 1 | 1/1 | — | 0 |
    
  operator: 'match'
  stack: |-
    TestContext.<anonymous> (file:///Users/piotrwisniewski/Developer/qoder-wt/consultify-d/scripts/e2e-1-matrix/classify.test.mjs:263:10)
    Test.runInAsyncScope (node:async_hooks:214:14)
    Test.run (node:internal/test_runner/test:1106:25)
    Test.processPendingSubtests (node:internal/test_runner/test:788:18)
    Test.postRun (node:internal/test_runner/test:1235:19)
    Test.run (node:internal/test_runner/test:1163:12)
    async Test.processPendingSubtests (node:internal/test_runner/test:788:7)
  ...
# Subtest: aggregate labels app-error reds FAIL_PRODUCT and reports the split
not ok 16 - aggregate labels app-error reds FAIL_PRODUCT and reports the split
  ---
  duration_ms: 37.789
  type: 'test'
  location: '/Users/piotrwisniewski/Developer/qoder-wt/consultify-d/scripts/e2e-1-matrix/classify.test.mjs:290:1'
  failureType: 'testCodeFailure'
  error: |-
    The input did not match the regular expression /\| FAIL \| PRODUCT \| server error on view: GET \/api\/tasks -> 500 \|/. Input:
    
    '# E2E-1 krok 2 — matrix report\n' +
      '\n' +
      '- Result: **FAIL_PRODUCT**\n' +
      '- Variants: 2/8\n' +
      '- Module runs: 2/128\n' +
      '- Non-passing cells: 1 (PRODUCT 1 · CONTRACT 0 · ENV 0)\n' +
      '- Regressions vs exact previous variants: 0\n' +
      '- Unexpected writes: 0\n' +
      '- Contract errors: 256\n' +
      '- Flag issues: 0\n' +
      '\n' +
      'PRODUCT = the app broke. CONTRACT = the harness expectation is stale (a surface\n' +
      'this module does not have, a control that is not interactable and reported no\n' +
      'app error). ENV = neither: a route that never settled, or a flag profile that\n' +
      'moved between variants of the same principal.\n' +
      '\n' +
      '| Surface | PASS | FAIL | MISSING | BLOCKED | PRODUCT | CONTRACT | ENV |\n' +
      '| --- | ---: | ---: | ---: | ---: | ---: | ---: | ---: |\n' +
      '| menu1 | 0 | 0 | 0 | 0 | 0 | 0 | 0 |\n' +
      '| menu2 | 1 | 1 | 0 | 0 | 0 | 0 | 0 |\n' +
      '| menu3 | 0 | 0 | 0 | 0 | 0 | 0 | 0 |\n' +
      '| kebab | 0 | 0 | 0 | 0 | 0 | 0 | 0 |\n' +
      '| right-panel | 0 | 0 | 0 | 0 | 0 | 0 | 0 |\n' +
      '| create | 0 | 0 | 0 | 0 | 0 | 0 | 0 |\n' +
      '| ai | 0 | 0 | 0 | 0 | 0 | 0 | 0 |\n' +
      '\n' +
      '## Flag profiles (captured, never toggled)\n' +
      '\n' +
      '| Principal | Profiles | Variants |\n' +
      '| --- | --- | --- |\n' +
      '| admin-nw/northwind | d36e6e48d9e7 | 2 |\n' +
      '\n' +
      '## Surfaces present for one principal only (role/org axis — triage, not a verdict)\n' +
      '\n' +
      '| Locale | Module | Surface | Rendered for | Absent for |\n' +
      '| --- | --- | --- | --- | --- |\n' +
      '| — | — | — | — | — |\n' +
      '\n' +
      '## Non-passing cells\n' +
      '\n' +
      '| Variant | Module | Surface | Control | Result | Class | Why |\n' +
      '| --- | --- | --- | --- | --- | --- | --- |\n' +
      '| admin-nw-northwind-admin-en-light | 02-my-work | menu2 | Tasks | FAIL | PRODUCT | the same control is fine in 1/2 comparable variants (same principal and locale, other theme) |\n'
    
  code: 'ERR_ASSERTION'
  name: 'AssertionError'
  expected:
  actual: |-
    # E2E-1 krok 2 — matrix report
    
    - Result: **FAIL_PRODUCT**
    - Variants: 2/8
    - Module runs: 2/128
    - Non-passing cells: 1 (PRODUCT 1 · CONTRACT 0 · ENV 0)
    - Regressions vs exact previous variants: 0
    - Unexpected writes: 0
    - Contract errors: 256
    - Flag issues: 0
    
    PRODUCT = the app broke. CONTRACT = the harness expectation is stale (a surface
    this module does not have, a control that is not interactable and reported no
    app error). ENV = neither: a route that never settled, or a flag profile that
    moved between variants of the same principal.
    
    | Surface | PASS | FAIL | MISSING | BLOCKED | PRODUCT | CONTRACT | ENV |
    | --- | ---: | ---: | ---: | ---: | ---: | ---: | ---: |
    | menu1 | 0 | 0 | 0 | 0 | 0 | 0 | 0 |
    | menu2 | 1 | 1 | 0 | 0 | 0 | 0 | 0 |
    | menu3 | 0 | 0 | 0 | 0 | 0 | 0 | 0 |
    | kebab | 0 | 0 | 0 | 0 | 0 | 0 | 0 |
    | right-panel | 0 | 0 | 0 | 0 | 0 | 0 | 0 |
    | create | 0 | 0 | 0 | 0 | 0 | 0 | 0 |
    | ai | 0 | 0 | 0 | 0 | 0 | 0 | 0 |
    
    ## Flag profiles (captured, never toggled)
    
    | Principal | Profiles | Variants |
    | --- | --- | --- |
    | admin-nw/northwind | d36e6e48d9e7 | 2 |
    
    ## Surfaces present for one principal only (role/org axis — triage, not a verdict)
    
    | Locale | Module | Surface | Rendered for | Absent for |
    | --- | --- | --- | --- | --- |
    | — | — | — | — | — |
    
    ## Non-passing cells
    
    | Variant | Module | Surface | Control | Result | Class | Why |
    | --- | --- | --- | --- | --- | --- | --- |
    | admin-nw-northwind-admin-en-light | 02-my-work | menu2 | Tasks | FAIL | PRODUCT | the same control is fine in 1/2 comparable variants (same principal and locale, other theme) |
    
  operator: 'match'
  stack: |-
    TestContext.<anonymous> (file:///Users/piotrwisniewski/Developer/qoder-wt/consultify-d/scripts/e2e-1-matrix/classify.test.mjs:303:10)
    Test.runInAsyncScope (node:async_hooks:214:14)
    Test.run (node:internal/test_runner/test:1106:25)
    Test.processPendingSubtests (node:internal/test_runner/test:788:18)
    Test.postRun (node:internal/test_runner/test:1235:19)
    Test.run (node:internal/test_runner/test:1163:12)
    async Test.processPendingSubtests (node:internal/test_runner/test:788:7)
  ...
# Subtest: aggregate labels a surface absent in both themes FAIL_CONTRACT, not a product defect
ok 17 - aggregate labels a surface absent in both themes FAIL_CONTRACT, not a product defect
  ---
  duration_ms: 37.472583
  type: 'test'
  ...
# Subtest: aggregate flags a flag profile that moved inside one principal
ok 18 - aggregate flags a flag profile that moved inside one principal
  ---
  duration_ms: 36.483375
  type: 'test'
  ...
# Subtest: aggregate names surfaces that exist for one principal only instead of folding them into PRODUCT
ok 19 - aggregate names surfaces that exist for one principal only instead of folding them into PRODUCT
  ---
  duration_ms: 35.69875
  type: 'test'
  ...
1..19
# tests 19
# suites 0
# pass 15
# fail 4
# cancelled 0
# skipped 0
# todo 0
# duration_ms 206.298667
