[d0] Bezpiecznik listy zachowanej: OK (6 chronionych, zero kolizji).
[d0] Tryb: dry-run · cel: 127.0.0.1:54418/consultify_kopia_d28

[d0] Lista wejściowa: 325 identyfikatorów.
[d0] Znalezione w bazie: 325. Nieistniejące: 0.
[d0] Topologia odczytana z bazy: 1285 kolumn wskazujących na organizację, w tym 100 z FK NO ACTION/RESTRICT (kasowane jawnie przed organizacją).

[d0] === RAPORT PER TABELA ===
[d0] Wierszy do usunięcia: 30659 z 105 tabel (z 1285 sprawdzonych).
[d0] Top 25 tabel:
        1. collab_sessions.organization_id: 4800
        2. v8_consumer_tool_policies.organization_id: 3384
        3. v8_tool_catalog.organization_id: 3384
        4. tool_session_presence.organization_id: 1743
        5. organization_context_claims.organization_id: 1681
        6. organization_context_items.organization_id: 1660
        7. my_ideas.organization_id: 1631
        8. organization_members.organization_id: 1403
        9. users.organization_id: 1395
       10. v8_output_artifacts.organization_id: 1342
       11. v8_artifact_origin_links.organization_id: 1323
       12. activity_logs.organization_id: 1173
       13. conversion_events.organization_id: 1062
       14. audit_log.organization_id: 902
       15. my_idea_maps.organization_id: 764
       16. test_support_runs.organization_id: 260
       17. conversations.organization_id: 251
       18. work_canvas_drafts.organization_id: 214
       19. canonical_inbox_items.organization_id: 206
       20. tasks.organization_id: 206
       21. my_idea_map_snapshots.organization_id: 186
       22. project_role_templates.organization_id: 168
       23. document_studio_editor_audit.organization_id: 112
       24. wave6_context_ledger.organization_id: 112
       25. decisions.organization_id: 94

[d0] === RAPORT PER ORGANIZACJA (top 15 z 325) ===
        1. demo-org | Demo Organization | członków=1061 | wierszy=14352 | tabel=34
        2. 15f69780-675c-4f32-9230-82a4646f15d8 | PM Test GmbH | członków=2 | wierszy=1790 | tabel=40
        3. 66b9bf21-f927-40d1-9a87-cd702e3eb2fb | E2E Tenant (m07-live-2) | członków=1 | wierszy=650 | tabel=12
        4. demo-org-session-d1538cccff-msarpqu3 | Atelier Toys | członków=18 | wierszy=344 | tabel=37
        5. 20e49bc6-f69f-4519-b232-824cd3facb87 | E2E Tenant (m06-mqrjpenp-ac5s) | członków=1 | wierszy=266 | tabel=24
        6. 561745ea-e450-49d7-8392-1ec08e043dcc | E2E Tenant (work-canvas-owner-msav44b5-pp8utnrb) | członków=1 | wierszy=225 | tabel=11
        7. fdf2eb19-b418-4501-9ca6-68e89666cd9a | E2E Tenant (work-canvas-owner-msav52xn-595g1dr1) | członków=1 | wierszy=225 | tabel=11
        8. d2efe0a9-bf9f-49b9-bfcb-be8f13981889 | E2E Tenant (deck-e2e-msldhn9g-sfomwn) | członków=1 | wierszy=189 | tabel=9
        9. b9f798e2-76dc-4bcb-94a9-7cf5408835f0 | E2E Tenant (deck-e2e-msldp4wy-frl6fm) | członków=1 | wierszy=189 | tabel=9
       10. b63cfc43-63dd-4927-bfe1-71890df4f1d3 | E2E Tenant (deck-e2e-msldwfs8-vfa1ot) | członków=1 | wierszy=189 | tabel=9
       11. 0b1a3afa-d138-4196-a2c5-2a698f2395a3 | E2E Tenant (deck-e2e-msldyjcu-sd055s) | członków=1 | wierszy=189 | tabel=9
       12. f4772714-df69-432e-9491-4364652df537 | E2E Tenant (deck-e2e-mslia5r7-2ucz2r) | członków=1 | wierszy=189 | tabel=9
       13. 17e11728-ba42-4508-95fc-e712fab2c974 | E2E Tenant (deck-e2e-mslddyjt-icbfd9) | członków=1 | wierszy=188 | tabel=8
       14. cb786da2-cca8-4a02-9608-928af5bcfa74 | E2E Tenant (deck-e2e-msldfrqu-goyrax) | członków=1 | wierszy=188 | tabel=8
       15. 9441b2ef-4274-44db-adf3-1a5318c815e8 | E2E Tenant (deck-e2e-msld08cn-hn73em) | członków=1 | wierszy=186 | tabel=6

[d0] CSV per tabela:       /Users/piotrwisniewski/Developer/wt/dane-sieroty/evidence/dane-pokazowe-en/dry-run-per-tabela-2026-09-09T04-21-05-679Z.csv
[d0] CSV per organizacja:  /Users/piotrwisniewski/Developer/wt/dane-sieroty/evidence/dane-pokazowe-en/dry-run-per-organizacja-2026-09-09T04-21-05-682Z.csv

[d0] Liczę sieroty (to trwa — pełny skan tabel z kolumną organizacji)…
[d0] SIEROTY: 38715 wierszy w 45 tabelach — TEN SKRYPT ICH NIE USUWA.
      1. organization_context_claims.organization_id: 34210
      2. organization_context_items.organization_id: 1522
      3. organization_context_snapshots.organization_id: 1434
      4. knowledge_doc_versions.organization_id: 222
      5. wave6_context_ledger.organization_id: 143
      6. ie_aggregate_state.organization_id: 123
      7. project_role_templates.organization_id: 120
      8. my_ideas.organization_id: 102
      9. ie_audit_events.organization_id: 81
      10. ie_command_receipts.organization_id: 80
[d0] CSV sieroty:          /Users/piotrwisniewski/Developer/wt/dane-sieroty/evidence/dane-pokazowe-en/sieroty-per-tabela-2026-09-09T04-21-06-768Z.csv
[d0] Cel: 127.0.0.1:54418/consultify_kopia_d28

[d0] DRY-RUN zakończony. NIC NIE ZOSTAŁO ZMIENIONE.
[d0] UWAGA: liczba 30659 obejmuje wyłącznie tabele mające kolumnę wskazującą na organizację.
[d0] Wiersze znikające kaskadą z tabel bez takiej kolumny (np. komentarze zadania) NIE są tu liczone —
[d0] realna liczba usuniętych wierszy będzie WIĘKSZA. To dolna granica, nie górna.

