[E2E-1] admin-nw-northwind-admin-en-light 01-chat
[E2E-1] settle /chat in 2191ms (spinnerGone=true)
[E2E-1] settle /chat in 2572ms (spinnerGone=true)
[E2E-1] settle /chat in 2536ms (spinnerGone=true)
[E2E-1] settle /chat in 2544ms (spinnerGone=true)
[E2E-1] settle /chat in 2142ms (spinnerGone=true)
[E2E-1] settle /chat in 2183ms (spinnerGone=true)
[E2E-1] settle /chat in 2443ms (spinnerGone=true)
[E2E-1] settle /chat in 2360ms (spinnerGone=true)
[E2E-1] settle /chat in 2376ms (spinnerGone=true)
[E2E-1] settle /chat in 2230ms (spinnerGone=true)
[E2E-1] settle /chat in 2163ms (spinnerGone=true)
[E2E-1] settle /chat in 2059ms (spinnerGone=true)
[E2E-1] settle /chat in 2102ms (spinnerGone=true)
[E2E-1] admin-nw-northwind-admin-en-light 02-my-work
[E2E-1] settle /my-work in 2573ms (spinnerGone=true)
[E2E-1] settle /my-work in 2287ms (spinnerGone=true)
[E2E-1] settle /my-work in 2545ms (spinnerGone=true)
[E2E-1] settle /my-work in 2665ms (spinnerGone=true)
[E2E-1] settle /my-work in 2329ms (spinnerGone=true)
[E2E-1] settle /my-work in 2385ms (spinnerGone=true)
[E2E-1] settle /my-work in 2197ms (spinnerGone=true)
[E2E-1] settle /my-work in 2170ms (spinnerGone=true)
[E2E-1] admin-nw-northwind-admin-en-light 03-interview
[E2E-1] settle /interview in 2039ms (spinnerGone=true)
[E2E-1] settle /interview in 2235ms (spinnerGone=true)
[E2E-1] settle /interview in 2141ms (spinnerGone=true)
[E2E-1] settle /interview in 2075ms (spinnerGone=true)
[E2E-1] settle /interview in 2206ms (spinnerGone=true)
[E2E-1] settle /interview in 2121ms (spinnerGone=true)
[E2E-1] settle /interview in 2240ms (spinnerGone=true)
[E2E-1] settle /interview in 1825ms (spinnerGone=true)
[E2E-1] settle /interview in 1950ms (spinnerGone=true)
[E2E-1] settle /interview in 1937ms (spinnerGone=true)
[E2E-1] settle /interview in 2266ms (spinnerGone=true)
[E2E-1] settle /interview in 2312ms (spinnerGone=true)
[E2E-1] settle /interview in 2288ms (spinnerGone=true)
[E2E-1] settle /interview in 2122ms (spinnerGone=true)
[E2E-1] admin-nw-northwind-admin-en-light 04-tools
[E2E-1] settle /discovery-tools in 1939ms (spinnerGone=true)
[E2E-1] settle /discovery-tools in 1944ms (spinnerGone=true)
[E2E-1] settle /discovery-tools in 1928ms (spinnerGone=true)
[E2E-1] settle /discovery-tools in 1933ms (spinnerGone=true)
[E2E-1] settle /discovery-tools in 1950ms (spinnerGone=true)
[E2E-1] settle /discovery-tools in 1999ms (spinnerGone=true)
[E2E-1] settle /discovery-tools in 1934ms (spinnerGone=true)
[E2E-1] settle /discovery-tools in 2055ms (spinnerGone=true)
[E2E-1] settle /discovery-tools in 2060ms (spinnerGone=true)
[E2E-1] settle /discovery-tools in 2302ms (spinnerGone=true)
[E2E-1] settle /discovery-tools in 2192ms (spinnerGone=true)
[E2E-1] settle /discovery-tools in 2203ms (spinnerGone=true)
[E2E-1] settle /discovery-tools in 2337ms (spinnerGone=true)
[E2E-1] settle /discovery-tools in 2804ms (spinnerGone=true)
[E2E-1] settle /discovery-tools in 2419ms (spinnerGone=true)
[E2E-1] settle /discovery-tools in 2621ms (spinnerGone=true)
[E2E-1] settle /discovery-tools in 2551ms (spinnerGone=true)
[E2E-1] settle /discovery-tools in 2384ms (spinnerGone=true)
[E2E-1] settle /discovery-tools in 2312ms (spinnerGone=true)
[E2E-1] settle /discovery-tools in 2555ms (spinnerGone=true)
[E2E-1] settle /discovery-tools in 2437ms (spinnerGone=true)
[E2E-1] settle /discovery-tools in 2735ms (spinnerGone=true)
[E2E-1] settle /discovery-tools in 2639ms (spinnerGone=true)
[E2E-1] settle /discovery-tools in 2368ms (spinnerGone=true)
[E2E-1] settle /discovery-tools in 2846ms (spinnerGone=true)
[E2E-1] settle /discovery-tools in 3292ms (spinnerGone=true)
[E2E-1] settle /discovery-tools in 2930ms (spinnerGone=true)
[E2E-1] settle /discovery-tools in 3099ms (spinnerGone=true)
[E2E-1] settle /discovery-tools in 2878ms (spinnerGone=true)
[E2E-1] settle /discovery-tools in 2840ms (spinnerGone=true)
[E2E-1] settle /discovery-tools in 2950ms (spinnerGone=true)
[E2E-1] settle /discovery-tools in 4527ms (spinnerGone=true)
[E2E-1] settle /discovery-tools in 3158ms (spinnerGone=true)
[E2E-1] settle /discovery-tools in 2770ms (spinnerGone=true)
[E2E-1] settle /discovery-tools in 2952ms (spinnerGone=true)
[E2E-1] settle /discovery-tools in 2882ms (spinnerGone=true)
[E2E-1] settle /discovery-tools in 2679ms (spinnerGone=true)
[E2E-1] settle /discovery-tools in 2764ms (spinnerGone=true)
[E2E-1] settle /discovery-tools in 2632ms (spinnerGone=true)
[E2E-1] settle /discovery-tools in 2834ms (spinnerGone=true)
[E2E-1] settle /discovery-tools in 2735ms (spinnerGone=true)
[E2E-1] settle /discovery-tools in 2688ms (spinnerGone=true)
[E2E-1] settle /discovery-tools in 2653ms (spinnerGone=true)
[E2E-1] settle /discovery-tools in 3160ms (spinnerGone=true)
[E2E-1] settle /discovery-tools in 2258ms (spinnerGone=true)
[E2E-1] settle /discovery-tools in 2205ms (spinnerGone=true)
[E2E-1] settle /discovery-tools in 2205ms (spinnerGone=true)
[E2E-1] settle /discovery-tools in 2496ms (spinnerGone=true)
[E2E-1] settle /discovery-tools in 2663ms (spinnerGone=true)
[E2E-1] admin-nw-northwind-admin-en-light 05-assessment
[E2E-1] settle /assessment in 3176ms (spinnerGone=true)
[E2E-1] settle /assessment in 3143ms (spinnerGone=true)
[E2E-1] settle /assessment in 3118ms (spinnerGone=true)
[E2E-1] settle /assessment in 3337ms (spinnerGone=true)
[E2E-1] settle /assessment in 3241ms (spinnerGone=true)
[E2E-1] settle /assessment in 3335ms (spinnerGone=true)
[E2E-1] settle /assessment in 3325ms (spinnerGone=true)
[E2E-1] settle /assessment in 3570ms (spinnerGone=true)
[E2E-1] settle /assessment in 3297ms (spinnerGone=true)
[E2E-1] settle /assessment in 2297ms (spinnerGone=true)
[E2E-1] settle /assessment in 2168ms (spinnerGone=true)
[E2E-1] settle /assessment in 2106ms (spinnerGone=true)
[E2E-1] settle /assessment in 1985ms (spinnerGone=true)
[E2E-1] settle /assessment in 2045ms (spinnerGone=true)
[E2E-1] settle /assessment in 2148ms (spinnerGone=true)
[E2E-1] settle /assessment in 2499ms (spinnerGone=true)
[E2E-1] settle /assessment in 2828ms (spinnerGone=true)
[E2E-1] settle /assessment in 2536ms (spinnerGone=true)
[E2E-1] settle /assessment in 2555ms (spinnerGone=true)
[E2E-1] admin-nw-northwind-admin-en-light 06-audits
[E2E-1] settle /audit-programs in 2398ms (spinnerGone=true)
[E2E-1] settle /audit-programs in 2385ms (spinnerGone=true)
[E2E-1] settle /audit-programs in 2218ms (spinnerGone=true)
[E2E-1] settle /audit-programs in 2191ms (spinnerGone=true)
[E2E-1] settle /audit-programs in 2067ms (spinnerGone=true)
[E2E-1] settle /audit-programs in 2240ms (spinnerGone=true)
[E2E-1] settle /audit-programs in 2284ms (spinnerGone=true)
[E2E-1] settle /audit-programs in 2453ms (spinnerGone=true)
[E2E-1] settle /audit-programs in 2348ms (spinnerGone=true)
[E2E-1] settle /audit-programs in 1655ms (spinnerGone=true)
[E2E-1] settle /audit-programs in 1642ms (spinnerGone=true)
[E2E-1] settle /audit-programs in 1603ms (spinnerGone=true)
[E2E-1] settle /audit-programs in 1659ms (spinnerGone=true)
[E2E-1] settle /audit-programs in 1965ms (spinnerGone=true)
[E2E-1] settle /audit-programs in 2343ms (spinnerGone=true)
[E2E-1] settle /audit-programs in 2012ms (spinnerGone=true)
[E2E-1] settle /audit-programs in 2138ms (spinnerGone=true)
[E2E-1] settle /audit-programs in 1641ms (spinnerGone=true)
[E2E-1] admin-nw-northwind-admin-en-light 07-initiatives
[E2E-1] settle /initiatives in 2467ms (spinnerGone=true)
[E2E-1] settle /initiatives in 2577ms (spinnerGone=true)
[E2E-1] settle /initiatives in 2642ms (spinnerGone=true)
[E2E-1] settle /initiatives in 2537ms (spinnerGone=true)
[E2E-1] settle /initiatives in 2616ms (spinnerGone=true)
[E2E-1] settle /initiatives in 2628ms (spinnerGone=true)
[E2E-1] settle /initiatives in 2809ms (spinnerGone=true)
[E2E-1] settle /initiatives in 2467ms (spinnerGone=true)
[E2E-1] settle /initiatives in 2544ms (spinnerGone=true)
[E2E-1] settle /initiatives in 2718ms (spinnerGone=true)
[E2E-1] settle /initiatives in 2417ms (spinnerGone=true)
[E2E-1] settle /initiatives in 2529ms (spinnerGone=true)
[E2E-1] settle /initiatives in 2341ms (spinnerGone=true)
[E2E-1] settle /initiatives in 2227ms (spinnerGone=true)
[E2E-1] settle /initiatives in 2529ms (spinnerGone=true)
[E2E-1] settle /initiatives in 2437ms (spinnerGone=true)
[E2E-1] settle /initiatives in 2578ms (spinnerGone=true)
[E2E-1] settle /initiatives in 2357ms (spinnerGone=true)
[E2E-1] settle /initiatives in 2358ms (spinnerGone=true)
[E2E-1] settle /initiatives in 2544ms (spinnerGone=true)
[E2E-1] settle /initiatives in 2718ms (spinnerGone=true)
[E2E-1] settle /initiatives in 2590ms (spinnerGone=true)
[E2E-1] settle /initiatives in 2755ms (spinnerGone=true)
[E2E-1] admin-nw-northwind-admin-en-light 08-projects
[E2E-1] settle /projects in 3275ms (spinnerGone=true)
[E2E-1] settle /projects in 2814ms (spinnerGone=true)
[E2E-1] settle /projects in 2856ms (spinnerGone=true)
[E2E-1] settle /projects in 3101ms (spinnerGone=true)
[E2E-1] settle /projects in 2701ms (spinnerGone=true)
[E2E-1] settle /projects in 2978ms (spinnerGone=true)
[E2E-1] settle /projects in 3111ms (spinnerGone=true)
[E2E-1] settle /projects in 2641ms (spinnerGone=true)
[E2E-1] settle /projects in 2341ms (spinnerGone=true)
[E2E-1] admin-nw-northwind-admin-en-light 09-execution
[E2E-1] settle /execution in 2292ms (spinnerGone=true)
[E2E-1] settle /execution in 2758ms (spinnerGone=true)
[E2E-1] settle /execution in 2269ms (spinnerGone=true)
[E2E-1] settle /execution in 2374ms (spinnerGone=true)
[E2E-1] settle /execution in 2792ms (spinnerGone=true)
[E2E-1] settle /execution in 2675ms (spinnerGone=true)
[E2E-1] settle /execution in 2495ms (spinnerGone=true)
[E2E-1] settle /execution in 2511ms (spinnerGone=true)
[E2E-1] settle /execution in 2083ms (spinnerGone=true)
[E2E-1] settle /execution in 2061ms (spinnerGone=true)
[E2E-1] settle /execution in 1958ms (spinnerGone=true)
[E2E-1] settle /execution in 1961ms (spinnerGone=true)
[E2E-1] settle /execution in 1936ms (spinnerGone=true)
[E2E-1] settle /execution in 2145ms (spinnerGone=true)
[E2E-1] settle /execution in 2315ms (spinnerGone=true)
[E2E-1] settle /execution in 1922ms (spinnerGone=true)
[E2E-1] admin-nw-northwind-admin-en-light 10-results
[E2E-1] settle /results/kpi in 1945ms (spinnerGone=true)
[E2E-1] settle /results/kpi in 1885ms (spinnerGone=true)
[E2E-1] settle /results/kpi in 1930ms (spinnerGone=true)
[E2E-1] settle /results/kpi in 2365ms (spinnerGone=true)
[E2E-1] settle /results/kpi in 2017ms (spinnerGone=true)
[E2E-1] settle /results/kpi in 1922ms (spinnerGone=true)
[E2E-1] settle /results/kpi in 2331ms (spinnerGone=true)
[E2E-1] settle /results/kpi in 2010ms (spinnerGone=true)
[E2E-1] settle /results/kpi in 2168ms (spinnerGone=true)
[E2E-1] settle /results/kpi in 2127ms (spinnerGone=true)
[E2E-1] settle /results/kpi in 2005ms (spinnerGone=true)
[E2E-1] settle /results/kpi in 1836ms (spinnerGone=true)
[E2E-1] settle /results/kpi in 1600ms (spinnerGone=true)
[E2E-1] settle /results/kpi in 1632ms (spinnerGone=true)
[E2E-1] admin-nw-northwind-admin-en-light 11-materials
[E2E-1] settle /presentations in 1919ms (spinnerGone=true)
[E2E-1] settle /presentations in 1898ms (spinnerGone=true)
[E2E-1] settle /presentations in 1964ms (spinnerGone=true)
[E2E-1] settle /presentations in 1904ms (spinnerGone=true)
[E2E-1] settle /presentations in 1979ms (spinnerGone=true)
[E2E-1] settle /presentations in 1943ms (spinnerGone=true)
[E2E-1] settle /presentations in 1908ms (spinnerGone=true)
[E2E-1] settle /presentations in 2047ms (spinnerGone=true)
[E2E-1] settle /presentations in 2053ms (spinnerGone=true)
[E2E-1] settle /presentations in 2002ms (spinnerGone=true)
[E2E-1] settle /presentations in 1751ms (spinnerGone=true)
[E2E-1] settle /presentations in 1701ms (spinnerGone=true)
[E2E-1] settle /presentations in 1677ms (spinnerGone=true)
[E2E-1] settle /presentations in 1748ms (spinnerGone=true)
[E2E-1] settle /presentations in 1672ms (spinnerGone=true)
[E2E-1] settle /presentations in 1770ms (spinnerGone=true)
[E2E-1] admin-nw-northwind-admin-en-light 12-meeting
[E2E-1] settle /meeting in 2248ms (spinnerGone=true)
[E2E-1] settle /meeting in 2227ms (spinnerGone=true)
[E2E-1] settle /meeting in 2482ms (spinnerGone=true)
[E2E-1] settle /meeting in 2427ms (spinnerGone=true)
[E2E-1] settle /meeting in 1775ms (spinnerGone=true)
[E2E-1] settle /meeting in 1701ms (spinnerGone=true)
[E2E-1] settle /meeting in 1767ms (spinnerGone=true)
[E2E-1] settle /meeting in 2371ms (spinnerGone=true)
[E2E-1] settle /meeting in 1761ms (spinnerGone=true)
[E2E-1] admin-nw-northwind-admin-en-light 13-organization
[E2E-1] settle /organization/profile in 2842ms (spinnerGone=true)
[E2E-1] settle /organization/profile in 1828ms (spinnerGone=true)
[E2E-1] settle /organization/profile in 1922ms (spinnerGone=true)
[E2E-1] settle /organization/profile in 1917ms (spinnerGone=true)
[E2E-1] settle /organization/profile in 1865ms (spinnerGone=true)
[E2E-1] settle /organization/profile in 1978ms (spinnerGone=true)
[E2E-1] settle /organization/profile in 1982ms (spinnerGone=true)
[E2E-1] settle /organization/profile in 2310ms (spinnerGone=true)
[E2E-1] settle /organization/profile in 1705ms (spinnerGone=true)
[E2E-1] settle /organization/profile in 1687ms (spinnerGone=true)
[E2E-1] settle /organization/profile in 1938ms (spinnerGone=true)
[E2E-1] settle /organization/profile in 1569ms (spinnerGone=true)
[E2E-1] settle /organization/profile in 1584ms (spinnerGone=true)
[E2E-1] settle /organization/profile in 1988ms (spinnerGone=true)
[E2E-1] settle /organization/profile in 1652ms (spinnerGone=true)
[E2E-1] settle /organization/profile in 1582ms (spinnerGone=true)
[E2E-1] admin-nw-northwind-admin-en-light 14-admin
[E2E-1] settle /admin/people in 1974ms (spinnerGone=true)
[E2E-1] settle /admin/people in 1914ms (spinnerGone=true)
[E2E-1] settle /admin/people in 1957ms (spinnerGone=true)
[E2E-1] settle /admin/people in 2954ms (spinnerGone=true)
[E2E-1] settle /admin/people in 2135ms (spinnerGone=true)
[E2E-1] settle /admin/people in 1673ms (spinnerGone=true)
[E2E-1] settle /admin/people in 2415ms (spinnerGone=true)
[E2E-1] settle /admin/people in 1937ms (spinnerGone=true)
[E2E-1] settle /admin/people in 1612ms (spinnerGone=true)
[E2E-1] settle /admin/people in 1715ms (spinnerGone=true)
[E2E-1] settle /admin/people in 1951ms (spinnerGone=true)
[E2E-1] settle /admin/people in 1599ms (spinnerGone=true)
[E2E-1] settle /admin/people in 1613ms (spinnerGone=true)
[E2E-1] settle /admin/people in 2079ms (spinnerGone=true)
[E2E-1] settle /admin/people in 2340ms (spinnerGone=true)
[E2E-1] settle /admin/people in 1788ms (spinnerGone=true)
[E2E-1] admin-nw-northwind-admin-en-light 15-settings
[E2E-1] settle /settings/profile in 1744ms (spinnerGone=true)
[E2E-1] settle /settings/profile in 1870ms (spinnerGone=true)
[E2E-1] settle /settings/profile in 1865ms (spinnerGone=true)
[E2E-1] settle /settings/profile in 1772ms (spinnerGone=true)
[E2E-1] settle /settings/profile in 1846ms (spinnerGone=true)
[E2E-1] settle /settings/profile in 1839ms (spinnerGone=true)
[E2E-1] settle /settings/profile in 1585ms (spinnerGone=true)
[E2E-1] admin-nw-northwind-admin-en-light 16-partners
[E2E-1] settle /partner/dashboard in 2327ms (spinnerGone=true)
[E2E-1] settle /partner/dashboard in 2006ms (spinnerGone=true)
[E2E-1] settle /partner/dashboard in 1878ms (spinnerGone=true)
[E2E-1] settle /partner/dashboard in 1861ms (spinnerGone=true)
[E2E-1] settle /partner/dashboard in 1989ms (spinnerGone=true)
[E2E-1] settle /partner/dashboard in 1701ms (spinnerGone=true)
[E2E-1] settle /partner/dashboard in 1803ms (spinnerGone=true)
[E2E-1] settle /partner/dashboard in 1629ms (spinnerGone=true)
[E2E-1] settle /partner/dashboard in 1592ms (spinnerGone=true)
[E2E-1] admin-nw-northwind-admin-en-light classes: PRODUCT 14 · CONTRACT 33 · ENV 0 (flag profile 4f53cda18c2b)
EXIT=1
