[E2E-1] admin-nw-northwind-admin-en-dark 01-chat
[E2E-1] settle /chat in 1719ms (spinnerGone=true)
[E2E-1] settle /chat in 1725ms (spinnerGone=true)
[E2E-1] settle /chat in 1722ms (spinnerGone=true)
[E2E-1] settle /chat in 1762ms (spinnerGone=true)
[E2E-1] settle /chat in 1693ms (spinnerGone=true)
[E2E-1] settle /chat in 1694ms (spinnerGone=true)
[E2E-1] settle /chat in 1716ms (spinnerGone=true)
[E2E-1] settle /chat in 1734ms (spinnerGone=true)
[E2E-1] settle /chat in 1802ms (spinnerGone=true)
[E2E-1] settle /chat in 2210ms (spinnerGone=true)
[E2E-1] settle /chat in 2244ms (spinnerGone=true)
[E2E-1] settle /chat in 2359ms (spinnerGone=true)
[E2E-1] settle /chat in 2483ms (spinnerGone=true)
[E2E-1] admin-nw-northwind-admin-en-dark 02-my-work
[E2E-1] settle /my-work in 2396ms (spinnerGone=true)
[E2E-1] settle /my-work in 2455ms (spinnerGone=true)
[E2E-1] settle /my-work in 2628ms (spinnerGone=true)
[E2E-1] settle /my-work in 2692ms (spinnerGone=true)
[E2E-1] settle /my-work in 2676ms (spinnerGone=true)
[E2E-1] settle /my-work in 2442ms (spinnerGone=true)
[E2E-1] settle /my-work in 2718ms (spinnerGone=true)
[E2E-1] settle /my-work in 2280ms (spinnerGone=true)
[E2E-1] admin-nw-northwind-admin-en-dark 03-interview
[E2E-1] settle /interview in 2027ms (spinnerGone=true)
[E2E-1] settle /interview in 1971ms (spinnerGone=true)
[E2E-1] settle /interview in 2258ms (spinnerGone=true)
[E2E-1] settle /interview in 2819ms (spinnerGone=true)
[E2E-1] settle /interview in 2754ms (spinnerGone=true)
[E2E-1] settle /interview in 2121ms (spinnerGone=true)
[E2E-1] settle /interview in 1800ms (spinnerGone=true)
[E2E-1] settle /interview in 2193ms (spinnerGone=true)
[E2E-1] settle /interview in 2207ms (spinnerGone=true)
[E2E-1] settle /interview in 2146ms (spinnerGone=true)
[E2E-1] settle /interview in 2253ms (spinnerGone=true)
[E2E-1] settle /interview in 2421ms (spinnerGone=true)
[E2E-1] settle /interview in 2124ms (spinnerGone=true)
[E2E-1] settle /interview in 2437ms (spinnerGone=true)
[E2E-1] admin-nw-northwind-admin-en-dark 04-tools
[E2E-1] settle /discovery-tools in 2037ms (spinnerGone=true)
[E2E-1] settle /discovery-tools in 2106ms (spinnerGone=true)
[E2E-1] settle /discovery-tools in 2191ms (spinnerGone=true)
[E2E-1] settle /discovery-tools in 2118ms (spinnerGone=true)
[E2E-1] settle /discovery-tools in 2165ms (spinnerGone=true)
[E2E-1] settle /discovery-tools in 2036ms (spinnerGone=true)
[E2E-1] settle /discovery-tools in 2156ms (spinnerGone=true)
[E2E-1] settle /discovery-tools in 2378ms (spinnerGone=true)
[E2E-1] settle /discovery-tools in 2284ms (spinnerGone=true)
[E2E-1] settle /discovery-tools in 2682ms (spinnerGone=true)
[E2E-1] settle /discovery-tools in 2418ms (spinnerGone=true)
[E2E-1] settle /discovery-tools in 2250ms (spinnerGone=true)
[E2E-1] settle /discovery-tools in 2206ms (spinnerGone=true)
[E2E-1] settle /discovery-tools in 2195ms (spinnerGone=true)
[E2E-1] settle /discovery-tools in 2279ms (spinnerGone=true)
[E2E-1] settle /discovery-tools in 2212ms (spinnerGone=true)
[E2E-1] settle /discovery-tools in 2179ms (spinnerGone=true)
[E2E-1] settle /discovery-tools in 2207ms (spinnerGone=true)
[E2E-1] settle /discovery-tools in 2307ms (spinnerGone=true)
[E2E-1] settle /discovery-tools in 2194ms (spinnerGone=true)
[E2E-1] settle /discovery-tools in 2212ms (spinnerGone=true)
[E2E-1] settle /discovery-tools in 2290ms (spinnerGone=true)
[E2E-1] settle /discovery-tools in 2296ms (spinnerGone=true)
[E2E-1] settle /discovery-tools in 2505ms (spinnerGone=true)
[E2E-1] settle /discovery-tools in 2978ms (spinnerGone=true)
[E2E-1] settle /discovery-tools in 2592ms (spinnerGone=true)
[E2E-1] settle /discovery-tools in 2585ms (spinnerGone=true)
[E2E-1] settle /discovery-tools in 2311ms (spinnerGone=true)
[E2E-1] settle /discovery-tools in 2511ms (spinnerGone=true)
[E2E-1] settle /discovery-tools in 2242ms (spinnerGone=true)
[E2E-1] settle /discovery-tools in 2237ms (spinnerGone=true)
[E2E-1] settle /discovery-tools in 2273ms (spinnerGone=true)
[E2E-1] settle /discovery-tools in 2208ms (spinnerGone=true)
[E2E-1] settle /discovery-tools in 2287ms (spinnerGone=true)
[E2E-1] settle /discovery-tools in 2329ms (spinnerGone=true)
[E2E-1] settle /discovery-tools in 2304ms (spinnerGone=true)
[E2E-1] settle /discovery-tools in 2235ms (spinnerGone=true)
[E2E-1] settle /discovery-tools in 2261ms (spinnerGone=true)
[E2E-1] settle /discovery-tools in 2306ms (spinnerGone=true)
[E2E-1] settle /discovery-tools in 2935ms (spinnerGone=true)
[E2E-1] settle /discovery-tools in 2403ms (spinnerGone=true)
[E2E-1] settle /discovery-tools in 2236ms (spinnerGone=true)
[E2E-1] settle /discovery-tools in 2226ms (spinnerGone=true)
[E2E-1] settle /discovery-tools in 2362ms (spinnerGone=true)
[E2E-1] settle /discovery-tools in 2342ms (spinnerGone=true)
[E2E-1] settle /discovery-tools in 2237ms (spinnerGone=true)
[E2E-1] settle /discovery-tools in 2238ms (spinnerGone=true)
[E2E-1] settle /discovery-tools in 2210ms (spinnerGone=true)
[E2E-1] settle /discovery-tools in 2630ms (spinnerGone=true)
[E2E-1] admin-nw-northwind-admin-en-dark 05-assessment
[E2E-1] settle /assessment in 2084ms (spinnerGone=true)
[E2E-1] settle /assessment in 2139ms (spinnerGone=true)
[E2E-1] settle /assessment in 2132ms (spinnerGone=true)
[E2E-1] settle /assessment in 2061ms (spinnerGone=true)
[E2E-1] settle /assessment in 1989ms (spinnerGone=true)
[E2E-1] settle /assessment in 2128ms (spinnerGone=true)
[E2E-1] settle /assessment in 1993ms (spinnerGone=true)
[E2E-1] settle /assessment in 2012ms (spinnerGone=true)
[E2E-1] settle /assessment in 2011ms (spinnerGone=true)
[E2E-1] settle /assessment in 2308ms (spinnerGone=true)
[E2E-1] settle /assessment in 2587ms (spinnerGone=true)
[E2E-1] settle /assessment in 2436ms (spinnerGone=true)
[E2E-1] settle /assessment in 3076ms (spinnerGone=true)
[E2E-1] settle /assessment in 2745ms (spinnerGone=true)
[E2E-1] settle /assessment in 2279ms (spinnerGone=true)
[E2E-1] settle /assessment in 2196ms (spinnerGone=true)
[E2E-1] settle /assessment in 2236ms (spinnerGone=true)
[E2E-1] settle /assessment in 2243ms (spinnerGone=true)
[E2E-1] admin-nw-northwind-admin-en-dark 06-audits
[E2E-1] settle /audit-programs in 1624ms (spinnerGone=true)
[E2E-1] settle /audit-programs in 1960ms (spinnerGone=true)
[E2E-1] settle /audit-programs in 1777ms (spinnerGone=true)
[E2E-1] settle /audit-programs in 1670ms (spinnerGone=true)
[E2E-1] settle /audit-programs in 1703ms (spinnerGone=true)
[E2E-1] settle /audit-programs in 1635ms (spinnerGone=true)
[E2E-1] settle /audit-programs in 1640ms (spinnerGone=true)
[E2E-1] settle /audit-programs in 1654ms (spinnerGone=true)
[E2E-1] settle /audit-programs in 1631ms (spinnerGone=true)
[E2E-1] settle /audit-programs in 2230ms (spinnerGone=true)
[E2E-1] settle /audit-programs in 2028ms (spinnerGone=true)
[E2E-1] settle /audit-programs in 1956ms (spinnerGone=true)
[E2E-1] settle /audit-programs in 2020ms (spinnerGone=true)
[E2E-1] settle /audit-programs in 2129ms (spinnerGone=true)
[E2E-1] settle /audit-programs in 2045ms (spinnerGone=true)
[E2E-1] settle /audit-programs in 2085ms (spinnerGone=true)
[E2E-1] settle /audit-programs in 1995ms (spinnerGone=true)
[E2E-1] admin-nw-northwind-admin-en-dark 07-initiatives
[E2E-1] settle /initiatives in 2002ms (spinnerGone=true)
[E2E-1] settle /initiatives in 1887ms (spinnerGone=true)
[E2E-1] settle /initiatives in 1855ms (spinnerGone=true)
[E2E-1] settle /initiatives in 2080ms (spinnerGone=true)
[E2E-1] settle /initiatives in 2009ms (spinnerGone=true)
[E2E-1] settle /initiatives in 2078ms (spinnerGone=true)
[E2E-1] settle /initiatives in 2093ms (spinnerGone=true)
[E2E-1] settle /initiatives in 2174ms (spinnerGone=true)
[E2E-1] settle /initiatives in 2218ms (spinnerGone=true)
[E2E-1] settle /initiatives in 2206ms (spinnerGone=true)
[E2E-1] settle /initiatives in 2200ms (spinnerGone=true)
[E2E-1] settle /initiatives in 2212ms (spinnerGone=true)
[E2E-1] settle /initiatives in 2168ms (spinnerGone=true)
[E2E-1] settle /initiatives in 2165ms (spinnerGone=true)
[E2E-1] settle /initiatives in 2328ms (spinnerGone=true)
[E2E-1] settle /initiatives in 2180ms (spinnerGone=true)
[E2E-1] settle /initiatives in 2603ms (spinnerGone=true)
[E2E-1] settle /initiatives in 2423ms (spinnerGone=true)
[E2E-1] settle /initiatives in 2400ms (spinnerGone=true)
[E2E-1] settle /initiatives in 2345ms (spinnerGone=true)
[E2E-1] settle /initiatives in 2163ms (spinnerGone=true)
[E2E-1] settle /initiatives in 2160ms (spinnerGone=true)
[E2E-1] admin-nw-northwind-admin-en-dark 08-projects
[E2E-1] settle /projects in 2629ms (spinnerGone=true)
[E2E-1] settle /projects in 2493ms (spinnerGone=true)
[E2E-1] settle /projects in 2657ms (spinnerGone=true)
[E2E-1] settle /projects in 2524ms (spinnerGone=true)
[E2E-1] settle /projects in 2452ms (spinnerGone=true)
[E2E-1] settle /projects in 4085ms (spinnerGone=true)
[E2E-1] settle /projects in 2597ms (spinnerGone=true)
[E2E-1] settle /projects in 551163ms (spinnerGone=true)
[E2E-1] admin-nw-northwind-admin-en-dark 09-execution
[E2E-1] settle /execution in 3134ms (spinnerGone=true)
[E2E-1] settle /execution in 4752ms (spinnerGone=true)
[E2E-1] settle /execution in 5084ms (spinnerGone=true)
[E2E-1] settle /execution in 6141ms (spinnerGone=true)
[E2E-1] settle /execution in 925351ms (spinnerGone=true)
[E2E-1] settle /execution in 2144ms (spinnerGone=true)
[E2E-1] settle /execution in 1019140ms (spinnerGone=true)
[E2E-1] settle /execution in 2030ms (spinnerGone=true)
[E2E-1] admin-nw-northwind-admin-en-dark 10-results
[E2E-1] settle /results/kpi in 474624ms (spinnerGone=true)
[E2E-1] settle /results/kpi in 2276ms (spinnerGone=true)
[E2E-1] settle /results/kpi in 1801ms (spinnerGone=true)
[E2E-1] settle /results/kpi in 3950ms (spinnerGone=true)
[E2E-1] settle /results/kpi in 2539ms (spinnerGone=true)
[E2E-1] settle /results/kpi in 2484ms (spinnerGone=true)
[E2E-1] settle /results/kpi in 2456ms (spinnerGone=true)
[E2E-1] settle /results/kpi in 3642ms (spinnerGone=true)
[E2E-1] settle /results/kpi in 2167ms (spinnerGone=true)
[E2E-1] settle /results/kpi in 2327ms (spinnerGone=true)
[E2E-1] settle /results/kpi in 1639ms (spinnerGone=true)
[E2E-1] settle /results/kpi in 1720ms (spinnerGone=true)
[E2E-1] settle /results/kpi in 1676ms (spinnerGone=true)
[E2E-1] settle /results/kpi in 2066ms (spinnerGone=true)
[E2E-1] admin-nw-northwind-admin-en-dark 11-materials
[E2E-1] settle /presentations in 1991ms (spinnerGone=true)
[E2E-1] settle /presentations in 2034ms (spinnerGone=true)
[E2E-1] settle /presentations in 2058ms (spinnerGone=true)
[E2E-1] settle /presentations in 2014ms (spinnerGone=true)
[E2E-1] settle /presentations in 2014ms (spinnerGone=true)
[E2E-1] settle /presentations in 1955ms (spinnerGone=true)
[E2E-1] settle /presentations in 2035ms (spinnerGone=true)
[E2E-1] settle /presentations in 1949ms (spinnerGone=true)
[E2E-1] settle /presentations in 2088ms (spinnerGone=true)
[E2E-1] settle /presentations in 1716ms (spinnerGone=true)
[E2E-1] settle /presentations in 1877ms (spinnerGone=true)
[E2E-1] settle /presentations in 2031ms (spinnerGone=true)
[E2E-1] settle /presentations in 1727ms (spinnerGone=true)
[E2E-1] settle /presentations in 1896ms (spinnerGone=true)
[E2E-1] settle /presentations in 1848ms (spinnerGone=true)
[E2E-1] settle /presentations in 1824ms (spinnerGone=true)
[E2E-1] admin-nw-northwind-admin-en-dark 12-meeting
[E2E-1] settle /meeting in 2049ms (spinnerGone=true)
[E2E-1] settle /meeting in 2109ms (spinnerGone=true)
[E2E-1] settle /meeting in 2054ms (spinnerGone=true)
[E2E-1] settle /meeting in 2372ms (spinnerGone=true)
[E2E-1] settle /meeting in 1809ms (spinnerGone=true)
[E2E-1] settle /meeting in 1746ms (spinnerGone=true)
[E2E-1] settle /meeting in 1788ms (spinnerGone=true)
[E2E-1] settle /meeting in 1916ms (spinnerGone=true)
[E2E-1] settle /meeting in 1848ms (spinnerGone=true)
[E2E-1] admin-nw-northwind-admin-en-dark 13-organization
[E2E-1] settle /organization/profile in 2030ms (spinnerGone=true)
[E2E-1] settle /organization/profile in 2731ms (spinnerGone=true)
[E2E-1] settle /organization/profile in 3121ms (spinnerGone=true)
[E2E-1] settle /organization/profile in 2979ms (spinnerGone=true)
[E2E-1] settle /organization/profile in 2994ms (spinnerGone=true)
[E2E-1] settle /organization/profile in 2004ms (spinnerGone=true)
[E2E-1] settle /organization/profile in 1973ms (spinnerGone=true)
[E2E-1] settle /organization/profile in 1764ms (spinnerGone=true)
[E2E-1] settle /organization/profile in 1916ms (spinnerGone=true)
[E2E-1] settle /organization/profile in 2100ms (spinnerGone=true)
[E2E-1] settle /organization/profile in 1949ms (spinnerGone=true)
[E2E-1] settle /organization/profile in 1910ms (spinnerGone=true)
[E2E-1] settle /organization/profile in 1720ms (spinnerGone=true)
[E2E-1] settle /organization/profile in 2171ms (spinnerGone=true)
[E2E-1] settle /organization/profile in 1931ms (spinnerGone=true)
[E2E-1] settle /organization/profile in 1622ms (spinnerGone=true)
[E2E-1] admin-nw-northwind-admin-en-dark 14-admin
[E2E-1] settle /admin/people in 2162ms (spinnerGone=true)
[E2E-1] settle /admin/people in 2284ms (spinnerGone=true)
[E2E-1] settle /admin/people in 1949ms (spinnerGone=true)
[E2E-1] settle /admin/people in 2129ms (spinnerGone=true)
[E2E-1] settle /admin/people in 2027ms (spinnerGone=true)
[E2E-1] settle /admin/people in 1747ms (spinnerGone=true)
[E2E-1] settle /admin/people in 2324ms (spinnerGone=true)
[E2E-1] settle /admin/people in 2415ms (spinnerGone=true)
[E2E-1] settle /admin/people in 1723ms (spinnerGone=true)
[E2E-1] settle /admin/people in 1770ms (spinnerGone=true)
[E2E-1] settle /admin/people in 1997ms (spinnerGone=true)
[E2E-1] settle /admin/people in 1700ms (spinnerGone=true)
[E2E-1] settle /admin/people in 1722ms (spinnerGone=true)
[E2E-1] settle /admin/people in 1720ms (spinnerGone=true)
[E2E-1] settle /admin/people in 1808ms (spinnerGone=true)
[E2E-1] settle /admin/people in 1654ms (spinnerGone=true)
[E2E-1] admin-nw-northwind-admin-en-dark 15-settings
[E2E-1] settle /settings/profile in 1759ms (spinnerGone=true)
[E2E-1] settle /settings/profile in 1687ms (spinnerGone=true)
[E2E-1] settle /settings/profile in 1704ms (spinnerGone=true)
[E2E-1] settle /settings/profile in 1684ms (spinnerGone=true)
[E2E-1] settle /settings/profile in 1681ms (spinnerGone=true)
[E2E-1] settle /settings/profile in 1699ms (spinnerGone=true)
[E2E-1] settle /settings/profile in 1913ms (spinnerGone=true)
[E2E-1] admin-nw-northwind-admin-en-dark 16-partners
[E2E-1] settle /partner/dashboard in 1906ms (spinnerGone=true)
[E2E-1] settle /partner/dashboard in 1872ms (spinnerGone=true)
[E2E-1] settle /partner/dashboard in 1920ms (spinnerGone=true)
[E2E-1] settle /partner/dashboard in 1951ms (spinnerGone=true)
[E2E-1] settle /partner/dashboard in 1595ms (spinnerGone=true)
[E2E-1] settle /partner/dashboard in 1569ms (spinnerGone=true)
[E2E-1] settle /partner/dashboard in 1714ms (spinnerGone=true)
[E2E-1] settle /partner/dashboard in 1610ms (spinnerGone=true)
[E2E-1] settle /partner/dashboard in 1760ms (spinnerGone=true)
[E2E-1] admin-nw-northwind-admin-en-dark classes: PRODUCT 15 · CONTRACT 32 · ENV 0 (flag profile 4f53cda18c2b)
EXIT=1
ALLDONE
