
 RUN  v4.1.11 /Users/piotrwisniewski/Developer/qoder-wt/consultify-b


 RUN  v4.1.11 /Users/piotrwisniewski/Developer/qoder-wt/consultify-b

 × server/src/services/assessment/__tests__/drdAxisAggregation.test.ts > drdAxisAggregation — buildDrdAxesData (Wpis 89) > grupuje po prefiksie osi i liczy średnie z realnych poziomów sesji NW 22ms
   → expected { …(6) } to match object { axisName: 'Digital Processes', …(4) }
(10 matching properties omitted from actual)
 ✓ server/src/services/assessment/__tests__/drdAxisAggregation.test.ts > drdAxisAggregation — buildDrdAxesData (Wpis 89) > obszar bez targetLevel: docelowy = osiągnięty (luka 0) — zachowanie czytelnika raportu 0ms
 ✓ server/src/services/assessment/__tests__/drdAxisAggregation.test.ts > drdAxisAggregation — buildDrdAxesData (Wpis 89) > obszar bez achievedLevel jest NIESIONY w areas, ale nie wchodzi do średniej 0ms
 ✓ server/src/services/assessment/__tests__/drdAxisAggregation.test.ts > drdAxisAggregation — buildDrdAxesData (Wpis 89) > poziom 0 wchodzi do średniej (historyczna semantyka `!= null`) — nie „brak pomiaru" 0ms
 ✓ server/src/services/assessment/__tests__/drdAxisAggregation.test.ts > drdAxisAggregation — buildDrdAxesData (Wpis 89) > pusty snapshot (stan v2) daje PUSTE osie — dokładnie defekt z Wpisu 89 0ms
 ✓ server/src/services/assessment/__tests__/drdAxisAggregation.test.ts > drdAxisAggregation — deriveAssessmentScores (Wpis 89) > zwraca null, gdy nie ma ani jednej osi (caller zostawia dotychczasową wartość) 0ms
 × server/src/services/assessment/__tests__/drdAxisAggregation.test.ts > drdAxisAggregation — deriveAssessmentScores (Wpis 89) > kształt legacy `scores`: osie 1-7, maxScore/fullMark 7, overallScore = średnia osi 1ms
   → expected { axisId: '1', …(6) } to deeply equal { axisId: '1', …(6) }
 ❯ server/src/services/assessment/__tests__/drdAxisAggregation.test.ts (7 tests | 2 failed) 26ms
     × grupuje po prefiksie osi i liczy średnie z realnych poziomów sesji NW 22ms
     ✓ obszar bez targetLevel: docelowy = osiągnięty (luka 0) — zachowanie czytelnika raportu 0ms
     ✓ obszar bez achievedLevel jest NIESIONY w areas, ale nie wchodzi do średniej 0ms
     ✓ poziom 0 wchodzi do średniej (historyczna semantyka `!= null`) — nie „brak pomiaru" 0ms
     ✓ pusty snapshot (stan v2) daje PUSTE osie — dokładnie defekt z Wpisu 89 0ms
     ✓ zwraca null, gdy nie ma ani jednej osi (caller zostawia dotychczasową wartość) 0ms
     × kształt legacy `scores`: osie 1-7, maxScore/fullMark 7, overallScore = średnia osi 1ms

⎯⎯⎯⎯⎯⎯⎯ Failed Tests 2 ⎯⎯⎯⎯⎯⎯⎯

 FAIL  server/src/services/assessment/__tests__/drdAxisAggregation.test.ts > drdAxisAggregation — buildDrdAxesData (Wpis 89) > grupuje po prefiksie osi i liczy średnie z realnych poziomów sesji NW
AssertionError: expected { …(6) } to match object { axisName: 'Digital Processes', …(4) }
(10 matching properties omitted from actual)

- Expected
+ Received

  {
    "areaCount": 9,
-   "averageScore": 3.1,
-   "averageTarget": 4.4,
+   "averageScore": 3,
+   "averageTarget": 4,
    "axisName": "Digital Processes",
-   "gap": 1.3,
+   "gap": 1,
  }

 ❯ server/src/services/assessment/__tests__/drdAxisAggregation.test.ts:49:23
     47|     const axes = buildDrdAxesData(answersFrom(areas));
     48|     expect(Object.keys(axes).sort()).toEqual(['1', '7']);
     49|     expect(axes['1']).toMatchObject({
       |                       ^
     50|       axisName: DRD_AXIS_NAMES['1'],
     51|       areaCount: 9,

⎯⎯⎯⎯⎯⎯⎯⎯⎯⎯⎯⎯⎯⎯⎯⎯⎯⎯⎯⎯⎯⎯⎯⎯[1/2]⎯

 FAIL  server/src/services/assessment/__tests__/drdAxisAggregation.test.ts > drdAxisAggregation — deriveAssessmentScores (Wpis 89) > kształt legacy `scores`: osie 1-7, maxScore/fullMark 7, overallScore = średnia osi
AssertionError: expected { axisId: '1', …(6) } to deeply equal { axisId: '1', …(6) }

- Expected
+ Received

  {
    "axisId": "1",
    "axisName": "Digital Processes",
    "fullMark": 7,
-   "gap": 1.3,
+   "gap": 1,
    "maxScore": 7,
-   "score": 3.1,
-   "target": 4.4,
+   "score": 3,
+   "target": 4,
  }

 ❯ server/src/services/assessment/__tests__/drdAxisAggregation.test.ts:105:29
    103|     expect(scores).not.toBeNull();
    104|     expect(scores?.axes).toHaveLength(2);
    105|     expect(scores?.axes[0]).toEqual({
       |                             ^
    106|       axisId: '1',
    107|       axisName: 'Digital Processes',

⎯⎯⎯⎯⎯⎯⎯⎯⎯⎯⎯⎯⎯⎯⎯⎯⎯⎯⎯⎯⎯⎯⎯⎯[2/2]⎯


 Test Files  1 failed (1)
      Tests  2 failed | 5 passed (7)
   Start at  19:05:51
   Duration  500ms (transform 67ms, setup 130ms, import 11ms, tests 26ms, environment 249ms)


⎯⎯⎯⎯⎯⎯⎯ Failed Tests 2 ⎯⎯⎯⎯⎯⎯⎯

 FAIL  server/src/services/assessment/__tests__/drdAxisAggregation.test.ts > drdAxisAggregation — buildDrdAxesData (Wpis 89) > grupuje po prefiksie osi i liczy średnie z realnych poziomów sesji NW
AssertionError: expected { …(6) } to match object { axisName: 'Digital Processes', …(4) }
(10 matching properties omitted from actual)

- Expected
+ Received

  {
    "areaCount": 9,
-   "averageScore": 3.1,
-   "averageTarget": 4.4,
+   "averageScore": 3,
+   "averageTarget": 4,
    "axisName": "Digital Processes",
-   "gap": 1.3,
+   "gap": 1,
  }

 ❯ server/src/services/assessment/__tests__/drdAxisAggregation.test.ts:49:23
     47|     const axes = buildDrdAxesData(answersFrom(areas));
     48|     expect(Object.keys(axes).sort()).toEqual(['1', '7']);
     49|     expect(axes['1']).toMatchObject({
       |                       ^
     50|       axisName: DRD_AXIS_NAMES['1'],
     51|       areaCount: 9,

⎯⎯⎯⎯⎯⎯⎯⎯⎯⎯⎯⎯⎯⎯⎯⎯⎯⎯⎯⎯⎯⎯⎯⎯[1/2]⎯

 FAIL  server/src/services/assessment/__tests__/drdAxisAggregation.test.ts > drdAxisAggregation — deriveAssessmentScores (Wpis 89) > kształt legacy `scores`: osie 1-7, maxScore/fullMark 7, overallScore = średnia osi
AssertionError: expected { axisId: '1', …(6) } to deeply equal { axisId: '1', …(6) }

- Expected
+ Received

  {
    "axisId": "1",
    "axisName": "Digital Processes",
    "fullMark": 7,
-   "gap": 1.3,
+   "gap": 1,
    "maxScore": 7,
-   "score": 3.1,
-   "target": 4.4,
+   "score": 3,
+   "target": 4,
  }

 ❯ server/src/services/assessment/__tests__/drdAxisAggregation.test.ts:105:29
    103|     expect(scores).not.toBeNull();
    104|     expect(scores?.axes).toHaveLength(2);
    105|     expect(scores?.axes[0]).toEqual({
       |                             ^
    106|       axisId: '1',
    107|       axisName: 'Digital Processes',

⎯⎯⎯⎯⎯⎯⎯⎯⎯⎯⎯⎯⎯⎯⎯⎯⎯⎯⎯⎯⎯⎯⎯⎯[2/2]⎯


 Test Files  1 failed (1)
      Tests  2 failed | 5 passed (7)
   Start at  19:05:51
   Duration  504ms (transform 67ms, setup 130ms, import 11ms, tests 26ms, environment 249ms)

JSON report written to /Users/piotrwisniewski/Developer/qoder-wt/consultify-b/junit.xml
JUNIT report written to /Users/piotrwisniewski/Developer/qoder-wt/consultify-b/junit.xml
