=== TEST 16a: duplicate submit — 1. wywolanie POST /sessions z Idempotency-Key=a9-dup-test-fixed-key-001 ===
HTTP/1.1 201 Created
Cross-Origin-Opener-Policy: same-origin
Cross-Origin-Resource-Policy: same-site
Origin-Agent-Cluster: ?1
Referrer-Policy: strict-origin-when-cross-origin
Strict-Transport-Security: max-age=31536000; includeSubDomains; preload
X-Content-Type-Options: nosniff
X-DNS-Prefetch-Control: off
X-Download-Options: noopen
X-Frame-Options: DENY
X-Permitted-Cross-Domain-Policies: none
X-XSS-Protection: 0
Vary: Origin, Accept-Encoding
Access-Control-Allow-Credentials: true
X-Correlation-ID: 84195e24-8005-4e5c-9183-51373f7ade7a
Content-Type: application/json; charset=utf-8
Content-Length: 803
ETag: W/"323-Pgo3/f5JCjfEKDTziCj/2IQZ9GI"
Date: Thu, 13 Aug 2026 13:13:14 GMT
Connection: keep-alive
Keep-Alive: timeout=5

{"session":{"id":"4a903468-ba62-4bb2-8fe1-d11446feac71","organizationId":"a9-org","projectId":null,"module":"assessment","methodPackId":"drd","methodPackVersion":"2.0.0-methodpack.1","state":"draft","domainStage":null,"mode":"guided_manual","ownerUserId":"a9-user","createdAt":"2026-08-13T13:13:14.084Z","updatedAt":"2026-08-13T13:13:14.084Z","version":1,"frozenSnapshotId":null,"revisionOfSessionId":null},"idempotentReplay":false,"demoBypassActive":true,"demoBypassNotice":"Sesja utworzona z pominięciem bramki gotowości packa (demo bypass) — pack NIE jest released/pilot. To jest ŚCIEŻKA DEMONSTRACYJNA, wyłączona strukturalnie na produkcji i domyślnie wyłączona wszędzie indziej. Gotowość packa (method_packs.readiness) nie została i nie może zostać przez ten mechanizm zmieniona."}
=== TEST 16a: 2. TO SAMO Idempotency-Key ponownie (retry-bez-duplikatu) ===
HTTP/1.1 200 OK
Cross-Origin-Opener-Policy: same-origin
Cross-Origin-Resource-Policy: same-site
Origin-Agent-Cluster: ?1
Referrer-Policy: strict-origin-when-cross-origin
Strict-Transport-Security: max-age=31536000; includeSubDomains; preload
X-Content-Type-Options: nosniff
X-DNS-Prefetch-Control: off
X-Download-Options: noopen
X-Frame-Options: DENY
X-Permitted-Cross-Domain-Policies: none
X-XSS-Protection: 0
Vary: Origin, Accept-Encoding
Access-Control-Allow-Credentials: true
X-Correlation-ID: 6b646d77-0794-41d7-a039-02e79b43d0ea
Content-Type: application/json; charset=utf-8
Content-Length: 431
ETag: W/"1af-uTsIaCAr8L/3t79daSbkuAC/NY8"
Date: Thu, 13 Aug 2026 13:13:14 GMT
Connection: keep-alive
Keep-Alive: timeout=5

{"session":{"id":"4a903468-ba62-4bb2-8fe1-d11446feac71","organizationId":"a9-org","projectId":null,"module":"assessment","methodPackId":"drd","methodPackVersion":"2.0.0-methodpack.1","state":"draft","domainStage":null,"mode":"guided_manual","ownerUserId":"a9-user","createdAt":"2026-08-13T13:13:14.084Z","updatedAt":"2026-08-13T13:13:14.084Z","version":1,"frozenSnapshotId":null,"revisionOfSessionId":null},"idempotentReplay":true}
