=== TEST 16c: unauthorized role — a9-user ma tylko 'owner' na baff6fbc, transition->in_review wymaga lead_assessor|assessor ===
HTTP/1.1 403 Forbidden
Cross-Origin-Opener-Policy: same-origin
Cross-Origin-Resource-Policy: same-site
Origin-Agent-Cluster: ?1
Referrer-Policy: strict-origin-when-cross-origin
Strict-Transport-Security: max-age=31536000; includeSubDomains; preload
X-Content-Type-Options: nosniff
X-DNS-Prefetch-Control: off
X-Download-Options: noopen
X-Frame-Options: DENY
X-Permitted-Cross-Domain-Policies: none
X-XSS-Protection: 0
Vary: Origin, Accept-Encoding
Access-Control-Allow-Credentials: true
X-Correlation-ID: 77a4c96d-b404-4192-b502-068f57eeca27
Content-Type: application/json; charset=utf-8
Content-Length: 61
ETag: W/"3d-j4Z+lxLB8P62zGZHDACCKLvm2AQ"
Date: Thu, 13 Aug 2026 13:13:34 GMT
Connection: keep-alive
Keep-Alive: timeout=5

{"error":"missing_permission","requiredRole":"lead_assessor"}
